Archive member included to satisfy reference by file (symbol)

d:/00_programowanie/stm32cubeide_1.4.0/stm32cubeide/plugins/com.st.stm32cube.ide.mcu.externaltools.gnu-tools-for-stm32.9-2020-q2-update.win32_2.0.0.202105311346/tools/bin/../lib/gcc/arm-none-eabi/9.3.1/../../../../arm-none-eabi/lib/thumb/v7e-m+fp/hard\libc_nano.a(lib_a-exit.o)
                              d:/00_programowanie/stm32cubeide_1.4.0/stm32cubeide/plugins/com.st.stm32cube.ide.mcu.externaltools.gnu-tools-for-stm32.9-2020-q2-update.win32_2.0.0.202105311346/tools/bin/../lib/gcc/arm-none-eabi/9.3.1/../../../../arm-none-eabi/lib/thumb/v7e-m+fp/hard/crt0.o (exit)
d:/00_programowanie/stm32cubeide_1.4.0/stm32cubeide/plugins/com.st.stm32cube.ide.mcu.externaltools.gnu-tools-for-stm32.9-2020-q2-update.win32_2.0.0.202105311346/tools/bin/../lib/gcc/arm-none-eabi/9.3.1/../../../../arm-none-eabi/lib/thumb/v7e-m+fp/hard\libc_nano.a(lib_a-impure.o)
                              d:/00_programowanie/stm32cubeide_1.4.0/stm32cubeide/plugins/com.st.stm32cube.ide.mcu.externaltools.gnu-tools-for-stm32.9-2020-q2-update.win32_2.0.0.202105311346/tools/bin/../lib/gcc/arm-none-eabi/9.3.1/../../../../arm-none-eabi/lib/thumb/v7e-m+fp/hard\libc_nano.a(lib_a-exit.o) (_global_impure_ptr)
d:/00_programowanie/stm32cubeide_1.4.0/stm32cubeide/plugins/com.st.stm32cube.ide.mcu.externaltools.gnu-tools-for-stm32.9-2020-q2-update.win32_2.0.0.202105311346/tools/bin/../lib/gcc/arm-none-eabi/9.3.1/../../../../arm-none-eabi/lib/thumb/v7e-m+fp/hard\libc_nano.a(lib_a-init.o)
                              d:/00_programowanie/stm32cubeide_1.4.0/stm32cubeide/plugins/com.st.stm32cube.ide.mcu.externaltools.gnu-tools-for-stm32.9-2020-q2-update.win32_2.0.0.202105311346/tools/bin/../lib/gcc/arm-none-eabi/9.3.1/../../../../arm-none-eabi/lib/thumb/v7e-m+fp/hard/crt0.o (__libc_init_array)
d:/00_programowanie/stm32cubeide_1.4.0/stm32cubeide/plugins/com.st.stm32cube.ide.mcu.externaltools.gnu-tools-for-stm32.9-2020-q2-update.win32_2.0.0.202105311346/tools/bin/../lib/gcc/arm-none-eabi/9.3.1/../../../../arm-none-eabi/lib/thumb/v7e-m+fp/hard\libc_nano.a(lib_a-itoa.o)
                              ./Core/Src/libs/SW_GRAPHICS/text.o (itoa)
d:/00_programowanie/stm32cubeide_1.4.0/stm32cubeide/plugins/com.st.stm32cube.ide.mcu.externaltools.gnu-tools-for-stm32.9-2020-q2-update.win32_2.0.0.202105311346/tools/bin/../lib/gcc/arm-none-eabi/9.3.1/../../../../arm-none-eabi/lib/thumb/v7e-m+fp/hard\libc_nano.a(lib_a-memset.o)
                              d:/00_programowanie/stm32cubeide_1.4.0/stm32cubeide/plugins/com.st.stm32cube.ide.mcu.externaltools.gnu-tools-for-stm32.9-2020-q2-update.win32_2.0.0.202105311346/tools/bin/../lib/gcc/arm-none-eabi/9.3.1/../../../../arm-none-eabi/lib/thumb/v7e-m+fp/hard/crt0.o (memset)
d:/00_programowanie/stm32cubeide_1.4.0/stm32cubeide/plugins/com.st.stm32cube.ide.mcu.externaltools.gnu-tools-for-stm32.9-2020-q2-update.win32_2.0.0.202105311346/tools/bin/../lib/gcc/arm-none-eabi/9.3.1/../../../../arm-none-eabi/lib/thumb/v7e-m+fp/hard\libc_nano.a(lib_a-strcat.o)
                              ./Core/Src/libs/SW_GRAPHICS/text.o (strcat)
d:/00_programowanie/stm32cubeide_1.4.0/stm32cubeide/plugins/com.st.stm32cube.ide.mcu.externaltools.gnu-tools-for-stm32.9-2020-q2-update.win32_2.0.0.202105311346/tools/bin/../lib/gcc/arm-none-eabi/9.3.1/../../../../arm-none-eabi/lib/thumb/v7e-m+fp/hard\libc_nano.a(lib_a-strlen.o)
                              ./Core/Src/libs/sw_ltoa.o (strlen)
d:/00_programowanie/stm32cubeide_1.4.0/stm32cubeide/plugins/com.st.stm32cube.ide.mcu.externaltools.gnu-tools-for-stm32.9-2020-q2-update.win32_2.0.0.202105311346/tools/bin/../lib/gcc/arm-none-eabi/9.3.1/../../../../arm-none-eabi/lib/thumb/v7e-m+fp/hard\libc_nano.a(lib_a-utoa.o)
                              d:/00_programowanie/stm32cubeide_1.4.0/stm32cubeide/plugins/com.st.stm32cube.ide.mcu.externaltools.gnu-tools-for-stm32.9-2020-q2-update.win32_2.0.0.202105311346/tools/bin/../lib/gcc/arm-none-eabi/9.3.1/../../../../arm-none-eabi/lib/thumb/v7e-m+fp/hard\libc_nano.a(lib_a-itoa.o) (__utoa)
d:/00_programowanie/stm32cubeide_1.4.0/stm32cubeide/plugins/com.st.stm32cube.ide.mcu.externaltools.gnu-tools-for-stm32.9-2020-q2-update.win32_2.0.0.202105311346/tools/bin/../lib/gcc/arm-none-eabi/9.3.1/../../../../arm-none-eabi/lib/thumb/v7e-m+fp/hard\libm.a(lib_a-w_atan2.o)
                              ./Core/Src/REGmain.o (atan2)
d:/00_programowanie/stm32cubeide_1.4.0/stm32cubeide/plugins/com.st.stm32cube.ide.mcu.externaltools.gnu-tools-for-stm32.9-2020-q2-update.win32_2.0.0.202105311346/tools/bin/../lib/gcc/arm-none-eabi/9.3.1/../../../../arm-none-eabi/lib/thumb/v7e-m+fp/hard\libm.a(lib_a-w_sqrt.o)
                              ./Core/Src/REGmain.o (sqrt)
[...]
Memory Configuration

Name             Origin             Length             Attributes
FLASH            0x0000000008000000 0x0000000000020000 xr
RAM              0x0000000020000000 0x000000000000a000 xrw
*default*        0x0000000000000000 0xffffffffffffffff

Linker script and memory map

LOAD d:/00_programowanie/stm32cubeide_1.4.0/stm32cubeide/plugins/com.st.stm32cube.ide.mcu.externaltools.gnu-tools-for-stm32.9-2020-q2-update.win32_2.0.0.202105311346/tools/bin/../lib/gcc/arm-none-eabi/9.3.1/thumb/v7e-m+fp/hard/crti.o
LOAD d:/00_programowanie/stm32cubeide_1.4.0/stm32cubeide/plugins/com.st.stm32cube.ide.mcu.externaltools.gnu-tools-for-stm32.9-2020-q2-update.win32_2.0.0.202105311346/tools/bin/../lib/gcc/arm-none-eabi/9.3.1/thumb/v7e-m+fp/hard/crtbegin.o
LOAD d:/00_programowanie/stm32cubeide_1.4.0/stm32cubeide/plugins/com.st.stm32cube.ide.mcu.externaltools.gnu-tools-for-stm32.9-2020-q2-update.win32_2.0.0.202105311346/tools/bin/../lib/gcc/arm-none-eabi/9.3.1/../../../../arm-none-eabi/lib/thumb/v7e-m+fp/hard/crt0.o
LOAD ./Core/Src/REGmain.o
LOAD ./Core/Src/stm32l4xx_it.o
LOAD ./Core/Src/system_stm32l4xx.o
LOAD ./Core/Src/libs/KalmanFilter.o
LOAD ./Core/Src/libs/VL53L0X.o
LOAD ./Core/Src/libs/gpio.o
LOAD ./Core/Src/libs/spi.o
LOAD ./Core/Src/libs/sw_ADXL345.o
LOAD ./Core/Src/libs/sw_APDS9960.o
LOAD ./Core/Src/libs/sw_i2c_simple_v2.o
LOAD ./Core/Src/libs/sw_ltoa.o
LOAD ./Core/Src/libs/sw_mpu6050.o
LOAD ./Core/Src/libs/sw_rcc.o
LOAD ./Core/Src/libs/sw_vcnl4010.o
LOAD ./Core/Src/libs/MK_GESTURE_PAJ7620/mk_paj7620.o
LOAD ./Core/Src/libs/SW_BOARD/sw_gpio.o
LOAD ./Core/Src/libs/SW_BOARD/sw_led_blink_debug.o
LOAD ./Core/Src/libs/SW_GRAPHICS/SW_FONTS/Arial6pt_var.o
LOAD ./Core/Src/libs/SW_GRAPHICS/SW_FONTS/ArialBlack_Digits_15x20_fixed.o
LOAD ./Core/Src/libs/SW_GRAPHICS/SW_FONTS/ArialBlack_Digits_21x27_fixed.o
LOAD ./Core/Src/libs/SW_GRAPHICS/SW_FONTS/Calibri22pt_var.o
LOAD ./Core/Src/libs/SW_GRAPHICS/SW_FONTS/Fixedsys_Digits_18x27_fixed.o
LOAD ./Core/Src/libs/SW_GRAPHICS/SW_FONTS/Impact_Digits_21x27_fixed.o
LOAD ./Core/Src/libs/SW_GRAPHICS/SW_FONTS/LCD_5x8.o
LOAD ./Core/Src/libs/SW_GRAPHICS/SW_FONTS/MagicMatrix_3x5_numbers.o
LOAD ./Core/Src/libs/SW_GRAPHICS/SW_FONTS/MagicMatrix_3x7_numbers.o
LOAD ./Core/Src/libs/SW_GRAPHICS/SW_FONTS/MicrosoftSansSerif8ptFont_pl.o
LOAD ./Core/Src/libs/SW_GRAPHICS/SW_FONTS/PMingLiU_ExtB20pt_bolditalic_fixed.o
LOAD ./Core/Src/libs/SW_GRAPHICS/SW_FONTS/PMingLiU_ExtB20pt_bolditalic_tighest.o
LOAD ./Core/Src/libs/SW_GRAPHICS/SW_FONTS/Simon_Digits_10x17_fixed.o
LOAD ./Core/Src/libs/SW_GRAPHICS/SW_FONTS/Simon_Digits_16x29_fixed.o
LOAD ./Core/Src/libs/SW_GRAPHICS/SW_FONTS/Simon_Digits_17x27_fixed.o
LOAD ./Core/Src/libs/SW_GRAPHICS/SW_FONTS/Simon_Digits_8x15_fixed.o
LOAD ./Core/Src/libs/SW_GRAPHICS/SW_FONTS/Simon_Digits_8x15_fixed_v2.o
LOAD ./Core/Src/libs/SW_GRAPHICS/SW_FONTS/Simon_Digits_8x15_fixed_v3.o
LOAD ./Core/Src/libs/SW_GRAPHICS/SW_FONTS/SubwayTicker32ptFontInfo.o
LOAD ./Core/Src/libs/SW_GRAPHICS/SW_FONTS/Terminal_Digits_11x27_fixed.o
LOAD ./Core/Src/libs/SW_GRAPHICS/SW_FONTS/Terminal_Digits_8x18_fixed.o
LOAD ./Core/Src/libs/SW_GRAPHICS/SW_FONTS/Unispace_Digits_18x27_fixed.o
LOAD ./Core/Src/libs/SW_GRAPHICS/SW_SSD1306/framebuffer.o
LOAD ./Core/Src/libs/SW_GRAPHICS/SW_SSD1306/sw_ssd1306_v1.o
LOAD ./Core/Src/libs/SW_GRAPHICS/displays.o
LOAD ./Core/Src/libs/SW_GRAPHICS/fonts_pl.o
LOAD ./Core/Src/libs/SW_GRAPHICS/text.o
LOAD ./Core/Src/libs/SW_STM_PERIPHS/sw_dma.o
LOAD ./Core/Src/libs/SW_STM_PERIPHS/sw_spi.v2.o
LOAD ./Core/Src/libs/SW_TIMERS/sw_soft_timers.o
LOAD ./Core/Startup/startup_stm32l412kbux.o
START GROUP
LOAD d:/00_programowanie/stm32cubeide_1.4.0/stm32cubeide/plugins/com.st.stm32cube.ide.mcu.externaltools.gnu-tools-for-stm32.9-2020-q2-update.win32_2.0.0.202105311346/tools/bin/../lib/gcc/arm-none-eabi/9.3.1/../../../../arm-none-eabi/lib/thumb/v7e-m+fp/hard\libc_nano.a
LOAD d:/00_programowanie/stm32cubeide_1.4.0/stm32cubeide/plugins/com.st.stm32cube.ide.mcu.externaltools.gnu-tools-for-stm32.9-2020-q2-update.win32_2.0.0.202105311346/tools/bin/../lib/gcc/arm-none-eabi/9.3.1/../../../../arm-none-eabi/lib/thumb/v7e-m+fp/hard\libm.a
END GROUP
START GROUP
LOAD d:/00_programowanie/stm32cubeide_1.4.0/stm32cubeide/plugins/com.st.stm32cube.ide.mcu.externaltools.gnu-tools-for-stm32.9-2020-q2-update.win32_2.0.0.202105311346/tools/bin/../lib/gcc/arm-none-eabi/9.3.1/thumb/v7e-m+fp/hard\libgcc.a
LOAD d:/00_programowanie/stm32cubeide_1.4.0/stm32cubeide/plugins/com.st.stm32cube.ide.mcu.externaltools.gnu-tools-for-stm32.9-2020-q2-update.win32_2.0.0.202105311346/tools/bin/../lib/gcc/arm-none-eabi/9.3.1/../../../../arm-none-eabi/lib/thumb/v7e-m+fp/hard\libc_nano.a
END GROUP
START GROUP
LOAD d:/00_programowanie/stm32cubeide_1.4.0/stm32cubeide/plugins/com.st.stm32cube.ide.mcu.externaltools.gnu-tools-for-stm32.9-2020-q2-update.win32_2.0.0.202105311346/tools/bin/../lib/gcc/arm-none-eabi/9.3.1/thumb/v7e-m+fp/hard\libgcc.a
LOAD d:/00_programowanie/stm32cubeide_1.4.0/stm32cubeide/plugins/com.st.stm32cube.ide.mcu.externaltools.gnu-tools-for-stm32.9-2020-q2-update.win32_2.0.0.202105311346/tools/bin/../lib/gcc/arm-none-eabi/9.3.1/../../../../arm-none-eabi/lib/thumb/v7e-m+fp/hard\libc_nano.a
LOAD d:/00_programowanie/stm32cubeide_1.4.0/stm32cubeide/plugins/com.st.stm32cube.ide.mcu.externaltools.gnu-tools-for-stm32.9-2020-q2-update.win32_2.0.0.202105311346/tools/bin/../lib/gcc/arm-none-eabi/9.3.1/../../../../arm-none-eabi/lib/thumb/v7e-m+fp/hard\libnosys.a
END GROUP
START GROUP
LOAD d:/00_programowanie/stm32cubeide_1.4.0/stm32cubeide/plugins/com.st.stm32cube.ide.mcu.externaltools.gnu-tools-for-stm32.9-2020-q2-update.win32_2.0.0.202105311346/tools/bin/../lib/gcc/arm-none-eabi/9.3.1/thumb/v7e-m+fp/hard\libgcc.a
LOAD d:/00_programowanie/stm32cubeide_1.4.0/stm32cubeide/plugins/com.st.stm32cube.ide.mcu.externaltools.gnu-tools-for-stm32.9-2020-q2-update.win32_2.0.0.202105311346/tools/bin/../lib/gcc/arm-none-eabi/9.3.1/../../../../arm-none-eabi/lib/thumb/v7e-m+fp/hard\libc_nano.a
LOAD d:/00_programowanie/stm32cubeide_1.4.0/stm32cubeide/plugins/com.st.stm32cube.ide.mcu.externaltools.gnu-tools-for-stm32.9-2020-q2-update.win32_2.0.0.202105311346/tools/bin/../lib/gcc/arm-none-eabi/9.3.1/../../../../arm-none-eabi/lib/thumb/v7e-m+fp/hard\libnosys.a
END GROUP
LOAD d:/00_programowanie/stm32cubeide_1.4.0/stm32cubeide/plugins/com.st.stm32cube.ide.mcu.externaltools.gnu-tools-for-stm32.9-2020-q2-update.win32_2.0.0.202105311346/tools/bin/../lib/gcc/arm-none-eabi/9.3.1/thumb/v7e-m+fp/hard/crtend.o
LOAD d:/00_programowanie/stm32cubeide_1.4.0/stm32cubeide/plugins/com.st.stm32cube.ide.mcu.externaltools.gnu-tools-for-stm32.9-2020-q2-update.win32_2.0.0.202105311346/tools/bin/../lib/gcc/arm-none-eabi/9.3.1/thumb/v7e-m+fp/hard/crtn.o
                0x000000002000a000                _estack = 0x2000a000
                0x0000000000000200                _Min_Heap_Size = 0x200
                0x0000000000000400                _Min_Stack_Size = 0x400

.isr_vector     0x0000000008000000      0x190
                0x0000000008000000                . = ALIGN (0x8)
 *(.isr_vector)
 .isr_vector    0x0000000008000000      0x18c ./Core/Startup/startup_stm32l412kbux.o
                0x0000000008000000                g_pfnVectors
                0x0000000008000190                . = ALIGN (0x8)
 *fill*         0x000000000800018c        0x4 

.text           0x0000000008000190     0x4d00
                0x0000000008000190                . = ALIGN (0x8)
 *(.text)
 .text          0x0000000008000190       0x40 d:/00_programowanie/stm32cubeide_1.4.0/stm32cubeide/plugins/com.st.stm32cube.ide.mcu.externaltools.gnu-tools-for-stm32.9-2020-q2-update.win32_2.0.0.202105311346/tools/bin/../lib/gcc/arm-none-eabi/9.3.1/thumb/v7e-m+fp/hard/crtbegin.o
 .text          0x00000000080001d0      0x378 d:/00_programowanie/stm32cubeide_1.4.0/stm32cubeide/plugins/com.st.stm32cube.ide.mcu.externaltools.gnu-tools-for-stm32.9-2020-q2-update.win32_2.0.0.202105311346/tools/bin/../lib/gcc/arm-none-eabi/9.3.1/thumb/v7e-m+fp/hard\libgcc.a(_arm_addsubdf3.o)
                0x00000000080001d0                __aeabi_drsub
                0x00000000080001d8                __aeabi_dsub
                0x00000000080001d8                __subdf3
                0x00000000080001dc                __aeabi_dadd
                0x00000000080001dc                __adddf3
                0x0000000008000454                __floatunsidf
                0x0000000008000454                __aeabi_ui2d
                0x0000000008000474                __floatsidf
                0x0000000008000474                __aeabi_i2d
                0x0000000008000498                __aeabi_f2d
                0x0000000008000498                __extendsfdf2
                0x00000000080004dc                __floatundidf
                0x00000000080004dc                __aeabi_ul2d
                0x00000000080004ec                __floatdidf
                0x00000000080004ec                __aeabi_l2d
 .text          0x0000000008000548      0x424 d:/00_programowanie/stm32cubeide_1.4.0/stm32cubeide/plugins/com.st.stm32cube.ide.mcu.externaltools.gnu-tools-for-stm32.9-2020-q2-update.win32_2.0.0.202105311346/tools/bin/../lib/gcc/arm-none-eabi/9.3.1/thumb/v7e-m+fp/hard\libgcc.a(_arm_muldivdf3.o)
                0x0000000008000548                __aeabi_dmul
                0x0000000008000548                __muldf3
                0x000000000800079c                __divdf3
                0x000000000800079c                __aeabi_ddiv
 .text          0x000000000800096c      0x110 d:/00_programowanie/stm32cubeide_1.4.0/stm32cubeide/plugins/com.st.stm32cube.ide.mcu.externaltools.gnu-tools-for-stm32.9-2020-q2-update.win32_2.0.0.202105311346/tools/bin/../lib/gcc/arm-none-eabi/9.3.1/thumb/v7e-m+fp/hard\libgcc.a(_arm_cmpdf2.o)
                0x000000000800096c                __gtdf2
                0x000000000800096c                __gedf2
                0x0000000008000974                __ltdf2
                0x0000000008000974                __ledf2
                0x000000000800097c                __nedf2
                0x000000000800097c                __eqdf2
                0x000000000800097c                __cmpdf2
                0x00000000080009f8                __aeabi_cdrcmple
                0x0000000008000a08                __aeabi_cdcmpeq
                0x0000000008000a08                __aeabi_cdcmple
                0x0000000008000a18                __aeabi_dcmpeq
                0x0000000008000a2c                __aeabi_dcmplt
                0x0000000008000a40                __aeabi_dcmple
                0x0000000008000a54                __aeabi_dcmpge
                0x0000000008000a68                __aeabi_dcmpgt
 .text          0x0000000008000a7c       0x2c d:/00_programowanie/stm32cubeide_1.4.0/stm32cubeide/plugins/com.st.stm32cube.ide.mcu.externaltools.gnu-tools-for-stm32.9-2020-q2-update.win32_2.0.0.202105311346/tools/bin/../lib/gcc/arm-none-eabi/9.3.1/thumb/v7e-m+fp/hard\libgcc.a(_arm_unorddf2.o)
                0x0000000008000a7c                __unorddf2
                0x0000000008000a7c                __aeabi_dcmpun
 .text          0x0000000008000aa8       0x50 d:/00_programowanie/stm32cubeide_1.4.0/stm32cubeide/plugins/com.st.stm32cube.ide.mcu.externaltools.gnu-tools-for-stm32.9-2020-q2-update.win32_2.0.0.202105311346/tools/bin/../lib/gcc/arm-none-eabi/9.3.1/thumb/v7e-m+fp/hard\libgcc.a(_arm_fixdfsi.o)
                0x0000000008000aa8                __aeabi_d2iz
                0x0000000008000aa8                __fixdfsi
 .text          0x0000000008000af8       0xa0 d:/00_programowanie/stm32cubeide_1.4.0/stm32cubeide/plugins/com.st.stm32cube.ide.mcu.externaltools.gnu-tools-for-stm32.9-2020-q2-update.win32_2.0.0.202105311346/tools/bin/../lib/gcc/arm-none-eabi/9.3.1/thumb/v7e-m+fp/hard\libgcc.a(_arm_truncdfsf2.o)
                0x0000000008000af8                __truncdfsf2
                0x0000000008000af8                __aeabi_d2f
 *(.text*)
 .text.main     0x0000000008000b98       0xac ./Core/Src/REGmain.o
                0x0000000008000b98                main
 .text.srednia1
                0x0000000008000c44       0x8c ./Core/Src/REGmain.o
 .text.mpu6050_test_init
                0x0000000008000cd0       0x22 ./Core/Src/REGmain.o
                0x0000000008000cd0                mpu6050_test_init
 *fill*         0x0000000008000cf2        0x6 
 .text.mpu6050_test_loop
                0x0000000008000cf8      0x158 ./Core/Src/REGmain.o
                0x0000000008000cf8                mpu6050_test_loop
 .text.srednia2
                0x0000000008000e50       0x80 ./Core/Src/REGmain.o
 .text.pomiar   0x0000000008000ed0       0x80 ./Core/Src/REGmain.o
                0x0000000008000ed0                pomiar
 .text.my_gesture
                0x0000000008000f50       0x1e ./Core/Src/REGmain.o
                0x0000000008000f50                my_gesture
 .text.NMI_Handler
                0x0000000008000f6e        0x6 ./Core/Src/stm32l4xx_it.o
                0x0000000008000f6e                NMI_Handler
 .text.HardFault_Handler
                0x0000000008000f74        0x6 ./Core/Src/stm32l4xx_it.o
                0x0000000008000f74                HardFault_Handler
 .text.MemManage_Handler
                0x0000000008000f7a        0x6 ./Core/Src/stm32l4xx_it.o
                0x0000000008000f7a                MemManage_Handler
 .text.BusFault_Handler
                0x0000000008000f80        0x6 ./Core/Src/stm32l4xx_it.o
                0x0000000008000f80                BusFault_Handler
 .text.UsageFault_Handler
                0x0000000008000f86        0x6 ./Core/Src/stm32l4xx_it.o
                0x0000000008000f86                UsageFault_Handler
 .text.SVC_Handler
                0x0000000008000f8c        0xe ./Core/Src/stm32l4xx_it.o
                0x0000000008000f8c                SVC_Handler
 .text.DebugMon_Handler
                0x0000000008000f9a        0xe ./Core/Src/stm32l4xx_it.o
                0x0000000008000f9a                DebugMon_Handler
 .text.PendSV_Handler
                0x0000000008000fa8        0xe ./Core/Src/stm32l4xx_it.o
                0x0000000008000fa8                PendSV_Handler
 *fill*         0x0000000008000fb6        0x2 
 .text.SystemInit
                0x0000000008000fb8       0x64 ./Core/Src/system_stm32l4xx.o
                0x0000000008000fb8                SystemInit
 .text.SystemCoreClockUpdate
                0x000000000800101c      0x15c ./Core/Src/system_stm32l4xx.o
                0x000000000800101c                SystemCoreClockUpdate
 .text.sw_i2c_write_buff
                0x0000000008001178       0xb8 ./Core/Src/libs/sw_i2c_simple_v2.o
 .text.sw_i2c_read_buff
                0x0000000008001230       0x7c ./Core/Src/libs/sw_i2c_simple_v2.o
 .text.sw_i2c_write_byte
                0x00000000080012ac      0x18c ./Core/Src/libs/sw_i2c_simple_v2.o
 .text.sw_i2c_write_bulk
                0x0000000008001438      0x2f8 ./Core/Src/libs/sw_i2c_simple_v2.o
                0x0000000008001438                sw_i2c_write_bulk
 .text.sw_i2c_read_bulk
                0x0000000008001730      0x1dc ./Core/Src/libs/sw_i2c_simple_v2.o
                0x0000000008001730                sw_i2c_read_bulk
 .text.sw_i2c_write_reg8
                0x000000000800190c      0x220 ./Core/Src/libs/sw_i2c_simple_v2.o
                0x000000000800190c                sw_i2c_write_reg8
 .text.sw_i2c_read_reg8
                0x0000000008001b2c      0x288 ./Core/Src/libs/sw_i2c_simple_v2.o
                0x0000000008001b2c                sw_i2c_read_reg8
 .text.sw_i2c_read_reg16
                0x0000000008001db4      0x2e0 ./Core/Src/libs/sw_i2c_simple_v2.o
                0x0000000008001db4                sw_i2c_read_reg16
 .text.sw_i2c_simple_init
                0x0000000008002094       0xdc ./Core/Src/libs/sw_i2c_simple_v2.o
                0x0000000008002094                sw_i2c_simple_init
 .text.sw_i2c_IsDeviceReady
                0x0000000008002170       0xa4 ./Core/Src/libs/sw_i2c_simple_v2.o
                0x0000000008002170                sw_i2c_IsDeviceReady
 .text.MPU6050__fastRegister8
                0x0000000008002214       0x2c ./Core/Src/libs/sw_mpu6050.o
 .text.MPU6050__readRegister8
                0x0000000008002240       0x2c ./Core/Src/libs/sw_mpu6050.o
 .text.MPU6050__writeRegister8
                0x000000000800226c       0x2a ./Core/Src/libs/sw_mpu6050.o
 .text.MPU6050__readRegister16
                0x0000000008002296       0x2e ./Core/Src/libs/sw_mpu6050.o
 .text.MPU6050__writeRegisterBit
                0x00000000080022c4       0x66 ./Core/Src/libs/sw_mpu6050.o
 *fill*         0x000000000800232a        0x2 
 .text.MPU6050__init
                0x000000000800232c       0x94 ./Core/Src/libs/sw_mpu6050.o
                0x000000000800232c                MPU6050__init
 .text.MPU6050__setScale
                0x00000000080023c0       0x94 ./Core/Src/libs/sw_mpu6050.o
                0x00000000080023c0                MPU6050__setScale
 .text.MPU6050__setRange
                0x0000000008002454       0x94 ./Core/Src/libs/sw_mpu6050.o
                0x0000000008002454                MPU6050__setRange
 .text.MPU6050__setClockSource
                0x00000000080024e8       0x36 ./Core/Src/libs/sw_mpu6050.o
                0x00000000080024e8                MPU6050__setClockSource
 .text.MPU6050__setSleepEnabled
                0x000000000800251e       0x1e ./Core/Src/libs/sw_mpu6050.o
                0x000000000800251e                MPU6050__setSleepEnabled
 .text.MPU6050__readRawAccel
                0x000000000800253c      0x108 ./Core/Src/libs/sw_mpu6050.o
                0x000000000800253c                MPU6050__readRawAccel
 .text.MPU6050__readNormalizeAccel
                0x0000000008002644       0xa4 ./Core/Src/libs/sw_mpu6050.o
                0x0000000008002644                MPU6050__readNormalizeAccel
 .text.MPU6050__readTemperature
                0x00000000080026e8       0x64 ./Core/Src/libs/sw_mpu6050.o
                0x00000000080026e8                MPU6050__readTemperature
 .text.__NVIC_SetPriority
                0x000000000800274c       0x54 ./Core/Src/libs/sw_rcc.o
 .text.SysTick_Config
                0x00000000080027a0       0x44 ./Core/Src/libs/sw_rcc.o
 .text.SystemClock_Config
                0x00000000080027e4      0x1ac ./Core/Src/libs/sw_rcc.o
                0x00000000080027e4                SystemClock_Config
 .text.__NVIC_EnableIRQ
                0x0000000008002990       0x3c ./Core/Src/libs/sw_vcnl4010.o
 .text.sw_hardware_TWI_write_buf
                0x00000000080029cc       0x2e ./Core/Src/libs/sw_vcnl4010.o
 .text.vcnl4010_write_reg
                0x00000000080029fa       0x2a ./Core/Src/libs/sw_vcnl4010.o
 .text.vcnl4010_read_reg
                0x0000000008002a24       0x26 ./Core/Src/libs/sw_vcnl4010.o
 *fill*         0x0000000008002a4a        0x2 
 .text.register_measure_callback
                0x0000000008002a4c       0x20 ./Core/Src/libs/sw_vcnl4010.o
                0x0000000008002a4c                register_measure_callback
 .text.vcnl4010_set_led_current
                0x0000000008002a6c       0x26 ./Core/Src/libs/sw_vcnl4010.o
                0x0000000008002a6c                vcnl4010_set_led_current
 .text.vcnl4010_set_frequency
                0x0000000008002a92       0x46 ./Core/Src/libs/sw_vcnl4010.o
                0x0000000008002a92                vcnl4010_set_frequency
 .text.vcnl_set_threshold
                0x0000000008002ad8       0x4c ./Core/Src/libs/sw_vcnl4010.o
 .text.vcnl4010_init
                0x0000000008002b24       0xa0 ./Core/Src/libs/sw_vcnl4010.o
                0x0000000008002b24                vcnl4010_init
 .text.EXTI3_IRQHandler
                0x0000000008002bc4       0x24 ./Core/Src/libs/sw_vcnl4010.o
                0x0000000008002bc4                EXTI3_IRQHandler
 .text.__NVIC_EnableIRQ
                0x0000000008002be8       0x3c ./Core/Src/libs/MK_GESTURE_PAJ7620/mk_paj7620.o
 .text.paj7620_write_reg
                0x0000000008002c24       0x2a ./Core/Src/libs/MK_GESTURE_PAJ7620/mk_paj7620.o
 .text.paj7620_read_reg
                0x0000000008002c4e       0x2e ./Core/Src/libs/MK_GESTURE_PAJ7620/mk_paj7620.o
 .text.paj7620_bank_select
                0x0000000008002c7c       0x1a ./Core/Src/libs/MK_GESTURE_PAJ7620/mk_paj7620.o
 *fill*         0x0000000008002c96        0x2 
 .text.paj_int_config
                0x0000000008002c98       0x58 ./Core/Src/libs/MK_GESTURE_PAJ7620/mk_paj7620.o
 .text.paj7620_init
                0x0000000008002cf0      0x10c ./Core/Src/libs/MK_GESTURE_PAJ7620/mk_paj7620.o
                0x0000000008002cf0                paj7620_init
 .text.register_gesture_callback
                0x0000000008002dfc       0x2c ./Core/Src/libs/MK_GESTURE_PAJ7620/mk_paj7620.o
                0x0000000008002dfc                register_gesture_callback
 .text.gs_set_filter
                0x0000000008002e28       0x20 ./Core/Src/libs/MK_GESTURE_PAJ7620/mk_paj7620.o
                0x0000000008002e28                gs_set_filter
 .text.EXTI2_IRQHandler
                0x0000000008002e48       0x38 ./Core/Src/libs/MK_GESTURE_PAJ7620/mk_paj7620.o
                0x0000000008002e48                EXTI2_IRQHandler
 .text.gpio_pin_cfg
                0x0000000008002e80      0x122 ./Core/Src/libs/SW_BOARD/sw_gpio.o
                0x0000000008002e80                gpio_pin_cfg
 *fill*         0x0000000008002fa2        0x2 
 .text.RCC_gpio_init
                0x0000000008002fa4       0x2c ./Core/Src/libs/SW_BOARD/sw_gpio.o
                0x0000000008002fa4                RCC_gpio_init
 .text.gpio_pin_HI
                0x0000000008002fd0       0x1e ./Core/Src/libs/SW_BOARD/sw_gpio.o
                0x0000000008002fd0                gpio_pin_HI
 .text.gpio_pin_XOR
                0x0000000008002fee       0x24 ./Core/Src/libs/SW_BOARD/sw_gpio.o
                0x0000000008002fee                gpio_pin_XOR
 *fill*         0x0000000008003012        0x2 
 .text.sw_led_off
                0x0000000008003014       0x18 ./Core/Src/libs/SW_BOARD/sw_led_blink_debug.o
                0x0000000008003014                sw_led_off
 .text.sw_led_xor
                0x000000000800302c       0x20 ./Core/Src/libs/SW_BOARD/sw_led_blink_debug.o
                0x000000000800302c                sw_led_xor
 .text.sw_led_blink
                0x000000000800304c        0xc ./Core/Src/libs/SW_BOARD/sw_led_blink_debug.o
                0x000000000800304c                sw_led_blink
 .text.sw_led_debug_init
                0x0000000008003058       0x38 ./Core/Src/libs/SW_BOARD/sw_led_blink_debug.o
                0x0000000008003058                sw_led_debug_init
 .text.sw_led_blinking
                0x0000000008003090       0x44 ./Core/Src/libs/SW_BOARD/sw_led_blink_debug.o
                0x0000000008003090                sw_led_blinking
 .text.__NVIC_EnableIRQ
                0x00000000080030d4       0x3c ./Core/Src/libs/SW_GRAPHICS/SW_SSD1306/sw_ssd1306_v1.o
 .text.WriteCmd
                0x0000000008003110       0x24 ./Core/Src/libs/SW_GRAPHICS/SW_SSD1306/sw_ssd1306_v1.o
 .text.WriteData
                0x0000000008003134       0x24 ./Core/Src/libs/SW_GRAPHICS/SW_SSD1306/sw_ssd1306_v1.o
 .text.sw_display_cls
                0x0000000008003158       0x38 ./Core/Src/libs/SW_GRAPHICS/SW_SSD1306/sw_ssd1306_v1.o
                0x0000000008003158                sw_display_cls
 .text.sw_ssd1306_display
                0x0000000008003190       0x84 ./Core/Src/libs/SW_GRAPHICS/SW_SSD1306/sw_ssd1306_v1.o
                0x0000000008003190                sw_ssd1306_display
 .text.timer16_init
                0x0000000008003214       0x68 ./Core/Src/libs/SW_GRAPHICS/SW_SSD1306/sw_ssd1306_v1.o
 .text.sw_ssd1306_init
                0x000000000800327c       0xf8 ./Core/Src/libs/SW_GRAPHICS/SW_SSD1306/sw_ssd1306_v1.o
                0x000000000800327c                sw_ssd1306_init
 .text.graphic_draw_H_line_RAM
                0x0000000008003374       0x52 ./Core/Src/libs/SW_GRAPHICS/displays.o
                0x0000000008003374                graphic_draw_H_line_RAM
 .text.graphic_fill_rectangle_RAM
                0x00000000080033c6       0x5c ./Core/Src/libs/SW_GRAPHICS/displays.o
                0x00000000080033c6                graphic_fill_rectangle_RAM
 *fill*         0x0000000008003422        0x2 
 .text.polish_letters
                0x0000000008003424       0x4c ./Core/Src/libs/SW_GRAPHICS/fonts_pl.o
                0x0000000008003424                polish_letters
 .text.graphic_draw_char_RAM
                0x0000000008003470      0x27c ./Core/Src/libs/SW_GRAPHICS/text.o
                0x0000000008003470                graphic_draw_char_RAM
 .text.graphic_puts_RAM
                0x00000000080036ec       0xee ./Core/Src/libs/SW_GRAPHICS/text.o
                0x00000000080036ec                graphic_puts_RAM
 .text.graphic_char_to_wide
                0x00000000080037da       0x56 ./Core/Src/libs/SW_GRAPHICS/text.o
                0x00000000080037da                graphic_char_to_wide
 .text.graphic_puts_int_RAM
                0x0000000008003830       0x5c ./Core/Src/libs/SW_GRAPHICS/text.o
                0x0000000008003830                graphic_puts_int_RAM
 .text.graphic_puts_float_RAM
                0x000000000800388c      0x18c ./Core/Src/libs/SW_GRAPHICS/text.o
 .text.TEXT_display_number
                0x0000000008003a18       0x68 ./Core/Src/libs/SW_GRAPHICS/text.o
                0x0000000008003a18                TEXT_display_number
 .text.TEXT_display_float
                0x0000000008003a80       0x64 ./Core/Src/libs/SW_GRAPHICS/text.o
                0x0000000008003a80                TEXT_display_float
 .text.sw_dma_memset_init
                0x0000000008003ae4       0x6c ./Core/Src/libs/SW_STM_PERIPHS/sw_dma.o
                0x0000000008003ae4                sw_dma_memset_init
 .text.DMA1_Channel3_IRQHandler
                0x0000000008003b50       0x5c ./Core/Src/libs/SW_STM_PERIPHS/sw_spi.v2.o
                0x0000000008003b50                DMA1_Channel3_IRQHandler
 .text.DWT_Delay_Init
                0x0000000008003bac       0x60 ./Core/Src/libs/SW_TIMERS/sw_soft_timers.o
                0x0000000008003bac                DWT_Delay_Init
 .text.sw_softTimers_init
                0x0000000008003c0c       0x1e ./Core/Src/libs/SW_TIMERS/sw_soft_timers.o
                0x0000000008003c0c                sw_softTimers_init
 *fill*         0x0000000008003c2a        0x2 
 .text.SysTick_Handler
                0x0000000008003c2c      0x118 ./Core/Src/libs/SW_TIMERS/sw_soft_timers.o
                0x0000000008003c2c                SysTick_Handler
 .text.delay_ms
                0x0000000008003d44       0x30 ./Core/Src/libs/SW_TIMERS/sw_soft_timers.o
                0x0000000008003d44                delay_ms
 .text.delay_us
                0x0000000008003d74       0x58 ./Core/Src/libs/SW_TIMERS/sw_soft_timers.o
                0x0000000008003d74                delay_us
 .text.Reset_Handler
                0x0000000008003dcc       0x50 ./Core/Startup/startup_stm32l412kbux.o
                0x0000000008003dcc                Reset_Handler
 .text.Default_Handler
                0x0000000008003e1c        0x2 ./Core/Startup/startup_stm32l412kbux.o
                0x0000000008003e1c                RTC_Alarm_IRQHandler
                0x0000000008003e1c                TIM1_CC_IRQHandler
                0x0000000008003e1c                TSC_IRQHandler
                0x0000000008003e1c                TIM6_IRQHandler
                0x0000000008003e1c                TAMP_STAMP_IRQHandler
                0x0000000008003e1c                LPTIM2_IRQHandler
                0x0000000008003e1c                I2C3_ER_IRQHandler
                0x0000000008003e1c                EXTI0_IRQHandler
                0x0000000008003e1c                I2C2_EV_IRQHandler
                0x0000000008003e1c                FPU_IRQHandler
                0x0000000008003e1c                ADC1_2_IRQHandler
                0x0000000008003e1c                SPI1_IRQHandler
                0x0000000008003e1c                DMA2_Channel2_IRQHandler
                0x0000000008003e1c                DMA1_Channel4_IRQHandler
                0x0000000008003e1c                USART3_IRQHandler
                0x0000000008003e1c                DMA1_Channel7_IRQHandler
                0x0000000008003e1c                DMA2_Channel1_IRQHandler
                0x0000000008003e1c                QUADSPI_IRQHandler
                0x0000000008003e1c                I2C1_EV_IRQHandler
                0x0000000008003e1c                DMA1_Channel6_IRQHandler
                0x0000000008003e1c                DMA2_Channel4_IRQHandler
                0x0000000008003e1c                RCC_IRQHandler
                0x0000000008003e1c                TIM1_TRG_COM_IRQHandler
                0x0000000008003e1c                DMA1_Channel1_IRQHandler
                0x0000000008003e1c                Default_Handler
                0x0000000008003e1c                DMA2_Channel7_IRQHandler
                0x0000000008003e1c                EXTI15_10_IRQHandler
                0x0000000008003e1c                I2C3_EV_IRQHandler
                0x0000000008003e1c                USB_IRQHandler
                0x0000000008003e1c                EXTI9_5_IRQHandler
                0x0000000008003e1c                RTC_WKUP_IRQHandler
                0x0000000008003e1c                PVD_PVM_IRQHandler
                0x0000000008003e1c                SPI2_IRQHandler
                0x0000000008003e1c                DMA2_Channel5_IRQHandler
                0x0000000008003e1c                CRS_IRQHandler
                0x0000000008003e1c                DMA1_Channel5_IRQHandler
                0x0000000008003e1c                EXTI4_IRQHandler
                0x0000000008003e1c                RNG_IRQHandler
                0x0000000008003e1c                COMP_IRQHandler
                0x0000000008003e1c                WWDG_IRQHandler
                0x0000000008003e1c                LPUART1_IRQHandler
                0x0000000008003e1c                DMA2_Channel6_IRQHandler
                0x0000000008003e1c                TIM2_IRQHandler
                0x0000000008003e1c                EXTI1_IRQHandler
                0x0000000008003e1c                USART2_IRQHandler
                0x0000000008003e1c                I2C2_ER_IRQHandler
                0x0000000008003e1c                DMA1_Channel2_IRQHandler
                0x0000000008003e1c                FLASH_IRQHandler
                0x0000000008003e1c                USART1_IRQHandler
                0x0000000008003e1c                I2C1_ER_IRQHandler
                0x0000000008003e1c                LPTIM1_IRQHandler
                0x0000000008003e1c                DMA2_Channel3_IRQHandler
                0x0000000008003e1c                TIM1_BRK_TIM15_IRQHandler
 *fill*         0x0000000008003e1e        0x2 
 .text.__libc_init_array
                0x0000000008003e20       0x48 d:/00_programowanie/stm32cubeide_1.4.0/stm32cubeide/plugins/com.st.stm32cube.ide.mcu.externaltools.gnu-tools-for-stm32.9-2020-q2-update.win32_2.0.0.202105311346/tools/bin/../lib/gcc/arm-none-eabi/9.3.1/../../../../arm-none-eabi/lib/thumb/v7e-m+fp/hard\libc_nano.a(lib_a-init.o)
                0x0000000008003e20                __libc_init_array
 .text.__itoa   0x0000000008003e68       0x30 d:/00_programowanie/stm32cubeide_1.4.0/stm32cubeide/plugins/com.st.stm32cube.ide.mcu.externaltools.gnu-tools-for-stm32.9-2020-q2-update.win32_2.0.0.202105311346/tools/bin/../lib/gcc/arm-none-eabi/9.3.1/../../../../arm-none-eabi/lib/thumb/v7e-m+fp/hard\libc_nano.a(lib_a-itoa.o)
                0x0000000008003e68                __itoa
 .text.itoa     0x0000000008003e98        0x4 d:/00_programowanie/stm32cubeide_1.4.0/stm32cubeide/plugins/com.st.stm32cube.ide.mcu.externaltools.gnu-tools-for-stm32.9-2020-q2-update.win32_2.0.0.202105311346/tools/bin/../lib/gcc/arm-none-eabi/9.3.1/../../../../arm-none-eabi/lib/thumb/v7e-m+fp/hard\libc_nano.a(lib_a-itoa.o)
                0x0000000008003e98                itoa
 .text.__utoa   0x0000000008003e9c       0x84 d:/00_programowanie/stm32cubeide_1.4.0/stm32cubeide/plugins/com.st.stm32cube.ide.mcu.externaltools.gnu-tools-for-stm32.9-2020-q2-update.win32_2.0.0.202105311346/tools/bin/../lib/gcc/arm-none-eabi/9.3.1/../../../../arm-none-eabi/lib/thumb/v7e-m+fp/hard\libc_nano.a(lib_a-utoa.o)
                0x0000000008003e9c                __utoa
 .text.atan2    0x0000000008003f20        0x4 d:/00_programowanie/stm32cubeide_1.4.0/stm32cubeide/plugins/com.st.stm32cube.ide.mcu.externaltools.gnu-tools-for-stm32.9-2020-q2-update.win32_2.0.0.202105311346/tools/bin/../lib/gcc/arm-none-eabi/9.3.1/../../../../arm-none-eabi/lib/thumb/v7e-m+fp/hard\libm.a(lib_a-w_atan2.o)
                0x0000000008003f20                atan2
 .text.sqrt     0x0000000008003f24       0x68 d:/00_programowanie/stm32cubeide_1.4.0/stm32cubeide/plugins/com.st.stm32cube.ide.mcu.externaltools.gnu-tools-for-stm32.9-2020-q2-update.win32_2.0.0.202105311346/tools/bin/../lib/gcc/arm-none-eabi/9.3.1/../../../../arm-none-eabi/lib/thumb/v7e-m+fp/hard\libm.a(lib_a-w_sqrt.o)
                0x0000000008003f24                sqrt
 .text.powf     0x0000000008003f8c      0x130 d:/00_programowanie/stm32cubeide_1.4.0/stm32cubeide/plugins/com.st.stm32cube.ide.mcu.externaltools.gnu-tools-for-stm32.9-2020-q2-update.win32_2.0.0.202105311346/tools/bin/../lib/gcc/arm-none-eabi/9.3.1/../../../../arm-none-eabi/lib/thumb/v7e-m+fp/hard\libm.a(lib_a-wf_pow.o)
                0x0000000008003f8c                powf
 *fill*         0x00000000080040bc        0x4 
 .text.__ieee754_atan2
                0x00000000080040c0      0x194 d:/00_programowanie/stm32cubeide_1.4.0/stm32cubeide/plugins/com.st.stm32cube.ide.mcu.externaltools.gnu-tools-for-stm32.9-2020-q2-update.win32_2.0.0.202105311346/tools/bin/../lib/gcc/arm-none-eabi/9.3.1/../../../../arm-none-eabi/lib/thumb/v7e-m+fp/hard\libm.a(lib_a-e_atan2.o)
                0x00000000080040c0                __ieee754_atan2
 .text.__ieee754_sqrt
                0x0000000008004254      0x168 d:/00_programowanie/stm32cubeide_1.4.0/stm32cubeide/plugins/com.st.stm32cube.ide.mcu.externaltools.gnu-tools-for-stm32.9-2020-q2-update.win32_2.0.0.202105311346/tools/bin/../lib/gcc/arm-none-eabi/9.3.1/../../../../arm-none-eabi/lib/thumb/v7e-m+fp/hard\libm.a(lib_a-e_sqrt.o)
                0x0000000008004254                __ieee754_sqrt
 .text.__ieee754_powf
                0x00000000080043bc      0x580 d:/00_programowanie/stm32cubeide_1.4.0/stm32cubeide/plugins/com.st.stm32cube.ide.mcu.externaltools.gnu-tools-for-stm32.9-2020-q2-update.win32_2.0.0.202105311346/tools/bin/../lib/gcc/arm-none-eabi/9.3.1/../../../../arm-none-eabi/lib/thumb/v7e-m+fp/hard\libm.a(lib_a-ef_pow.o)
                0x00000000080043bc                __ieee754_powf
 .text.__ieee754_sqrtf
                0x000000000800493c        0x6 d:/00_programowanie/stm32cubeide_1.4.0/stm32cubeide/plugins/com.st.stm32cube.ide.mcu.externaltools.gnu-tools-for-stm32.9-2020-q2-update.win32_2.0.0.202105311346/tools/bin/../lib/gcc/arm-none-eabi/9.3.1/../../../../arm-none-eabi/lib/thumb/v7e-m+fp/hard\libm.a(lib_a-ef_sqrt.o)
                0x000000000800493c                __ieee754_sqrtf
 *fill*         0x0000000008004942        0x6 
 .text.atan     0x0000000008004948      0x340 d:/00_programowanie/stm32cubeide_1.4.0/stm32cubeide/plugins/com.st.stm32cube.ide.mcu.externaltools.gnu-tools-for-stm32.9-2020-q2-update.win32_2.0.0.202105311346/tools/bin/../lib/gcc/arm-none-eabi/9.3.1/../../../../arm-none-eabi/lib/thumb/v7e-m+fp/hard\libm.a(lib_a-s_atan.o)
                0x0000000008004948                atan
 .text.fabs     0x0000000008004c88       0x12 d:/00_programowanie/stm32cubeide_1.4.0/stm32cubeide/plugins/com.st.stm32cube.ide.mcu.externaltools.gnu-tools-for-stm32.9-2020-q2-update.win32_2.0.0.202105311346/tools/bin/../lib/gcc/arm-none-eabi/9.3.1/../../../../arm-none-eabi/lib/thumb/v7e-m+fp/hard\libm.a(lib_a-s_fabs.o)
                0x0000000008004c88                fabs
 .text.fabsf    0x0000000008004c9a        0xe d:/00_programowanie/stm32cubeide_1.4.0/stm32cubeide/plugins/com.st.stm32cube.ide.mcu.externaltools.gnu-tools-for-stm32.9-2020-q2-update.win32_2.0.0.202105311346/tools/bin/../lib/gcc/arm-none-eabi/9.3.1/../../../../arm-none-eabi/lib/thumb/v7e-m+fp/hard\libm.a(lib_a-sf_fabs.o)
                0x0000000008004c9a                fabsf
 .text.finitef  0x0000000008004ca8       0x1a d:/00_programowanie/stm32cubeide_1.4.0/stm32cubeide/plugins/com.st.stm32cube.ide.mcu.externaltools.gnu-tools-for-stm32.9-2020-q2-update.win32_2.0.0.202105311346/tools/bin/../lib/gcc/arm-none-eabi/9.3.1/../../../../arm-none-eabi/lib/thumb/v7e-m+fp/hard\libm.a(lib_a-sf_finite.o)
                0x0000000008004ca8                finitef
 *fill*         0x0000000008004cc2        0x2 
 .text.nanf     0x0000000008004cc4        0xc d:/00_programowanie/stm32cubeide_1.4.0/stm32cubeide/plugins/com.st.stm32cube.ide.mcu.externaltools.gnu-tools-for-stm32.9-2020-q2-update.win32_2.0.0.202105311346/tools/bin/../lib/gcc/arm-none-eabi/9.3.1/../../../../arm-none-eabi/lib/thumb/v7e-m+fp/hard\libm.a(lib_a-sf_nan.o)
                0x0000000008004cc4                nanf
 .text.rintf    0x0000000008004cd0       0xb8 d:/00_programowanie/stm32cubeide_1.4.0/stm32cubeide/plugins/com.st.stm32cube.ide.mcu.externaltools.gnu-tools-for-stm32.9-2020-q2-update.win32_2.0.0.202105311346/tools/bin/../lib/gcc/arm-none-eabi/9.3.1/../../../../arm-none-eabi/lib/thumb/v7e-m+fp/hard\libm.a(lib_a-sf_rint.o)
                0x0000000008004cd0                rintf
 .text.scalbnf  0x0000000008004d88       0xe4 d:/00_programowanie/stm32cubeide_1.4.0/stm32cubeide/plugins/com.st.stm32cube.ide.mcu.externaltools.gnu-tools-for-stm32.9-2020-q2-update.win32_2.0.0.202105311346/tools/bin/../lib/gcc/arm-none-eabi/9.3.1/../../../../arm-none-eabi/lib/thumb/v7e-m+fp/hard\libm.a(lib_a-sf_scalbn.o)
                0x0000000008004d88                scalbnf
 .text.__errno  0x0000000008004e6c        0xc d:/00_programowanie/stm32cubeide_1.4.0/stm32cubeide/plugins/com.st.stm32cube.ide.mcu.externaltools.gnu-tools-for-stm32.9-2020-q2-update.win32_2.0.0.202105311346/tools/bin/../lib/gcc/arm-none-eabi/9.3.1/../../../../arm-none-eabi/lib/thumb/v7e-m+fp/hard\libc_nano.a(lib_a-errno.o)
                0x0000000008004e6c                __errno
 *(.glue_7)
 .glue_7        0x0000000008004e78        0x0 linker stubs
 *(.glue_7t)
 .glue_7t       0x0000000008004e78        0x0 linker stubs
 *(.eh_frame)
 .eh_frame      0x0000000008004e78        0x0 d:/00_programowanie/stm32cubeide_1.4.0/stm32cubeide/plugins/com.st.stm32cube.ide.mcu.externaltools.gnu-tools-for-stm32.9-2020-q2-update.win32_2.0.0.202105311346/tools/bin/../lib/gcc/arm-none-eabi/9.3.1/thumb/v7e-m+fp/hard/crtbegin.o
 *(.init)
 .init          0x0000000008004e78        0x4 d:/00_programowanie/stm32cubeide_1.4.0/stm32cubeide/plugins/com.st.stm32cube.ide.mcu.externaltools.gnu-tools-for-stm32.9-2020-q2-update.win32_2.0.0.202105311346/tools/bin/../lib/gcc/arm-none-eabi/9.3.1/thumb/v7e-m+fp/hard/crti.o
                0x0000000008004e78                _init
 .init          0x0000000008004e7c        0x8 d:/00_programowanie/stm32cubeide_1.4.0/stm32cubeide/plugins/com.st.stm32cube.ide.mcu.externaltools.gnu-tools-for-stm32.9-2020-q2-update.win32_2.0.0.202105311346/tools/bin/../lib/gcc/arm-none-eabi/9.3.1/thumb/v7e-m+fp/hard/crtn.o
 *(.fini)
 .fini          0x0000000008004e84        0x4 d:/00_programowanie/stm32cubeide_1.4.0/stm32cubeide/plugins/com.st.stm32cube.ide.mcu.externaltools.gnu-tools-for-stm32.9-2020-q2-update.win32_2.0.0.202105311346/tools/bin/../lib/gcc/arm-none-eabi/9.3.1/thumb/v7e-m+fp/hard/crti.o
                0x0000000008004e84                _fini
 .fini          0x0000000008004e88        0x8 d:/00_programowanie/stm32cubeide_1.4.0/stm32cubeide/plugins/com.st.stm32cube.ide.mcu.externaltools.gnu-tools-for-stm32.9-2020-q2-update.win32_2.0.0.202105311346/tools/bin/../lib/gcc/arm-none-eabi/9.3.1/thumb/v7e-m+fp/hard/crtn.o
                0x0000000008004e90                . = ALIGN (0x8)
                0x0000000008004e90                _etext = .

.vfp11_veneer   0x0000000008004e90        0x0
 .vfp11_veneer  0x0000000008004e90        0x0 linker stubs

.v4_bx          0x0000000008004e90        0x0
 .v4_bx         0x0000000008004e90        0x0 linker stubs

.iplt           0x0000000008004e90        0x0
 .iplt          0x0000000008004e90        0x0 d:/00_programowanie/stm32cubeide_1.4.0/stm32cubeide/plugins/com.st.stm32cube.ide.mcu.externaltools.gnu-tools-for-stm32.9-2020-q2-update.win32_2.0.0.202105311346/tools/bin/../lib/gcc/arm-none-eabi/9.3.1/thumb/v7e-m+fp/hard/crtbegin.o

ccmram          0x0000000008004e90      0x18c
 ccmram         0x0000000008004e90      0x18c ./Core/Src/libs/SW_GRAPHICS/SW_SSD1306/sw_ssd1306_v1.o
                0x0000000008004e90                graphic_set_pixel_RAM
                0x0000000008004fb4                TIM1_UP_TIM16_IRQHandler

.rodata         0x0000000008005020      0x9e0
                0x0000000008005020                . = ALIGN (0x8)
 *(.rodata)
 *(.rodata*)
 .rodata.AHBPrescTable
                0x0000000008005020       0x10 ./Core/Src/system_stm32l4xx.o
                0x0000000008005020                AHBPrescTable
 .rodata.MSIRangeTable
                0x0000000008005030       0x30 ./Core/Src/system_stm32l4xx.o
                0x0000000008005030                MSIRangeTable
 .rodata.i2c1Alt1
                0x0000000008005060       0x14 ./Core/Src/libs/sw_i2c_simple_v2.o
 .rodata.initRegisterArray
                0x0000000008005074       0xa4 ./Core/Src/libs/MK_GESTURE_PAJ7620/mk_paj7620.o
                0x0000000008005074                initRegisterArray
 .rodata.MicrosoftSansSerif8ptBitmaps_var
                0x0000000008005118      0x5ca ./Core/Src/libs/SW_GRAPHICS/SW_FONTS/MicrosoftSansSerif8ptFont_pl.o
                0x0000000008005118                MicrosoftSansSerif8ptBitmaps_var
 *fill*         0x00000000080056e2        0x2 
 .rodata.MicrosoftSansSerif8ptDescriptors_var
                0x00000000080056e4      0x1c0 ./Core/Src/libs/SW_GRAPHICS/SW_FONTS/MicrosoftSansSerif8ptFont_pl.o
                0x00000000080056e4                MicrosoftSansSerif8ptDescriptors_var
 .rodata.MicrosoftSansSerif8ptFontInfo_var
                0x00000000080058a4       0x18 ./Core/Src/libs/SW_GRAPHICS/SW_FONTS/MicrosoftSansSerif8ptFont_pl.o
                0x00000000080058a4                MicrosoftSansSerif8ptFontInfo_var
 .rodata.i2c1Alt1
                0x00000000080058bc       0x14 ./Core/Src/libs/SW_GRAPHICS/SW_SSD1306/sw_ssd1306_v1.o
 .rodata.uniCode
                0x00000000080058d0       0x48 ./Core/Src/libs/SW_GRAPHICS/fonts_pl.o
                0x00000000080058d0                uniCode
 .rodata.GammaRGB
                0x0000000008005918        0xc ./Core/Src/libs/SW_GRAPHICS/text.o
 .rodata.spi1   0x0000000008005924       0x20 ./Core/Src/libs/SW_STM_PERIPHS/sw_spi.v2.o
 .rodata.__utoa.str1.1
                0x0000000008005944       0x25 d:/00_programowanie/stm32cubeide_1.4.0/stm32cubeide/plugins/com.st.stm32cube.ide.mcu.externaltools.gnu-tools-for-stm32.9-2020-q2-update.win32_2.0.0.202105311346/tools/bin/../lib/gcc/arm-none-eabi/9.3.1/../../../../arm-none-eabi/lib/thumb/v7e-m+fp/hard\libc_nano.a(lib_a-utoa.o)
 *fill*         0x0000000008005969        0x7 
 .rodata.CSWTCH.8
                0x0000000008005970       0x18 d:/00_programowanie/stm32cubeide_1.4.0/stm32cubeide/plugins/com.st.stm32cube.ide.mcu.externaltools.gnu-tools-for-stm32.9-2020-q2-update.win32_2.0.0.202105311346/tools/bin/../lib/gcc/arm-none-eabi/9.3.1/../../../../arm-none-eabi/lib/thumb/v7e-m+fp/hard\libm.a(lib_a-e_atan2.o)
 .rodata.CSWTCH.9
                0x0000000008005988       0x18 d:/00_programowanie/stm32cubeide_1.4.0/stm32cubeide/plugins/com.st.stm32cube.ide.mcu.externaltools.gnu-tools-for-stm32.9-2020-q2-update.win32_2.0.0.202105311346/tools/bin/../lib/gcc/arm-none-eabi/9.3.1/../../../../arm-none-eabi/lib/thumb/v7e-m+fp/hard\libm.a(lib_a-e_atan2.o)
 .rodata.__ieee754_powf.str1.1
                0x00000000080059a0       0x25 d:/00_programowanie/stm32cubeide_1.4.0/stm32cubeide/plugins/com.st.stm32cube.ide.mcu.externaltools.gnu-tools-for-stm32.9-2020-q2-update.win32_2.0.0.202105311346/tools/bin/../lib/gcc/arm-none-eabi/9.3.1/../../../../arm-none-eabi/lib/thumb/v7e-m+fp/hard\libm.a(lib_a-ef_pow.o)
                                          0x1 (size before relaxing)
 .rodata.bp     0x00000000080059a0        0x8 d:/00_programowanie/stm32cubeide_1.4.0/stm32cubeide/plugins/com.st.stm32cube.ide.mcu.externaltools.gnu-tools-for-stm32.9-2020-q2-update.win32_2.0.0.202105311346/tools/bin/../lib/gcc/arm-none-eabi/9.3.1/../../../../arm-none-eabi/lib/thumb/v7e-m+fp/hard\libm.a(lib_a-ef_pow.o)
 .rodata.dp_h   0x00000000080059a8        0x8 d:/00_programowanie/stm32cubeide_1.4.0/stm32cubeide/plugins/com.st.stm32cube.ide.mcu.externaltools.gnu-tools-for-stm32.9-2020-q2-update.win32_2.0.0.202105311346/tools/bin/../lib/gcc/arm-none-eabi/9.3.1/../../../../arm-none-eabi/lib/thumb/v7e-m+fp/hard\libm.a(lib_a-ef_pow.o)
 .rodata.dp_l   0x00000000080059b0        0x8 d:/00_programowanie/stm32cubeide_1.4.0/stm32cubeide/plugins/com.st.stm32cube.ide.mcu.externaltools.gnu-tools-for-stm32.9-2020-q2-update.win32_2.0.0.202105311346/tools/bin/../lib/gcc/arm-none-eabi/9.3.1/../../../../arm-none-eabi/lib/thumb/v7e-m+fp/hard\libm.a(lib_a-ef_pow.o)
 .rodata.atanhi
                0x00000000080059b8       0x20 d:/00_programowanie/stm32cubeide_1.4.0/stm32cubeide/plugins/com.st.stm32cube.ide.mcu.externaltools.gnu-tools-for-stm32.9-2020-q2-update.win32_2.0.0.202105311346/tools/bin/../lib/gcc/arm-none-eabi/9.3.1/../../../../arm-none-eabi/lib/thumb/v7e-m+fp/hard\libm.a(lib_a-s_atan.o)
 .rodata.atanlo
                0x00000000080059d8       0x20 d:/00_programowanie/stm32cubeide_1.4.0/stm32cubeide/plugins/com.st.stm32cube.ide.mcu.externaltools.gnu-tools-for-stm32.9-2020-q2-update.win32_2.0.0.202105311346/tools/bin/../lib/gcc/arm-none-eabi/9.3.1/../../../../arm-none-eabi/lib/thumb/v7e-m+fp/hard\libm.a(lib_a-s_atan.o)
 .rodata.TWO23  0x00000000080059f8        0x8 d:/00_programowanie/stm32cubeide_1.4.0/stm32cubeide/plugins/com.st.stm32cube.ide.mcu.externaltools.gnu-tools-for-stm32.9-2020-q2-update.win32_2.0.0.202105311346/tools/bin/../lib/gcc/arm-none-eabi/9.3.1/../../../../arm-none-eabi/lib/thumb/v7e-m+fp/hard\libm.a(lib_a-sf_rint.o)
                0x0000000008005a00                . = ALIGN (0x8)

.rel.dyn        0x0000000008005a00        0x0
 .rel.iplt      0x0000000008005a00        0x0 d:/00_programowanie/stm32cubeide_1.4.0/stm32cubeide/plugins/com.st.stm32cube.ide.mcu.externaltools.gnu-tools-for-stm32.9-2020-q2-update.win32_2.0.0.202105311346/tools/bin/../lib/gcc/arm-none-eabi/9.3.1/thumb/v7e-m+fp/hard/crtbegin.o

.ARM.extab      0x0000000008005a00        0x0
                0x0000000008005a00                . = ALIGN (0x8)
 *(.ARM.extab* .gnu.linkonce.armextab.*)
                0x0000000008005a00                . = ALIGN (0x8)

.ARM            0x0000000008005a00        0x0
                0x0000000008005a00                . = ALIGN (0x8)
                0x0000000008005a00                __exidx_start = .
 *(.ARM.exidx*)
                0x0000000008005a00                __exidx_end = .
                0x0000000008005a00                . = ALIGN (0x8)

.preinit_array  0x0000000008005a00        0x0
                0x0000000008005a00                . = ALIGN (0x8)
                0x0000000008005a00                PROVIDE (__preinit_array_start = .)
 *(.preinit_array*)
                0x0000000008005a00                PROVIDE (__preinit_array_end = .)
                0x0000000008005a00                . = ALIGN (0x8)

.init_array     0x0000000008005a00        0x8
                0x0000000008005a00                . = ALIGN (0x8)
                0x0000000008005a00                PROVIDE (__init_array_start = .)
 *(SORT_BY_NAME(.init_array.*))
 *(.init_array*)
 .init_array    0x0000000008005a00        0x4 d:/00_programowanie/stm32cubeide_1.4.0/stm32cubeide/plugins/com.st.stm32cube.ide.mcu.externaltools.gnu-tools-for-stm32.9-2020-q2-update.win32_2.0.0.202105311346/tools/bin/../lib/gcc/arm-none-eabi/9.3.1/thumb/v7e-m+fp/hard/crtbegin.o
                0x0000000008005a04                PROVIDE (__init_array_end = .)
                0x0000000008005a08                . = ALIGN (0x8)
 *fill*         0x0000000008005a04        0x4 

.fini_array     0x0000000008005a08        0x8
                0x0000000008005a08                . = ALIGN (0x8)
                [!provide]                        PROVIDE (__fini_array_start = .)
 *(SORT_BY_NAME(.fini_array.*))
 *(.fini_array*)
 .fini_array    0x0000000008005a08        0x4 d:/00_programowanie/stm32cubeide_1.4.0/stm32cubeide/plugins/com.st.stm32cube.ide.mcu.externaltools.gnu-tools-for-stm32.9-2020-q2-update.win32_2.0.0.202105311346/tools/bin/../lib/gcc/arm-none-eabi/9.3.1/thumb/v7e-m+fp/hard/crtbegin.o
                [!provide]                        PROVIDE (__fini_array_end = .)
                0x0000000008005a10                . = ALIGN (0x8)
 *fill*         0x0000000008005a0c        0x4 
                0x0000000008005a10                _sidata = LOADADDR (.data)

.data           0x0000000020000000       0x88 load address 0x0000000008005a10
                0x0000000020000000                . = ALIGN (0x8)
                0x0000000020000000                _sdata = .
 *(.data)
 *(.data*)
 .data.SystemCoreClock
                0x0000000020000000        0x4 ./Core/Src/system_stm32l4xx.o
                0x0000000020000000                SystemCoreClock
 .data.hI2Cx    0x0000000020000004        0x4 ./Core/Src/libs/sw_i2c_simple_v2.o
 .data.TextBuffer
                0x0000000020000008        0x4 ./Core/Src/libs/SW_GRAPHICS/SW_SSD1306/framebuffer.o
                0x0000000020000008                TextBuffer
 .data.hI2Cx    0x000000002000000c        0x4 ./Core/Src/libs/SW_GRAPHICS/SW_SSD1306/sw_ssd1306_v1.o
 .data._width   0x0000000020000010        0x2 ./Core/Src/libs/SW_GRAPHICS/SW_SSD1306/sw_ssd1306_v1.o
 .data._height  0x0000000020000012        0x2 ./Core/Src/libs/SW_GRAPHICS/SW_SSD1306/sw_ssd1306_v1.o
 .data._width   0x0000000020000014        0x2 ./Core/Src/libs/SW_GRAPHICS/text.o
 .data._height  0x0000000020000016        0x2 ./Core/Src/libs/SW_GRAPHICS/text.o
 .data.spi      0x0000000020000018        0x4 ./Core/Src/libs/SW_STM_PERIPHS/sw_spi.v2.o
 .data._impure_ptr
                0x000000002000001c        0x4 d:/00_programowanie/stm32cubeide_1.4.0/stm32cubeide/plugins/com.st.stm32cube.ide.mcu.externaltools.gnu-tools-for-stm32.9-2020-q2-update.win32_2.0.0.202105311346/tools/bin/../lib/gcc/arm-none-eabi/9.3.1/../../../../arm-none-eabi/lib/thumb/v7e-m+fp/hard\libc_nano.a(lib_a-impure.o)
                0x000000002000001c                _impure_ptr
 .data.impure_data
                0x0000000020000020       0x60 d:/00_programowanie/stm32cubeide_1.4.0/stm32cubeide/plugins/com.st.stm32cube.ide.mcu.externaltools.gnu-tools-for-stm32.9-2020-q2-update.win32_2.0.0.202105311346/tools/bin/../lib/gcc/arm-none-eabi/9.3.1/../../../../arm-none-eabi/lib/thumb/v7e-m+fp/hard\libc_nano.a(lib_a-impure.o)
 .data.__fdlib_version
                0x0000000020000080        0x1 d:/00_programowanie/stm32cubeide_1.4.0/stm32cubeide/plugins/com.st.stm32cube.ide.mcu.externaltools.gnu-tools-for-stm32.9-2020-q2-update.win32_2.0.0.202105311346/tools/bin/../lib/gcc/arm-none-eabi/9.3.1/../../../../arm-none-eabi/lib/thumb/v7e-m+fp/hard\libm.a(lib_a-s_lib_ver.o)
                0x0000000020000080                __fdlib_version
                0x0000000020000088                . = ALIGN (0x8)
 *fill*         0x0000000020000081        0x7 
                0x0000000020000088                _edata = .

.igot.plt       0x0000000020000088        0x0 load address 0x0000000008005a98
 .igot.plt      0x0000000020000088        0x0 d:/00_programowanie/stm32cubeide_1.4.0/stm32cubeide/plugins/com.st.stm32cube.ide.mcu.externaltools.gnu-tools-for-stm32.9-2020-q2-update.win32_2.0.0.202105311346/tools/bin/../lib/gcc/arm-none-eabi/9.3.1/thumb/v7e-m+fp/hard/crtbegin.o
                0x0000000020000088                . = ALIGN (0x4)

.bss            0x0000000020000088      0x550 load address 0x0000000008005a98
                0x0000000020000088                _sbss = .
                0x0000000020000088                __bss_start__ = _sbss
 *(.bss)
 .bss           0x0000000020000088       0x1c d:/00_programowanie/stm32cubeide_1.4.0/stm32cubeide/plugins/com.st.stm32cube.ide.mcu.externaltools.gnu-tools-for-stm32.9-2020-q2-update.win32_2.0.0.202105311346/tools/bin/../lib/gcc/arm-none-eabi/9.3.1/thumb/v7e-m+fp/hard/crtbegin.o
 *(.bss*)
 .bss.kolejny_pomiar.9451
                0x00000000200000a4        0x2 ./Core/Src/REGmain.o
 *fill*         0x00000000200000a6        0x2 
 .bss.bufor1.9450
                0x00000000200000a8       0x14 ./Core/Src/REGmain.o
 .bss.kolejny_pomiar.9471
                0x00000000200000bc        0x1 ./Core/Src/REGmain.o
 *fill*         0x00000000200000bd        0x3 
 .bss.bufor2.9470
                0x00000000200000c0        0xa ./Core/Src/REGmain.o
 *fill*         0x00000000200000ca        0x2 
 .bss.ra        0x00000000200000cc        0xc ./Core/Src/libs/sw_mpu6050.o
 .bss.na        0x00000000200000d8        0xc ./Core/Src/libs/sw_mpu6050.o
 .bss.tg        0x00000000200000e4        0xc ./Core/Src/libs/sw_mpu6050.o
 .bss.dg        0x00000000200000f0        0xc ./Core/Src/libs/sw_mpu6050.o
 .bss.dpsPerDigit
                0x00000000200000fc        0x4 ./Core/Src/libs/sw_mpu6050.o
 .bss.rangePerDigit
                0x0000000020000100        0x4 ./Core/Src/libs/sw_mpu6050.o
 .bss.actualThreshold
                0x0000000020000104        0x4 ./Core/Src/libs/sw_mpu6050.o
 .bss.useCalibrate
                0x0000000020000108        0x1 ./Core/Src/libs/sw_mpu6050.o
 *fill*         0x0000000020000109        0x3 
 .bss.measure_callback
                0x000000002000010c        0x4 ./Core/Src/libs/sw_vcnl4010.o
 .bss.enable_cc
                0x0000000020000110        0x1 ./Core/Src/libs/MK_GESTURE_PAJ7620/mk_paj7620.o
 *fill*         0x0000000020000111        0x3 
 .bss.gesture_callback
                0x0000000020000114        0x4 ./Core/Src/libs/MK_GESTURE_PAJ7620/mk_paj7620.o
 .bss.paj_int_flag
                0x0000000020000118        0x1 ./Core/Src/libs/MK_GESTURE_PAJ7620/mk_paj7620.o
 *fill*         0x0000000020000119        0x1 
 .bss.gfilter   0x000000002000011a        0x2 ./Core/Src/libs/MK_GESTURE_PAJ7620/mk_paj7620.o
 .bss.gs_tmr    0x000000002000011c        0x4 ./Core/Src/libs/MK_GESTURE_PAJ7620/mk_paj7620.o
 .bss.blinkCounter
                0x0000000020000120        0x1 ./Core/Src/libs/SW_BOARD/sw_led_blink_debug.o
 .bss.blinkDelay
                0x0000000020000121        0x1 ./Core/Src/libs/SW_BOARD/sw_led_blink_debug.o
 *fill*         0x0000000020000122        0x2 
 .bss.DispBuffer2_1
                0x0000000020000124      0x400 ./Core/Src/libs/SW_GRAPHICS/SW_SSD1306/framebuffer.o
 .bss.refreshScreen
                0x0000000020000524        0x1 ./Core/Src/libs/SW_GRAPHICS/SW_SSD1306/framebuffer.o
                0x0000000020000524                refreshScreen
 *fill*         0x0000000020000525        0x3 
 .bss.ActualDMABuffer
                0x0000000020000528        0x4 ./Core/Src/libs/SW_GRAPHICS/SW_SSD1306/sw_ssd1306_v1.o
 .bss.spiDmaStatus
                0x000000002000052c        0x1 ./Core/Src/libs/SW_STM_PERIPHS/sw_spi.v2.o
 *fill*         0x000000002000052d        0x1 
 .bss.delayTimer
                0x000000002000052e        0x2 ./Core/Src/libs/SW_TIMERS/sw_soft_timers.o
 .bss.milis     0x0000000020000530        0x4 ./Core/Src/libs/SW_TIMERS/sw_soft_timers.o
 *(COMMON)
 COMMON         0x0000000020000534       0x7c ./Core/Src/REGmain.o
                0x0000000020000534                TextZ
                0x000000002000054c                CurrentFont
                0x0000000020000564                Temp
                0x000000002000057c                TextY
                0x0000000020000594                ambilightAverage
                0x0000000020000596                proximityAverage
                0x0000000020000598                TextX
 COMMON         0x00000000200005b0       0x28 ./Core/Src/libs/SW_TIMERS/sw_soft_timers.o
                0x00000000200005b0                debounceTimer
                0x00000000200005b2                repeatTimer
                0x00000000200005b4                whileTimer
                0x00000000200005b6                softTimer2
                0x00000000200005b8                fallAvgTimer
                0x00000000200005bc                pressTimer
                0x00000000200005c0                fallTimer
                0x00000000200005c4                peakTimer
                0x00000000200005c8                showMenuTimer
                0x00000000200005ca                softTimer3
                0x00000000200005cc                softTimer5
                0x00000000200005d0                riseTimer
                0x00000000200005d4                peakAvgTimer
                0x00000000200005d8                . = ALIGN (0x4)
                0x00000000200005d8                _ebss = .
                0x00000000200005d8                __bss_end__ = _ebss

._user_heap_stack
                0x00000000200005d8      0x600 load address 0x0000000008005a98
                0x00000000200005d8                . = ALIGN (0x8)
                [!provide]                        PROVIDE (end = .)
                [!provide]                        PROVIDE (_end = .)
                0x00000000200007d8                . = (. + _Min_Heap_Size)
 *fill*         0x00000000200005d8      0x200 
                0x0000000020000bd8                . = (. + _Min_Stack_Size)
 *fill*         0x00000000200007d8      0x400 
                0x0000000020000bd8                . = ALIGN (0x8)

/DISCARD/
 libc.a(*)
 libm.a(*)
 libgcc.a(*)

.ARM.attributes
                0x0000000000000000       0x30
 *(.ARM.attributes)
 .ARM.attributes
                0x0000000000000000       0x1e d:/00_programowanie/stm32cubeide_1.4.0/stm32cubeide/plugins/com.st.stm32cube.ide.mcu.externaltools.gnu-tools-for-stm32.9-2020-q2-update.win32_2.0.0.202105311346/tools/bin/../lib/gcc/arm-none-eabi/9.3.1/thumb/v7e-m+fp/hard/crti.o
 .ARM.attributes
                0x000000000000001e       0x34 d:/00_programowanie/stm32cubeide_1.4.0/stm32cubeide/plugins/com.st.stm32cube.ide.mcu.externaltools.gnu-tools-for-stm32.9-2020-q2-update.win32_2.0.0.202105311346/tools/bin/../lib/gcc/arm-none-eabi/9.3.1/thumb/v7e-m+fp/hard/crtbegin.o
 .ARM.attributes
                0x0000000000000052       0x34 ./Core/Src/REGmain.o
 .ARM.attributes
                0x0000000000000086       0x34 ./Core/Src/stm32l4xx_it.o
 .ARM.attributes
                0x00000000000000ba       0x34 ./Core/Src/system_stm32l4xx.o
 .ARM.attributes
                0x00000000000000ee       0x34 ./Core/Src/libs/sw_i2c_simple_v2.o
 .ARM.attributes
                0x0000000000000122       0x34 ./Core/Src/libs/sw_mpu6050.o
 .ARM.attributes
                0x0000000000000156       0x34 ./Core/Src/libs/sw_rcc.o
 .ARM.attributes
                0x000000000000018a       0x34 ./Core/Src/libs/sw_vcnl4010.o
 .ARM.attributes
                0x00000000000001be       0x34 ./Core/Src/libs/MK_GESTURE_PAJ7620/mk_paj7620.o
 .ARM.attributes
                0x00000000000001f2       0x34 ./Core/Src/libs/SW_BOARD/sw_gpio.o
 .ARM.attributes
                0x0000000000000226       0x34 ./Core/Src/libs/SW_BOARD/sw_led_blink_debug.o
 .ARM.attributes
                0x000000000000025a       0x39 ./Core/Src/libs/SW_GRAPHICS/SW_FONTS/MicrosoftSansSerif8ptFont_pl.o
 .ARM.attributes
                0x0000000000000293       0x34 ./Core/Src/libs/SW_GRAPHICS/SW_SSD1306/framebuffer.o
 .ARM.attributes
                0x00000000000002c7       0x34 ./Core/Src/libs/SW_GRAPHICS/SW_SSD1306/sw_ssd1306_v1.o
 .ARM.attributes
                0x00000000000002fb       0x34 ./Core/Src/libs/SW_GRAPHICS/displays.o
 .ARM.attributes
                0x000000000000032f       0x34 ./Core/Src/libs/SW_GRAPHICS/fonts_pl.o
 .ARM.attributes
                0x0000000000000363       0x34 ./Core/Src/libs/SW_GRAPHICS/text.o
 .ARM.attributes
                0x0000000000000397       0x34 ./Core/Src/libs/SW_STM_PERIPHS/sw_dma.o
 .ARM.attributes
                0x00000000000003cb       0x34 ./Core/Src/libs/SW_STM_PERIPHS/sw_spi.v2.o
 .ARM.attributes
                0x00000000000003ff       0x34 ./Core/Src/libs/SW_TIMERS/sw_soft_timers.o
 .ARM.attributes
                0x0000000000000433       0x21 ./Core/Startup/startup_stm32l412kbux.o
 .ARM.attributes
                0x0000000000000454       0x32 d:/00_programowanie/stm32cubeide_1.4.0/stm32cubeide/plugins/com.st.stm32cube.ide.mcu.externaltools.gnu-tools-for-stm32.9-2020-q2-update.win32_2.0.0.202105311346/tools/bin/../lib/gcc/arm-none-eabi/9.3.1/../../../../arm-none-eabi/lib/thumb/v7e-m+fp/hard\libc_nano.a(lib_a-impure.o)
 .ARM.attributes
                0x0000000000000486       0x34 d:/00_programowanie/stm32cubeide_1.4.0/stm32cubeide/plugins/com.st.stm32cube.ide.mcu.externaltools.gnu-tools-for-stm32.9-2020-q2-update.win32_2.0.0.202105311346/tools/bin/../lib/gcc/arm-none-eabi/9.3.1/../../../../arm-none-eabi/lib/thumb/v7e-m+fp/hard\libc_nano.a(lib_a-init.o)
 .ARM.attributes
                0x00000000000004ba       0x34 d:/00_programowanie/stm32cubeide_1.4.0/stm32cubeide/plugins/com.st.stm32cube.ide.mcu.externaltools.gnu-tools-for-stm32.9-2020-q2-update.win32_2.0.0.202105311346/tools/bin/../lib/gcc/arm-none-eabi/9.3.1/../../../../arm-none-eabi/lib/thumb/v7e-m+fp/hard\libc_nano.a(lib_a-itoa.o)
 .ARM.attributes
                0x00000000000004ee       0x34 d:/00_programowanie/stm32cubeide_1.4.0/stm32cubeide/plugins/com.st.stm32cube.ide.mcu.externaltools.gnu-tools-for-stm32.9-2020-q2-update.win32_2.0.0.202105311346/tools/bin/../lib/gcc/arm-none-eabi/9.3.1/../../../../arm-none-eabi/lib/thumb/v7e-m+fp/hard\libc_nano.a(lib_a-utoa.o)
 .ARM.attributes
                0x0000000000000522       0x34 d:/00_programowanie/stm32cubeide_1.4.0/stm32cubeide/plugins/com.st.stm32cube.ide.mcu.externaltools.gnu-tools-for-stm32.9-2020-q2-update.win32_2.0.0.202105311346/tools/bin/../lib/gcc/arm-none-eabi/9.3.1/../../../../arm-none-eabi/lib/thumb/v7e-m+fp/hard\libm.a(lib_a-w_atan2.o)
 .ARM.attributes
                0x0000000000000556       0x34 d:/00_programowanie/stm32cubeide_1.4.0/stm32cubeide/plugins/com.st.stm32cube.ide.mcu.externaltools.gnu-tools-for-stm32.9-2020-q2-update.win32_2.0.0.202105311346/tools/bin/../lib/gcc/arm-none-eabi/9.3.1/../../../../arm-none-eabi/lib/thumb/v7e-m+fp/hard\libm.a(lib_a-w_sqrt.o)
 .ARM.attributes
                0x000000000000058a       0x34 d:/00_programowanie/stm32cubeide_1.4.0/stm32cubeide/plugins/com.st.stm32cube.ide.mcu.externaltools.gnu-tools-for-stm32.9-2020-q2-update.win32_2.0.0.202105311346/tools/bin/../lib/gcc/arm-none-eabi/9.3.1/../../../../arm-none-eabi/lib/thumb/v7e-m+fp/hard\libm.a(lib_a-wf_pow.o)
 .ARM.attributes
                0x00000000000005be       0x34 d:/00_programowanie/stm32cubeide_1.4.0/stm32cubeide/plugins/com.st.stm32cube.ide.mcu.externaltools.gnu-tools-for-stm32.9-2020-q2-update.win32_2.0.0.202105311346/tools/bin/../lib/gcc/arm-none-eabi/9.3.1/../../../../arm-none-eabi/lib/thumb/v7e-m+fp/hard\libm.a(lib_a-e_atan2.o)
 .ARM.attributes
                0x00000000000005f2       0x34 d:/00_programowanie/stm32cubeide_1.4.0/stm32cubeide/plugins/com.st.stm32cube.ide.mcu.externaltools.gnu-tools-for-stm32.9-2020-q2-update.win32_2.0.0.202105311346/tools/bin/../lib/gcc/arm-none-eabi/9.3.1/../../../../arm-none-eabi/lib/thumb/v7e-m+fp/hard\libm.a(lib_a-e_sqrt.o)
 .ARM.attributes
                0x0000000000000626       0x34 d:/00_programowanie/stm32cubeide_1.4.0/stm32cubeide/plugins/com.st.stm32cube.ide.mcu.externaltools.gnu-tools-for-stm32.9-2020-q2-update.win32_2.0.0.202105311346/tools/bin/../lib/gcc/arm-none-eabi/9.3.1/../../../../arm-none-eabi/lib/thumb/v7e-m+fp/hard\libm.a(lib_a-ef_pow.o)
 .ARM.attributes
                0x000000000000065a       0x34 d:/00_programowanie/stm32cubeide_1.4.0/stm32cubeide/plugins/com.st.stm32cube.ide.mcu.externaltools.gnu-tools-for-stm32.9-2020-q2-update.win32_2.0.0.202105311346/tools/bin/../lib/gcc/arm-none-eabi/9.3.1/../../../../arm-none-eabi/lib/thumb/v7e-m+fp/hard\libm.a(lib_a-ef_sqrt.o)
 .ARM.attributes
                0x000000000000068e       0x34 d:/00_programowanie/stm32cubeide_1.4.0/stm32cubeide/plugins/com.st.stm32cube.ide.mcu.externaltools.gnu-tools-for-stm32.9-2020-q2-update.win32_2.0.0.202105311346/tools/bin/../lib/gcc/arm-none-eabi/9.3.1/../../../../arm-none-eabi/lib/thumb/v7e-m+fp/hard\libm.a(lib_a-s_atan.o)
 .ARM.attributes
                0x00000000000006c2       0x34 d:/00_programowanie/stm32cubeide_1.4.0/stm32cubeide/plugins/com.st.stm32cube.ide.mcu.externaltools.gnu-tools-for-stm32.9-2020-q2-update.win32_2.0.0.202105311346/tools/bin/../lib/gcc/arm-none-eabi/9.3.1/../../../../arm-none-eabi/lib/thumb/v7e-m+fp/hard\libm.a(lib_a-s_fabs.o)
 .ARM.attributes
                0x00000000000006f6       0x32 d:/00_programowanie/stm32cubeide_1.4.0/stm32cubeide/plugins/com.st.stm32cube.ide.mcu.externaltools.gnu-tools-for-stm32.9-2020-q2-update.win32_2.0.0.202105311346/tools/bin/../lib/gcc/arm-none-eabi/9.3.1/../../../../arm-none-eabi/lib/thumb/v7e-m+fp/hard\libm.a(lib_a-s_lib_ver.o)
 .ARM.attributes
                0x0000000000000728       0x34 d:/00_programowanie/stm32cubeide_1.4.0/stm32cubeide/plugins/com.st.stm32cube.ide.mcu.externaltools.gnu-tools-for-stm32.9-2020-q2-update.win32_2.0.0.202105311346/tools/bin/../lib/gcc/arm-none-eabi/9.3.1/../../../../arm-none-eabi/lib/thumb/v7e-m+fp/hard\libm.a(lib_a-sf_fabs.o)
 .ARM.attributes
                0x000000000000075c       0x34 d:/00_programowanie/stm32cubeide_1.4.0/stm32cubeide/plugins/com.st.stm32cube.ide.mcu.externaltools.gnu-tools-for-stm32.9-2020-q2-update.win32_2.0.0.202105311346/tools/bin/../lib/gcc/arm-none-eabi/9.3.1/../../../../arm-none-eabi/lib/thumb/v7e-m+fp/hard\libm.a(lib_a-sf_finite.o)
 .ARM.attributes
                0x0000000000000790       0x34 d:/00_programowanie/stm32cubeide_1.4.0/stm32cubeide/plugins/com.st.stm32cube.ide.mcu.externaltools.gnu-tools-for-stm32.9-2020-q2-update.win32_2.0.0.202105311346/tools/bin/../lib/gcc/arm-none-eabi/9.3.1/../../../../arm-none-eabi/lib/thumb/v7e-m+fp/hard\libm.a(lib_a-sf_nan.o)
 .ARM.attributes
                0x00000000000007c4       0x34 d:/00_programowanie/stm32cubeide_1.4.0/stm32cubeide/plugins/com.st.stm32cube.ide.mcu.externaltools.gnu-tools-for-stm32.9-2020-q2-update.win32_2.0.0.202105311346/tools/bin/../lib/gcc/arm-none-eabi/9.3.1/../../../../arm-none-eabi/lib/thumb/v7e-m+fp/hard\libm.a(lib_a-sf_rint.o)
 .ARM.attributes
                0x00000000000007f8       0x34 d:/00_programowanie/stm32cubeide_1.4.0/stm32cubeide/plugins/com.st.stm32cube.ide.mcu.externaltools.gnu-tools-for-stm32.9-2020-q2-update.win32_2.0.0.202105311346/tools/bin/../lib/gcc/arm-none-eabi/9.3.1/../../../../arm-none-eabi/lib/thumb/v7e-m+fp/hard\libm.a(lib_a-sf_scalbn.o)
 .ARM.attributes
                0x000000000000082c       0x34 d:/00_programowanie/stm32cubeide_1.4.0/stm32cubeide/plugins/com.st.stm32cube.ide.mcu.externaltools.gnu-tools-for-stm32.9-2020-q2-update.win32_2.0.0.202105311346/tools/bin/../lib/gcc/arm-none-eabi/9.3.1/../../../../arm-none-eabi/lib/thumb/v7e-m+fp/hard\libc_nano.a(lib_a-errno.o)
 .ARM.attributes
                0x0000000000000860       0x1e d:/00_programowanie/stm32cubeide_1.4.0/stm32cubeide/plugins/com.st.stm32cube.ide.mcu.externaltools.gnu-tools-for-stm32.9-2020-q2-update.win32_2.0.0.202105311346/tools/bin/../lib/gcc/arm-none-eabi/9.3.1/thumb/v7e-m+fp/hard\libgcc.a(_arm_addsubdf3.o)
 .ARM.attributes
                0x000000000000087e       0x1e d:/00_programowanie/stm32cubeide_1.4.0/stm32cubeide/plugins/com.st.stm32cube.ide.mcu.externaltools.gnu-tools-for-stm32.9-2020-q2-update.win32_2.0.0.202105311346/tools/bin/../lib/gcc/arm-none-eabi/9.3.1/thumb/v7e-m+fp/hard\libgcc.a(_arm_muldivdf3.o)
 .ARM.attributes
                0x000000000000089c       0x1e d:/00_programowanie/stm32cubeide_1.4.0/stm32cubeide/plugins/com.st.stm32cube.ide.mcu.externaltools.gnu-tools-for-stm32.9-2020-q2-update.win32_2.0.0.202105311346/tools/bin/../lib/gcc/arm-none-eabi/9.3.1/thumb/v7e-m+fp/hard\libgcc.a(_arm_cmpdf2.o)
 .ARM.attributes
                0x00000000000008ba       0x1e d:/00_programowanie/stm32cubeide_1.4.0/stm32cubeide/plugins/com.st.stm32cube.ide.mcu.externaltools.gnu-tools-for-stm32.9-2020-q2-update.win32_2.0.0.202105311346/tools/bin/../lib/gcc/arm-none-eabi/9.3.1/thumb/v7e-m+fp/hard\libgcc.a(_arm_unorddf2.o)
 .ARM.attributes
                0x00000000000008d8       0x1e d:/00_programowanie/stm32cubeide_1.4.0/stm32cubeide/plugins/com.st.stm32cube.ide.mcu.externaltools.gnu-tools-for-stm32.9-2020-q2-update.win32_2.0.0.202105311346/tools/bin/../lib/gcc/arm-none-eabi/9.3.1/thumb/v7e-m+fp/hard\libgcc.a(_arm_fixdfsi.o)
 .ARM.attributes
                0x00000000000008f6       0x1e d:/00_programowanie/stm32cubeide_1.4.0/stm32cubeide/plugins/com.st.stm32cube.ide.mcu.externaltools.gnu-tools-for-stm32.9-2020-q2-update.win32_2.0.0.202105311346/tools/bin/../lib/gcc/arm-none-eabi/9.3.1/thumb/v7e-m+fp/hard\libgcc.a(_arm_truncdfsf2.o)
 .ARM.attributes
                0x0000000000000914       0x1e d:/00_programowanie/stm32cubeide_1.4.0/stm32cubeide/plugins/com.st.stm32cube.ide.mcu.externaltools.gnu-tools-for-stm32.9-2020-q2-update.win32_2.0.0.202105311346/tools/bin/../lib/gcc/arm-none-eabi/9.3.1/thumb/v7e-m+fp/hard/crtn.o
OUTPUT(STM32L412KBx_CID_REG_SSD1306_test.elf elf32-littlearm)
LOAD linker stubs
LOAD d:/00_programowanie/stm32cubeide_1.4.0/stm32cubeide/plugins/com.st.stm32cube.ide.mcu.externaltools.gnu-tools-for-stm32.9-2020-q2-update.win32_2.0.0.202105311346/tools/bin/../lib/gcc/arm-none-eabi/9.3.1/../../../../arm-none-eabi/lib/thumb/v7e-m+fp/hard\libc.a
LOAD d:/00_programowanie/stm32cubeide_1.4.0/stm32cubeide/plugins/com.st.stm32cube.ide.mcu.externaltools.gnu-tools-for-stm32.9-2020-q2-update.win32_2.0.0.202105311346/tools/bin/../lib/gcc/arm-none-eabi/9.3.1/../../../../arm-none-eabi/lib/thumb/v7e-m+fp/hard\libm.a
LOAD d:/00_programowanie/stm32cubeide_1.4.0/stm32cubeide/plugins/com.st.stm32cube.ide.mcu.externaltools.gnu-tools-for-stm32.9-2020-q2-update.win32_2.0.0.202105311346/tools/bin/../lib/gcc/arm-none-eabi/9.3.1/thumb/v7e-m+fp/hard\libgcc.a

.debug_info     0x0000000000000000    0x16e90
 .debug_info    0x0000000000000000     0x22a6 ./Core/Src/REGmain.o
 .debug_info    0x00000000000022a6       0xba ./Core/Src/stm32l4xx_it.o
 .debug_info    0x0000000000002360      0x5fe ./Core/Src/system_stm32l4xx.o
 .debug_info    0x000000000000295e     0x23a7 ./Core/Src/libs/sw_i2c_simple_v2.o
 .debug_info    0x0000000000004d05     0x2901 ./Core/Src/libs/sw_mpu6050.o
 .debug_info    0x0000000000007606      0xce0 ./Core/Src/libs/sw_rcc.o
 .debug_info    0x00000000000082e6     0x1cb0 ./Core/Src/libs/sw_vcnl4010.o
 .debug_info    0x0000000000009f96     0x27be ./Core/Src/libs/MK_GESTURE_PAJ7620/mk_paj7620.o
 .debug_info    0x000000000000c754     0x1303 ./Core/Src/libs/SW_BOARD/sw_gpio.o
 .debug_info    0x000000000000da57     0x1176 ./Core/Src/libs/SW_BOARD/sw_led_blink_debug.o
 .debug_info    0x000000000000ebcd      0xb6a ./Core/Src/libs/SW_GRAPHICS/SW_FONTS/MicrosoftSansSerif8ptFont_pl.o
 .debug_info    0x000000000000f737      0x221 ./Core/Src/libs/SW_GRAPHICS/SW_SSD1306/framebuffer.o
 .debug_info    0x000000000000f958     0x2530 ./Core/Src/libs/SW_GRAPHICS/SW_SSD1306/sw_ssd1306_v1.o
 .debug_info    0x0000000000011e88      0xff9 ./Core/Src/libs/SW_GRAPHICS/displays.o
 .debug_info    0x0000000000012e81      0x172 ./Core/Src/libs/SW_GRAPHICS/fonts_pl.o
 .debug_info    0x0000000000012ff3     0x18c8 ./Core/Src/libs/SW_GRAPHICS/text.o
 .debug_info    0x00000000000148bb      0x4ca ./Core/Src/libs/SW_STM_PERIPHS/sw_dma.o
 .debug_info    0x0000000000014d85     0x1b4c ./Core/Src/libs/SW_STM_PERIPHS/sw_spi.v2.o
 .debug_info    0x00000000000168d1      0x59d ./Core/Src/libs/SW_TIMERS/sw_soft_timers.o
 .debug_info    0x0000000000016e6e       0x22 ./Core/Startup/startup_stm32l412kbux.o

.debug_abbrev   0x0000000000000000     0x2828
 .debug_abbrev  0x0000000000000000      0x2be ./Core/Src/REGmain.o
 .debug_abbrev  0x00000000000002be       0x31 ./Core/Src/stm32l4xx_it.o
 .debug_abbrev  0x00000000000002ef      0x129 ./Core/Src/system_stm32l4xx.o
 .debug_abbrev  0x0000000000000418      0x331 ./Core/Src/libs/sw_i2c_simple_v2.o
 .debug_abbrev  0x0000000000000749      0x374 ./Core/Src/libs/sw_mpu6050.o
 .debug_abbrev  0x0000000000000abd      0x21a ./Core/Src/libs/sw_rcc.o
 .debug_abbrev  0x0000000000000cd7      0x2cf ./Core/Src/libs/sw_vcnl4010.o
 .debug_abbrev  0x0000000000000fa6      0x386 ./Core/Src/libs/MK_GESTURE_PAJ7620/mk_paj7620.o
 .debug_abbrev  0x000000000000132c      0x17e ./Core/Src/libs/SW_BOARD/sw_gpio.o
 .debug_abbrev  0x00000000000014aa      0x1a9 ./Core/Src/libs/SW_BOARD/sw_led_blink_debug.o
 .debug_abbrev  0x0000000000001653      0x1b4 ./Core/Src/libs/SW_GRAPHICS/SW_FONTS/MicrosoftSansSerif8ptFont_pl.o
 .debug_abbrev  0x0000000000001807       0xe1 ./Core/Src/libs/SW_GRAPHICS/SW_SSD1306/framebuffer.o
 .debug_abbrev  0x00000000000018e8      0x381 ./Core/Src/libs/SW_GRAPHICS/SW_SSD1306/sw_ssd1306_v1.o
 .debug_abbrev  0x0000000000001c69      0x263 ./Core/Src/libs/SW_GRAPHICS/displays.o
 .debug_abbrev  0x0000000000001ecc       0xc4 ./Core/Src/libs/SW_GRAPHICS/fonts_pl.o
 .debug_abbrev  0x0000000000001f90      0x300 ./Core/Src/libs/SW_GRAPHICS/text.o
 .debug_abbrev  0x0000000000002290      0x112 ./Core/Src/libs/SW_STM_PERIPHS/sw_dma.o
 .debug_abbrev  0x00000000000023a2      0x311 ./Core/Src/libs/SW_STM_PERIPHS/sw_spi.v2.o
 .debug_abbrev  0x00000000000026b3      0x163 ./Core/Src/libs/SW_TIMERS/sw_soft_timers.o
 .debug_abbrev  0x0000000000002816       0x12 ./Core/Startup/startup_stm32l412kbux.o

.debug_aranges  0x0000000000000000      0x830
 .debug_aranges
                0x0000000000000000       0x50 ./Core/Src/REGmain.o
 .debug_aranges
                0x0000000000000050       0x58 ./Core/Src/stm32l4xx_it.o
 .debug_aranges
                0x00000000000000a8       0x28 ./Core/Src/system_stm32l4xx.o
 .debug_aranges
                0x00000000000000d0       0x78 ./Core/Src/libs/sw_i2c_simple_v2.o
 .debug_aranges
                0x0000000000000148      0x220 ./Core/Src/libs/sw_mpu6050.o
 .debug_aranges
                0x0000000000000368       0x30 ./Core/Src/libs/sw_rcc.o
 .debug_aranges
                0x0000000000000398       0x90 ./Core/Src/libs/sw_vcnl4010.o
 .debug_aranges
                0x0000000000000428       0x88 ./Core/Src/libs/MK_GESTURE_PAJ7620/mk_paj7620.o
 .debug_aranges
                0x00000000000004b0       0x40 ./Core/Src/libs/SW_BOARD/sw_gpio.o
 .debug_aranges
                0x00000000000004f0       0x58 ./Core/Src/libs/SW_BOARD/sw_led_blink_debug.o
 .debug_aranges
                0x0000000000000548       0x18 ./Core/Src/libs/SW_GRAPHICS/SW_FONTS/MicrosoftSansSerif8ptFont_pl.o
 .debug_aranges
                0x0000000000000560       0x28 ./Core/Src/libs/SW_GRAPHICS/SW_SSD1306/framebuffer.o
 .debug_aranges
                0x0000000000000588       0x70 ./Core/Src/libs/SW_GRAPHICS/SW_SSD1306/sw_ssd1306_v1.o
 .debug_aranges
                0x00000000000005f8       0x58 ./Core/Src/libs/SW_GRAPHICS/displays.o
 .debug_aranges
                0x0000000000000650       0x20 ./Core/Src/libs/SW_GRAPHICS/fonts_pl.o
 .debug_aranges
                0x0000000000000670       0xa8 ./Core/Src/libs/SW_GRAPHICS/text.o
 .debug_aranges
                0x0000000000000718       0x30 ./Core/Src/libs/SW_STM_PERIPHS/sw_dma.o
 .debug_aranges
                0x0000000000000748       0x78 ./Core/Src/libs/SW_STM_PERIPHS/sw_spi.v2.o
 .debug_aranges
                0x00000000000007c0       0x48 ./Core/Src/libs/SW_TIMERS/sw_soft_timers.o
 .debug_aranges
                0x0000000000000808       0x28 ./Core/Startup/startup_stm32l412kbux.o

.debug_ranges   0x0000000000000000      0x6f0
 .debug_ranges  0x0000000000000000       0x40 ./Core/Src/REGmain.o
 .debug_ranges  0x0000000000000040       0x48 ./Core/Src/stm32l4xx_it.o
 .debug_ranges  0x0000000000000088       0x18 ./Core/Src/system_stm32l4xx.o
 .debug_ranges  0x00000000000000a0       0x68 ./Core/Src/libs/sw_i2c_simple_v2.o
 .debug_ranges  0x0000000000000108      0x210 ./Core/Src/libs/sw_mpu6050.o
 .debug_ranges  0x0000000000000318       0x20 ./Core/Src/libs/sw_rcc.o
 .debug_ranges  0x0000000000000338       0x80 ./Core/Src/libs/sw_vcnl4010.o
 .debug_ranges  0x00000000000003b8       0x78 ./Core/Src/libs/MK_GESTURE_PAJ7620/mk_paj7620.o
 .debug_ranges  0x0000000000000430       0x30 ./Core/Src/libs/SW_BOARD/sw_gpio.o
 .debug_ranges  0x0000000000000460       0x48 ./Core/Src/libs/SW_BOARD/sw_led_blink_debug.o
 .debug_ranges  0x00000000000004a8       0x18 ./Core/Src/libs/SW_GRAPHICS/SW_SSD1306/framebuffer.o
 .debug_ranges  0x00000000000004c0       0x60 ./Core/Src/libs/SW_GRAPHICS/SW_SSD1306/sw_ssd1306_v1.o
 .debug_ranges  0x0000000000000520       0x48 ./Core/Src/libs/SW_GRAPHICS/displays.o
 .debug_ranges  0x0000000000000568       0x10 ./Core/Src/libs/SW_GRAPHICS/fonts_pl.o
 .debug_ranges  0x0000000000000578       0x98 ./Core/Src/libs/SW_GRAPHICS/text.o
 .debug_ranges  0x0000000000000610       0x20 ./Core/Src/libs/SW_STM_PERIPHS/sw_dma.o
 .debug_ranges  0x0000000000000630       0x68 ./Core/Src/libs/SW_STM_PERIPHS/sw_spi.v2.o
 .debug_ranges  0x0000000000000698       0x38 ./Core/Src/libs/SW_TIMERS/sw_soft_timers.o
 .debug_ranges  0x00000000000006d0       0x20 ./Core/Startup/startup_stm32l412kbux.o

.debug_macro    0x0000000000000000    0x138a4
 .debug_macro   0x0000000000000000      0x2a8 ./Core/Src/REGmain.o
 .debug_macro   0x00000000000002a8      0xac0 ./Core/Src/REGmain.o
 .debug_macro   0x0000000000000d68       0x10 ./Core/Src/REGmain.o
 .debug_macro   0x0000000000000d78       0x28 ./Core/Src/REGmain.o
 .debug_macro   0x0000000000000da0       0x28 ./Core/Src/REGmain.o
 .debug_macro   0x0000000000000dc8       0x22 ./Core/Src/REGmain.o
 .debug_macro   0x0000000000000dea       0x8e ./Core/Src/REGmain.o
 .debug_macro   0x0000000000000e78       0x51 ./Core/Src/REGmain.o
 .debug_macro   0x0000000000000ec9      0x103 ./Core/Src/REGmain.o
 .debug_macro   0x0000000000000fcc       0x6a ./Core/Src/REGmain.o
 .debug_macro   0x0000000000001036      0x1df ./Core/Src/REGmain.o
 .debug_macro   0x0000000000001215       0x1c ./Core/Src/REGmain.o
 .debug_macro   0x0000000000001231       0x22 ./Core/Src/REGmain.o
 .debug_macro   0x0000000000001253      0x101 ./Core/Src/REGmain.o
 .debug_macro   0x0000000000001354     0x1011 ./Core/Src/REGmain.o
 .debug_macro   0x0000000000002365      0x11f ./Core/Src/REGmain.o
 .debug_macro   0x0000000000002484     0xe4aa ./Core/Src/REGmain.o
 .debug_macro   0x000000000001092e       0x43 ./Core/Src/REGmain.o
 .debug_macro   0x0000000000010971       0x1c ./Core/Src/REGmain.o
 .debug_macro   0x000000000001098d       0x22 ./Core/Src/REGmain.o
 .debug_macro   0x00000000000109af       0x34 ./Core/Src/REGmain.o
 .debug_macro   0x00000000000109e3       0x2e ./Core/Src/REGmain.o
 .debug_macro   0x0000000000010a11       0x28 ./Core/Src/REGmain.o
 .debug_macro   0x0000000000010a39       0x28 ./Core/Src/REGmain.o
 .debug_macro   0x0000000000010a61       0xa0 ./Core/Src/REGmain.o
 .debug_macro   0x0000000000010b01       0x10 ./Core/Src/REGmain.o
 .debug_macro   0x0000000000010b11       0x28 ./Core/Src/REGmain.o
 .debug_macro   0x0000000000010b39       0x52 ./Core/Src/REGmain.o
 .debug_macro   0x0000000000010b8b       0x18 ./Core/Src/REGmain.o
 .debug_macro   0x0000000000010ba3       0x3c ./Core/Src/REGmain.o
 .debug_macro   0x0000000000010bdf       0x34 ./Core/Src/REGmain.o
 .debug_macro   0x0000000000010c13      0x174 ./Core/Src/REGmain.o
 .debug_macro   0x0000000000010d87       0x16 ./Core/Src/REGmain.o
 .debug_macro   0x0000000000010d9d       0x43 ./Core/Src/REGmain.o
 .debug_macro   0x0000000000010de0       0x34 ./Core/Src/REGmain.o
 .debug_macro   0x0000000000010e14       0x10 ./Core/Src/REGmain.o
 .debug_macro   0x0000000000010e24       0x58 ./Core/Src/REGmain.o
 .debug_macro   0x0000000000010e7c       0x71 ./Core/Src/REGmain.o
 .debug_macro   0x0000000000010eed       0x1c ./Core/Src/REGmain.o
 .debug_macro   0x0000000000010f09      0x12a ./Core/Src/REGmain.o
 .debug_macro   0x0000000000011033      0x333 ./Core/Src/REGmain.o
 .debug_macro   0x0000000000011366      0x1a9 ./Core/Src/REGmain.o
 .debug_macro   0x000000000001150f      0x130 ./Core/Src/REGmain.o
 .debug_macro   0x000000000001163f       0x16 ./Core/Src/REGmain.o
 .debug_macro   0x0000000000011655       0x35 ./Core/Src/REGmain.o
 .debug_macro   0x000000000001168a       0x16 ./Core/Src/REGmain.o
 .debug_macro   0x00000000000116a0       0x29 ./Core/Src/REGmain.o
 .debug_macro   0x00000000000116c9       0x22 ./Core/Src/REGmain.o
 .debug_macro   0x00000000000116eb       0x16 ./Core/Src/REGmain.o
 .debug_macro   0x0000000000011701       0x2e ./Core/Src/REGmain.o
 .debug_macro   0x000000000001172f      0x124 ./Core/Src/REGmain.o
 .debug_macro   0x0000000000011853      0x167 ./Core/Src/REGmain.o
 .debug_macro   0x00000000000119ba      0x112 ./Core/Src/REGmain.o
 .debug_macro   0x0000000000011acc       0x2e ./Core/Src/REGmain.o
 .debug_macro   0x0000000000011afa       0x9a ./Core/Src/REGmain.o
 .debug_macro   0x0000000000011b94       0x1b ./Core/Src/stm32l4xx_it.o
 .debug_macro   0x0000000000011baf       0xd3 ./Core/Src/system_stm32l4xx.o
 .debug_macro   0x0000000000011c82      0x121 ./Core/Src/libs/sw_i2c_simple_v2.o
 .debug_macro   0x0000000000011da3      0x20a ./Core/Src/libs/sw_mpu6050.o
 .debug_macro   0x0000000000011fad       0xe4 ./Core/Src/libs/sw_rcc.o
 .debug_macro   0x0000000000012091      0x120 ./Core/Src/libs/sw_vcnl4010.o
 .debug_macro   0x00000000000121b1      0x2a2 ./Core/Src/libs/MK_GESTURE_PAJ7620/mk_paj7620.o
 .debug_macro   0x0000000000012453       0x16 ./Core/Src/libs/MK_GESTURE_PAJ7620/mk_paj7620.o
 .debug_macro   0x0000000000012469       0x97 ./Core/Src/libs/MK_GESTURE_PAJ7620/mk_paj7620.o
 .debug_macro   0x0000000000012500       0xfd ./Core/Src/libs/MK_GESTURE_PAJ7620/mk_paj7620.o
 .debug_macro   0x00000000000125fd       0x10 ./Core/Src/libs/MK_GESTURE_PAJ7620/mk_paj7620.o
 .debug_macro   0x000000000001260d       0x10 ./Core/Src/libs/MK_GESTURE_PAJ7620/mk_paj7620.o
 .debug_macro   0x000000000001261d       0x1c ./Core/Src/libs/MK_GESTURE_PAJ7620/mk_paj7620.o
 .debug_macro   0x0000000000012639       0x52 ./Core/Src/libs/MK_GESTURE_PAJ7620/mk_paj7620.o
 .debug_macro   0x000000000001268b       0x22 ./Core/Src/libs/MK_GESTURE_PAJ7620/mk_paj7620.o
 .debug_macro   0x00000000000126ad       0x10 ./Core/Src/libs/MK_GESTURE_PAJ7620/mk_paj7620.o
 .debug_macro   0x00000000000126bd       0x40 ./Core/Src/libs/MK_GESTURE_PAJ7620/mk_paj7620.o
 .debug_macro   0x00000000000126fd       0xd5 ./Core/Src/libs/MK_GESTURE_PAJ7620/mk_paj7620.o
 .debug_macro   0x00000000000127d2       0x1c ./Core/Src/libs/MK_GESTURE_PAJ7620/mk_paj7620.o
 .debug_macro   0x00000000000127ee       0x3d ./Core/Src/libs/MK_GESTURE_PAJ7620/mk_paj7620.o
 .debug_macro   0x000000000001282b       0x16 ./Core/Src/libs/MK_GESTURE_PAJ7620/mk_paj7620.o
 .debug_macro   0x0000000000012841      0x145 ./Core/Src/libs/MK_GESTURE_PAJ7620/mk_paj7620.o
 .debug_macro   0x0000000000012986      0x105 ./Core/Src/libs/SW_BOARD/sw_gpio.o
 .debug_macro   0x0000000000012a8b      0x118 ./Core/Src/libs/SW_BOARD/sw_led_blink_debug.o
 .debug_macro   0x0000000000012ba3      0x13d ./Core/Src/libs/SW_GRAPHICS/SW_FONTS/MicrosoftSansSerif8ptFont_pl.o
 .debug_macro   0x0000000000012ce0       0x84 ./Core/Src/libs/SW_GRAPHICS/SW_SSD1306/framebuffer.o
 .debug_macro   0x0000000000012d64       0x46 ./Core/Src/libs/SW_GRAPHICS/SW_SSD1306/framebuffer.o
 .debug_macro   0x0000000000012daa      0x219 ./Core/Src/libs/SW_GRAPHICS/SW_SSD1306/sw_ssd1306_v1.o
 .debug_macro   0x0000000000012fc3      0x1dd ./Core/Src/libs/SW_GRAPHICS/displays.o
 .debug_macro   0x00000000000131a0       0x7b ./Core/Src/libs/SW_GRAPHICS/fonts_pl.o
 .debug_macro   0x000000000001321b      0x2b3 ./Core/Src/libs/SW_GRAPHICS/text.o
 .debug_macro   0x00000000000134ce       0x10 ./Core/Src/libs/SW_GRAPHICS/text.o
 .debug_macro   0x00000000000134de       0xe4 ./Core/Src/libs/SW_STM_PERIPHS/sw_dma.o
 .debug_macro   0x00000000000135c2      0x120 ./Core/Src/libs/SW_STM_PERIPHS/sw_spi.v2.o
 .debug_macro   0x00000000000136e2       0x40 ./Core/Src/libs/SW_STM_PERIPHS/sw_spi.v2.o
 .debug_macro   0x0000000000013722       0x6a ./Core/Src/libs/SW_STM_PERIPHS/sw_spi.v2.o
 .debug_macro   0x000000000001378c      0x118 ./Core/Src/libs/SW_TIMERS/sw_soft_timers.o

.debug_line     0x0000000000000000     0xbcb7
 .debug_line    0x0000000000000000      0xc17 ./Core/Src/REGmain.o
 .debug_line    0x0000000000000c17      0x172 ./Core/Src/stm32l4xx_it.o
 .debug_line    0x0000000000000d89      0x64e ./Core/Src/system_stm32l4xx.o
 .debug_line    0x00000000000013d7     0x16d6 ./Core/Src/libs/sw_i2c_simple_v2.o
 .debug_line    0x0000000000002aad     0x12a3 ./Core/Src/libs/sw_mpu6050.o
 .debug_line    0x0000000000003d50      0x750 ./Core/Src/libs/sw_rcc.o
 .debug_line    0x00000000000044a0      0x95d ./Core/Src/libs/sw_vcnl4010.o
 .debug_line    0x0000000000004dfd      0xe7d ./Core/Src/libs/MK_GESTURE_PAJ7620/mk_paj7620.o
 .debug_line    0x0000000000005c7a      0x731 ./Core/Src/libs/SW_BOARD/sw_gpio.o
 .debug_line    0x00000000000063ab      0x7be ./Core/Src/libs/SW_BOARD/sw_led_blink_debug.o
 .debug_line    0x0000000000006b69      0x677 ./Core/Src/libs/SW_GRAPHICS/SW_FONTS/MicrosoftSansSerif8ptFont_pl.o
 .debug_line    0x00000000000071e0      0x4a1 ./Core/Src/libs/SW_GRAPHICS/SW_SSD1306/framebuffer.o
 .debug_line    0x0000000000007681      0xc36 ./Core/Src/libs/SW_GRAPHICS/SW_SSD1306/sw_ssd1306_v1.o
 .debug_line    0x00000000000082b7      0xb6e ./Core/Src/libs/SW_GRAPHICS/displays.o
 .debug_line    0x0000000000008e25      0x479 ./Core/Src/libs/SW_GRAPHICS/fonts_pl.o
 .debug_line    0x000000000000929e      0xf3d ./Core/Src/libs/SW_GRAPHICS/text.o
 .debug_line    0x000000000000a1db      0x6eb ./Core/Src/libs/SW_STM_PERIPHS/sw_dma.o
 .debug_line    0x000000000000a8c6      0xb69 ./Core/Src/libs/SW_STM_PERIPHS/sw_spi.v2.o
 .debug_line    0x000000000000b42f      0x801 ./Core/Src/libs/SW_TIMERS/sw_soft_timers.o
 .debug_line    0x000000000000bc30       0x87 ./Core/Startup/startup_stm32l412kbux.o

.debug_str      0x0000000000000000    0x694ed
 .debug_str     0x0000000000000000    0x65805 ./Core/Src/REGmain.o
                                      0x65b81 (size before relaxing)
 .debug_str     0x0000000000065805       0xad ./Core/Src/stm32l4xx_it.o
                                       0x2ec6 (size before relaxing)
 .debug_str     0x00000000000658b2      0x20b ./Core/Src/system_stm32l4xx.o
                                      0x5cf3b (size before relaxing)
 .debug_str     0x0000000000065abd      0x29c ./Core/Src/libs/sw_i2c_simple_v2.o
                                      0x5fec8 (size before relaxing)
 .debug_str     0x0000000000065d59      0xa8d ./Core/Src/libs/sw_mpu6050.o
                                      0x649da (size before relaxing)
 .debug_str     0x00000000000667e6      0x54a ./Core/Src/libs/sw_rcc.o
                                      0x5d5b8 (size before relaxing)
 .debug_str     0x0000000000066d30      0x28c ./Core/Src/libs/sw_vcnl4010.o
                                      0x605f6 (size before relaxing)
 .debug_str     0x0000000000066fbc     0x12b9 ./Core/Src/libs/MK_GESTURE_PAJ7620/mk_paj7620.o
                                      0x64e68 (size before relaxing)
 .debug_str     0x0000000000068275       0x7f ./Core/Src/libs/SW_BOARD/sw_gpio.o
                                      0x5f794 (size before relaxing)
 .debug_str     0x00000000000682f4       0xe6 ./Core/Src/libs/SW_BOARD/sw_led_blink_debug.o
                                      0x5f7f1 (size before relaxing)
 .debug_str     0x00000000000683da       0x8b ./Core/Src/libs/SW_GRAPHICS/SW_FONTS/MicrosoftSansSerif8ptFont_pl.o
                                       0x768c (size before relaxing)
 .debug_str     0x0000000000068465      0x222 ./Core/Src/libs/SW_GRAPHICS/SW_SSD1306/framebuffer.o
                                       0x40eb (size before relaxing)
 .debug_str     0x0000000000068687      0x17e ./Core/Src/libs/SW_GRAPHICS/SW_SSD1306/sw_ssd1306_v1.o
                                      0x64d15 (size before relaxing)
 .debug_str     0x0000000000068805      0x145 ./Core/Src/libs/SW_GRAPHICS/displays.o
                                      0x61985 (size before relaxing)
 .debug_str     0x000000000006894a       0x49 ./Core/Src/libs/SW_GRAPHICS/fonts_pl.o
                                       0x411e (size before relaxing)
 .debug_str     0x0000000000068993      0x32f ./Core/Src/libs/SW_GRAPHICS/text.o
                                      0x62411 (size before relaxing)
 .debug_str     0x0000000000068cc2       0xa7 ./Core/Src/libs/SW_STM_PERIPHS/sw_dma.o
                                      0x5d02f (size before relaxing)
 .debug_str     0x0000000000068d69      0x5ef ./Core/Src/libs/SW_STM_PERIPHS/sw_spi.v2.o
                                      0x602a9 (size before relaxing)
 .debug_str     0x0000000000069358      0x15f ./Core/Src/libs/SW_TIMERS/sw_soft_timers.o
                                      0x5d4ad (size before relaxing)
 .debug_str     0x00000000000694b7       0x36 ./Core/Startup/startup_stm32l412kbux.o
                                         0xa2 (size before relaxing)

.comment        0x0000000000000000       0x53
 .comment       0x0000000000000000       0x53 ./Core/Src/REGmain.o
                                         0x54 (size before relaxing)
 .comment       0x0000000000000053       0x54 ./Core/Src/stm32l4xx_it.o
 .comment       0x0000000000000053       0x54 ./Core/Src/system_stm32l4xx.o
 .comment       0x0000000000000053       0x54 ./Core/Src/libs/sw_i2c_simple_v2.o
 .comment       0x0000000000000053       0x54 ./Core/Src/libs/sw_mpu6050.o
 .comment       0x0000000000000053       0x54 ./Core/Src/libs/sw_rcc.o
 .comment       0x0000000000000053       0x54 ./Core/Src/libs/sw_vcnl4010.o
 .comment       0x0000000000000053       0x54 ./Core/Src/libs/MK_GESTURE_PAJ7620/mk_paj7620.o
 .comment       0x0000000000000053       0x54 ./Core/Src/libs/SW_BOARD/sw_gpio.o
 .comment       0x0000000000000053       0x54 ./Core/Src/libs/SW_BOARD/sw_led_blink_debug.o
 .comment       0x0000000000000053       0x54 ./Core/Src/libs/SW_GRAPHICS/SW_FONTS/MicrosoftSansSerif8ptFont_pl.o
 .comment       0x0000000000000053       0x54 ./Core/Src/libs/SW_GRAPHICS/SW_SSD1306/framebuffer.o
 .comment       0x0000000000000053       0x54 ./Core/Src/libs/SW_GRAPHICS/SW_SSD1306/sw_ssd1306_v1.o
 .comment       0x0000000000000053       0x54 ./Core/Src/libs/SW_GRAPHICS/displays.o
 .comment       0x0000000000000053       0x54 ./Core/Src/libs/SW_GRAPHICS/fonts_pl.o
 .comment       0x0000000000000053       0x54 ./Core/Src/libs/SW_GRAPHICS/text.o
 .comment       0x0000000000000053       0x54 ./Core/Src/libs/SW_STM_PERIPHS/sw_dma.o
 .comment       0x0000000000000053       0x54 ./Core/Src/libs/SW_STM_PERIPHS/sw_spi.v2.o
 .comment       0x0000000000000053       0x54 ./Core/Src/libs/SW_TIMERS/sw_soft_timers.o

.debug_frame    0x0000000000000000     0x2268
 .debug_frame   0x0000000000000000      0x110 ./Core/Src/REGmain.o
 .debug_frame   0x0000000000000110       0xe8 ./Core/Src/stm32l4xx_it.o
 .debug_frame   0x00000000000001f8       0x58 ./Core/Src/system_stm32l4xx.o
 .debug_frame   0x0000000000000250      0x1dc ./Core/Src/libs/sw_i2c_simple_v2.o
 .debug_frame   0x000000000000042c      0x8a4 ./Core/Src/libs/sw_mpu6050.o
 .debug_frame   0x0000000000000cd0       0x80 ./Core/Src/libs/sw_rcc.o
 .debug_frame   0x0000000000000d50      0x228 ./Core/Src/libs/sw_vcnl4010.o
 .debug_frame   0x0000000000000f78      0x21c ./Core/Src/libs/MK_GESTURE_PAJ7620/mk_paj7620.o
 .debug_frame   0x0000000000001194       0xd0 ./Core/Src/libs/SW_BOARD/sw_gpio.o
 .debug_frame   0x0000000000001264      0x108 ./Core/Src/libs/SW_BOARD/sw_led_blink_debug.o
 .debug_frame   0x000000000000136c       0x54 ./Core/Src/libs/SW_GRAPHICS/SW_SSD1306/framebuffer.o
 .debug_frame   0x00000000000013c0      0x1b8 ./Core/Src/libs/SW_GRAPHICS/SW_SSD1306/sw_ssd1306_v1.o
 .debug_frame   0x0000000000001578      0x144 ./Core/Src/libs/SW_GRAPHICS/displays.o
 .debug_frame   0x00000000000016bc       0x38 ./Core/Src/libs/SW_GRAPHICS/fonts_pl.o
 .debug_frame   0x00000000000016f4      0x2c8 ./Core/Src/libs/SW_GRAPHICS/text.o
 .debug_frame   0x00000000000019bc       0x88 ./Core/Src/libs/SW_STM_PERIPHS/sw_dma.o
 .debug_frame   0x0000000000001a44      0x1a4 ./Core/Src/libs/SW_STM_PERIPHS/sw_spi.v2.o
 .debug_frame   0x0000000000001be8       0xe0 ./Core/Src/libs/SW_TIMERS/sw_soft_timers.o
 .debug_frame   0x0000000000001cc8       0x2c d:/00_programowanie/stm32cubeide_1.4.0/stm32cubeide/plugins/com.st.stm32cube.ide.mcu.externaltools.gnu-tools-for-stm32.9-2020-q2-update.win32_2.0.0.202105311346/tools/bin/../lib/gcc/arm-none-eabi/9.3.1/../../../../arm-none-eabi/lib/thumb/v7e-m+fp/hard\libc_nano.a(lib_a-init.o)
 .debug_frame   0x0000000000001cf4       0x38 d:/00_programowanie/stm32cubeide_1.4.0/stm32cubeide/plugins/com.st.stm32cube.ide.mcu.externaltools.gnu-tools-for-stm32.9-2020-q2-update.win32_2.0.0.202105311346/tools/bin/../lib/gcc/arm-none-eabi/9.3.1/../../../../arm-none-eabi/lib/thumb/v7e-m+fp/hard\libc_nano.a(lib_a-itoa.o)