Archive member included to satisfy reference by file (symbol)

d:/00_programowanie/stm32cubeide_1.4.0/stm32cubeide/plugins/com.st.stm32cube.ide.mcu.externaltools.gnu-tools-for-stm32.9-2020-q2-update.win32_2.0.0.202105311346/tools/bin/../lib/gcc/arm-none-eabi/9.3.1/../../../../arm-none-eabi/lib/thumb/v7e-m+fp/hard\libc_nano.a(lib_a-exit.o)
                              d:/00_programowanie/stm32cubeide_1.4.0/stm32cubeide/plugins/com.st.stm32cube.ide.mcu.externaltools.gnu-tools-for-stm32.9-2020-q2-update.win32_2.0.0.202105311346/tools/bin/../lib/gcc/arm-none-eabi/9.3.1/../../../../arm-none-eabi/lib/thumb/v7e-m+fp/hard/crt0.o (exit)
d:/00_programowanie/stm32cubeide_1.4.0/stm32cubeide/plugins/com.st.stm32cube.ide.mcu.externaltools.gnu-tools-for-stm32.9-2020-q2-update.win32_2.0.0.202105311346/tools/bin/../lib/gcc/arm-none-eabi/9.3.1/../../../../arm-none-eabi/lib/thumb/v7e-m+fp/hard\libc_nano.a(lib_a-impure.o)
                              d:/00_programowanie/stm32cubeide_1.4.0/stm32cubeide/plugins/com.st.stm32cube.ide.mcu.externaltools.gnu-tools-for-stm32.9-2020-q2-update.win32_2.0.0.202105311346/tools/bin/../lib/gcc/arm-none-eabi/9.3.1/../../../../arm-none-eabi/lib/thumb/v7e-m+fp/hard\libc_nano.a(lib_a-exit.o) (_global_impure_ptr)
d:/00_programowanie/stm32cubeide_1.4.0/stm32cubeide/plugins/com.st.stm32cube.ide.mcu.externaltools.gnu-tools-for-stm32.9-2020-q2-update.win32_2.0.0.202105311346/tools/bin/../lib/gcc/arm-none-eabi/9.3.1/../../../../arm-none-eabi/lib/thumb/v7e-m+fp/hard\libc_nano.a(lib_a-init.o)
                              d:/00_programowanie/stm32cubeide_1.4.0/stm32cubeide/plugins/com.st.stm32cube.ide.mcu.externaltools.gnu-tools-for-stm32.9-2020-q2-update.win32_2.0.0.202105311346/tools/bin/../lib/gcc/arm-none-eabi/9.3.1/../../../../arm-none-eabi/lib/thumb/v7e-m+fp/hard/crt0.o (__libc_init_array)
d:/00_programowanie/stm32cubeide_1.4.0/stm32cubeide/plugins/com.st.stm32cube.ide.mcu.externaltools.gnu-tools-for-stm32.9-2020-q2-update.win32_2.0.0.202105311346/tools/bin/../lib/gcc/arm-none-eabi/9.3.1/../../../../arm-none-eabi/lib/thumb/v7e-m+fp/hard\libc_nano.a(lib_a-itoa.o)
                              ./Core/Src/libs/SW_GRAPHICS/text.o (itoa)
d:/00_programowanie/stm32cubeide_1.4.0/stm32cubeide/plugins/com.st.stm32cube.ide.mcu.externaltools.gnu-tools-for-stm32.9-2020-q2-update.win32_2.0.0.202105311346/tools/bin/../lib/gcc/arm-none-eabi/9.3.1/../../../../arm-none-eabi/lib/thumb/v7e-m+fp/hard\libc_nano.a(lib_a-memset.o)
                              d:/00_programowanie/stm32cubeide_1.4.0/stm32cubeide/plugins/com.st.stm32cube.ide.mcu.externaltools.gnu-tools-for-stm32.9-2020-q2-update.win32_2.0.0.202105311346/tools/bin/../lib/gcc/arm-none-eabi/9.3.1/../../../../arm-none-eabi/lib/thumb/v7e-m+fp/hard/crt0.o (memset)
d:/00_programowanie/stm32cubeide_1.4.0/stm32cubeide/plugins/com.st.stm32cube.ide.mcu.externaltools.gnu-tools-for-stm32.9-2020-q2-update.win32_2.0.0.202105311346/tools/bin/../lib/gcc/arm-none-eabi/9.3.1/../../../../arm-none-eabi/lib/thumb/v7e-m+fp/hard\libc_nano.a(lib_a-strcat.o)
                              ./Core/Src/libs/SW_GRAPHICS/text.o (strcat)
d:/00_programowanie/stm32cubeide_1.4.0/stm32cubeide/plugins/com.st.stm32cube.ide.mcu.externaltools.gnu-tools-for-stm32.9-2020-q2-update.win32_2.0.0.202105311346/tools/bin/../lib/gcc/arm-none-eabi/9.3.1/../../../../arm-none-eabi/lib/thumb/v7e-m+fp/hard\libc_nano.a(lib_a-strlen.o)
                              ./Core/Src/libs/sw_ltoa.o (strlen)
d:/00_programowanie/stm32cubeide_1.4.0/stm32cubeide/plugins/com.st.stm32cube.ide.mcu.externaltools.gnu-tools-for-stm32.9-2020-q2-update.win32_2.0.0.202105311346/tools/bin/../lib/gcc/arm-none-eabi/9.3.1/../../../../arm-none-eabi/lib/thumb/v7e-m+fp/hard\libc_nano.a(lib_a-utoa.o)
                              d:/00_programowanie/stm32cubeide_1.4.0/stm32cubeide/plugins/com.st.stm32cube.ide.mcu.externaltools.gnu-tools-for-stm32.9-2020-q2-update.win32_2.0.0.202105311346/tools/bin/../lib/gcc/arm-none-eabi/9.3.1/../../../../arm-none-eabi/lib/thumb/v7e-m+fp/hard\libc_nano.a(lib_a-itoa.o) (__utoa)
d:/00_programowanie/stm32cubeide_1.4.0/stm32cubeide/plugins/com.st.stm32cube.ide.mcu.externaltools.gnu-tools-for-stm32.9-2020-q2-update.win32_2.0.0.202105311346/tools/bin/../lib/gcc/arm-none-eabi/9.3.1/../../../../arm-none-eabi/lib/thumb/v7e-m+fp/hard\libm.a(lib_a-w_sqrt.o)
                              ./Core/Src/libs/sw_mpu6050.o (sqrt)
d:/00_programowanie/stm32cubeide_1.4.0/stm32cubeide/plugins/com.st.stm32cube.ide.mcu.externaltools.gnu-tools-for-stm32.9-2020-q2-update.win32_2.0.0.202105311346/tools/bin/../lib/gcc/arm-none-eabi/9.3.1/../../../../arm-none-eabi/lib/thumb/v7e-m+fp/hard\libm.a(lib_a-wf_pow.o)
                              ./Core/Src/libs/SW_GRAPHICS/text.o (powf)
[...]
Memory Configuration

Name             Origin             Length             Attributes
FLASH            0x0000000008000000 0x0000000000020000 xr
RAM              0x0000000020000000 0x000000000000a000 xrw
*default*        0x0000000000000000 0xffffffffffffffff

Linker script and memory map

LOAD d:/00_programowanie/stm32cubeide_1.4.0/stm32cubeide/plugins/com.st.stm32cube.ide.mcu.externaltools.gnu-tools-for-stm32.9-2020-q2-update.win32_2.0.0.202105311346/tools/bin/../lib/gcc/arm-none-eabi/9.3.1/thumb/v7e-m+fp/hard/crti.o
LOAD d:/00_programowanie/stm32cubeide_1.4.0/stm32cubeide/plugins/com.st.stm32cube.ide.mcu.externaltools.gnu-tools-for-stm32.9-2020-q2-update.win32_2.0.0.202105311346/tools/bin/../lib/gcc/arm-none-eabi/9.3.1/thumb/v7e-m+fp/hard/crtbegin.o
LOAD d:/00_programowanie/stm32cubeide_1.4.0/stm32cubeide/plugins/com.st.stm32cube.ide.mcu.externaltools.gnu-tools-for-stm32.9-2020-q2-update.win32_2.0.0.202105311346/tools/bin/../lib/gcc/arm-none-eabi/9.3.1/../../../../arm-none-eabi/lib/thumb/v7e-m+fp/hard/crt0.o
LOAD ./Core/Src/REGmain.o
LOAD ./Core/Src/stm32l4xx_it.o
LOAD ./Core/Src/system_stm32l4xx.o
LOAD ./Core/Src/libs/KalmanFilter.o
LOAD ./Core/Src/libs/VL53L0X.o
LOAD ./Core/Src/libs/gpio.o
LOAD ./Core/Src/libs/spi.o
LOAD ./Core/Src/libs/sw_ADXL345.o
LOAD ./Core/Src/libs/sw_APDS9960.o
LOAD ./Core/Src/libs/sw_i2c_simple_v2.o
LOAD ./Core/Src/libs/sw_ltoa.o
LOAD ./Core/Src/libs/sw_mpu6050.o
LOAD ./Core/Src/libs/sw_rcc.o
LOAD ./Core/Src/libs/sw_vcnl4010.o
LOAD ./Core/Src/libs/MK_GESTURE_PAJ7620/mk_paj7620.o
LOAD ./Core/Src/libs/SW_BOARD/sw_gpio.o
LOAD ./Core/Src/libs/SW_BOARD/sw_led_blink_debug.o
LOAD ./Core/Src/libs/SW_GRAPHICS/SW_FONTS/Arial6pt_var.o
LOAD ./Core/Src/libs/SW_GRAPHICS/SW_FONTS/ArialBlack_Digits_15x20_fixed.o
LOAD ./Core/Src/libs/SW_GRAPHICS/SW_FONTS/ArialBlack_Digits_21x27_fixed.o
LOAD ./Core/Src/libs/SW_GRAPHICS/SW_FONTS/Calibri22pt_var.o
LOAD ./Core/Src/libs/SW_GRAPHICS/SW_FONTS/Fixedsys_Digits_18x27_fixed.o
LOAD ./Core/Src/libs/SW_GRAPHICS/SW_FONTS/Impact_Digits_21x27_fixed.o
LOAD ./Core/Src/libs/SW_GRAPHICS/SW_FONTS/LCD_5x8.o
LOAD ./Core/Src/libs/SW_GRAPHICS/SW_FONTS/MagicMatrix_3x5_numbers.o
LOAD ./Core/Src/libs/SW_GRAPHICS/SW_FONTS/MagicMatrix_3x7_numbers.o
LOAD ./Core/Src/libs/SW_GRAPHICS/SW_FONTS/MicrosoftSansSerif8ptFont_pl.o
LOAD ./Core/Src/libs/SW_GRAPHICS/SW_FONTS/PMingLiU_ExtB20pt_bolditalic_fixed.o
LOAD ./Core/Src/libs/SW_GRAPHICS/SW_FONTS/PMingLiU_ExtB20pt_bolditalic_tighest.o
LOAD ./Core/Src/libs/SW_GRAPHICS/SW_FONTS/Simon_Digits_10x17_fixed.o
LOAD ./Core/Src/libs/SW_GRAPHICS/SW_FONTS/Simon_Digits_16x29_fixed.o
LOAD ./Core/Src/libs/SW_GRAPHICS/SW_FONTS/Simon_Digits_17x27_fixed.o
LOAD ./Core/Src/libs/SW_GRAPHICS/SW_FONTS/Simon_Digits_8x15_fixed.o
LOAD ./Core/Src/libs/SW_GRAPHICS/SW_FONTS/Simon_Digits_8x15_fixed_v2.o
LOAD ./Core/Src/libs/SW_GRAPHICS/SW_FONTS/Simon_Digits_8x15_fixed_v3.o
LOAD ./Core/Src/libs/SW_GRAPHICS/SW_FONTS/SubwayTicker32ptFontInfo.o
LOAD ./Core/Src/libs/SW_GRAPHICS/SW_FONTS/Terminal_Digits_11x27_fixed.o
LOAD ./Core/Src/libs/SW_GRAPHICS/SW_FONTS/Terminal_Digits_8x18_fixed.o
LOAD ./Core/Src/libs/SW_GRAPHICS/SW_FONTS/Unispace_Digits_18x27_fixed.o
LOAD ./Core/Src/libs/SW_GRAPHICS/SW_SSD1306/framebuffer.o
LOAD ./Core/Src/libs/SW_GRAPHICS/SW_SSD1306/sw_ssd1306_v1.o
LOAD ./Core/Src/libs/SW_GRAPHICS/displays.o
LOAD ./Core/Src/libs/SW_GRAPHICS/fonts_pl.o
LOAD ./Core/Src/libs/SW_GRAPHICS/text.o
LOAD ./Core/Src/libs/SW_STM_PERIPHS/sw_dma.o
LOAD ./Core/Src/libs/SW_STM_PERIPHS/sw_spi.v2.o
LOAD ./Core/Src/libs/SW_TIMERS/sw_soft_timers.o
LOAD ./Core/Startup/startup_stm32l412kbux.o
START GROUP
LOAD d:/00_programowanie/stm32cubeide_1.4.0/stm32cubeide/plugins/com.st.stm32cube.ide.mcu.externaltools.gnu-tools-for-stm32.9-2020-q2-update.win32_2.0.0.202105311346/tools/bin/../lib/gcc/arm-none-eabi/9.3.1/../../../../arm-none-eabi/lib/thumb/v7e-m+fp/hard\libc_nano.a
LOAD d:/00_programowanie/stm32cubeide_1.4.0/stm32cubeide/plugins/com.st.stm32cube.ide.mcu.externaltools.gnu-tools-for-stm32.9-2020-q2-update.win32_2.0.0.202105311346/tools/bin/../lib/gcc/arm-none-eabi/9.3.1/../../../../arm-none-eabi/lib/thumb/v7e-m+fp/hard\libm.a
END GROUP
START GROUP
LOAD d:/00_programowanie/stm32cubeide_1.4.0/stm32cubeide/plugins/com.st.stm32cube.ide.mcu.externaltools.gnu-tools-for-stm32.9-2020-q2-update.win32_2.0.0.202105311346/tools/bin/../lib/gcc/arm-none-eabi/9.3.1/thumb/v7e-m+fp/hard\libgcc.a
LOAD d:/00_programowanie/stm32cubeide_1.4.0/stm32cubeide/plugins/com.st.stm32cube.ide.mcu.externaltools.gnu-tools-for-stm32.9-2020-q2-update.win32_2.0.0.202105311346/tools/bin/../lib/gcc/arm-none-eabi/9.3.1/../../../../arm-none-eabi/lib/thumb/v7e-m+fp/hard\libc_nano.a
END GROUP
START GROUP
LOAD d:/00_programowanie/stm32cubeide_1.4.0/stm32cubeide/plugins/com.st.stm32cube.ide.mcu.externaltools.gnu-tools-for-stm32.9-2020-q2-update.win32_2.0.0.202105311346/tools/bin/../lib/gcc/arm-none-eabi/9.3.1/thumb/v7e-m+fp/hard\libgcc.a
LOAD d:/00_programowanie/stm32cubeide_1.4.0/stm32cubeide/plugins/com.st.stm32cube.ide.mcu.externaltools.gnu-tools-for-stm32.9-2020-q2-update.win32_2.0.0.202105311346/tools/bin/../lib/gcc/arm-none-eabi/9.3.1/../../../../arm-none-eabi/lib/thumb/v7e-m+fp/hard\libc_nano.a
LOAD d:/00_programowanie/stm32cubeide_1.4.0/stm32cubeide/plugins/com.st.stm32cube.ide.mcu.externaltools.gnu-tools-for-stm32.9-2020-q2-update.win32_2.0.0.202105311346/tools/bin/../lib/gcc/arm-none-eabi/9.3.1/../../../../arm-none-eabi/lib/thumb/v7e-m+fp/hard\libnosys.a
END GROUP
START GROUP
LOAD d:/00_programowanie/stm32cubeide_1.4.0/stm32cubeide/plugins/com.st.stm32cube.ide.mcu.externaltools.gnu-tools-for-stm32.9-2020-q2-update.win32_2.0.0.202105311346/tools/bin/../lib/gcc/arm-none-eabi/9.3.1/thumb/v7e-m+fp/hard\libgcc.a
LOAD d:/00_programowanie/stm32cubeide_1.4.0/stm32cubeide/plugins/com.st.stm32cube.ide.mcu.externaltools.gnu-tools-for-stm32.9-2020-q2-update.win32_2.0.0.202105311346/tools/bin/../lib/gcc/arm-none-eabi/9.3.1/../../../../arm-none-eabi/lib/thumb/v7e-m+fp/hard\libc_nano.a
LOAD d:/00_programowanie/stm32cubeide_1.4.0/stm32cubeide/plugins/com.st.stm32cube.ide.mcu.externaltools.gnu-tools-for-stm32.9-2020-q2-update.win32_2.0.0.202105311346/tools/bin/../lib/gcc/arm-none-eabi/9.3.1/../../../../arm-none-eabi/lib/thumb/v7e-m+fp/hard\libnosys.a
END GROUP
LOAD d:/00_programowanie/stm32cubeide_1.4.0/stm32cubeide/plugins/com.st.stm32cube.ide.mcu.externaltools.gnu-tools-for-stm32.9-2020-q2-update.win32_2.0.0.202105311346/tools/bin/../lib/gcc/arm-none-eabi/9.3.1/thumb/v7e-m+fp/hard/crtend.o
LOAD d:/00_programowanie/stm32cubeide_1.4.0/stm32cubeide/plugins/com.st.stm32cube.ide.mcu.externaltools.gnu-tools-for-stm32.9-2020-q2-update.win32_2.0.0.202105311346/tools/bin/../lib/gcc/arm-none-eabi/9.3.1/thumb/v7e-m+fp/hard/crtn.o
                0x000000002000a000                _estack = 0x2000a000
                0x0000000000000200                _Min_Heap_Size = 0x200
                0x0000000000000400                _Min_Stack_Size = 0x400

.isr_vector     0x0000000008000000      0x190
                0x0000000008000000                . = ALIGN (0x8)
 *(.isr_vector)
 .isr_vector    0x0000000008000000      0x18c ./Core/Startup/startup_stm32l412kbux.o
                0x0000000008000000                g_pfnVectors
                0x0000000008000190                . = ALIGN (0x8)
 *fill*         0x000000000800018c        0x4 

.text           0x0000000008000190     0x46e8
                0x0000000008000190                . = ALIGN (0x8)
 *(.text)
 .text          0x0000000008000190       0x40 d:/00_programowanie/stm32cubeide_1.4.0/stm32cubeide/plugins/com.st.stm32cube.ide.mcu.externaltools.gnu-tools-for-stm32.9-2020-q2-update.win32_2.0.0.202105311346/tools/bin/../lib/gcc/arm-none-eabi/9.3.1/thumb/v7e-m+fp/hard/crtbegin.o
 .text          0x00000000080001d0      0x378 d:/00_programowanie/stm32cubeide_1.4.0/stm32cubeide/plugins/com.st.stm32cube.ide.mcu.externaltools.gnu-tools-for-stm32.9-2020-q2-update.win32_2.0.0.202105311346/tools/bin/../lib/gcc/arm-none-eabi/9.3.1/thumb/v7e-m+fp/hard\libgcc.a(_arm_addsubdf3.o)
                0x00000000080001d0                __aeabi_drsub
                0x00000000080001d8                __aeabi_dsub
                0x00000000080001d8                __subdf3
                0x00000000080001dc                __aeabi_dadd
                0x00000000080001dc                __adddf3
                0x0000000008000454                __floatunsidf
                0x0000000008000454                __aeabi_ui2d
                0x0000000008000474                __floatsidf
                0x0000000008000474                __aeabi_i2d
                0x0000000008000498                __aeabi_f2d
                0x0000000008000498                __extendsfdf2
                0x00000000080004dc                __floatundidf
                0x00000000080004dc                __aeabi_ul2d
                0x00000000080004ec                __floatdidf
                0x00000000080004ec                __aeabi_l2d
 .text          0x0000000008000548      0x424 d:/00_programowanie/stm32cubeide_1.4.0/stm32cubeide/plugins/com.st.stm32cube.ide.mcu.externaltools.gnu-tools-for-stm32.9-2020-q2-update.win32_2.0.0.202105311346/tools/bin/../lib/gcc/arm-none-eabi/9.3.1/thumb/v7e-m+fp/hard\libgcc.a(_arm_muldivdf3.o)
                0x0000000008000548                __aeabi_dmul
                0x0000000008000548                __muldf3
                0x000000000800079c                __divdf3
                0x000000000800079c                __aeabi_ddiv
 .text          0x000000000800096c      0x110 d:/00_programowanie/stm32cubeide_1.4.0/stm32cubeide/plugins/com.st.stm32cube.ide.mcu.externaltools.gnu-tools-for-stm32.9-2020-q2-update.win32_2.0.0.202105311346/tools/bin/../lib/gcc/arm-none-eabi/9.3.1/thumb/v7e-m+fp/hard\libgcc.a(_arm_cmpdf2.o)
                0x000000000800096c                __gtdf2
                0x000000000800096c                __gedf2
                0x0000000008000974                __ltdf2
                0x0000000008000974                __ledf2
                0x000000000800097c                __nedf2
                0x000000000800097c                __eqdf2
                0x000000000800097c                __cmpdf2
                0x00000000080009f8                __aeabi_cdrcmple
                0x0000000008000a08                __aeabi_cdcmpeq
                0x0000000008000a08                __aeabi_cdcmple
                0x0000000008000a18                __aeabi_dcmpeq
                0x0000000008000a2c                __aeabi_dcmplt
                0x0000000008000a40                __aeabi_dcmple
                0x0000000008000a54                __aeabi_dcmpge
                0x0000000008000a68                __aeabi_dcmpgt
 .text          0x0000000008000a7c       0x2c d:/00_programowanie/stm32cubeide_1.4.0/stm32cubeide/plugins/com.st.stm32cube.ide.mcu.externaltools.gnu-tools-for-stm32.9-2020-q2-update.win32_2.0.0.202105311346/tools/bin/../lib/gcc/arm-none-eabi/9.3.1/thumb/v7e-m+fp/hard\libgcc.a(_arm_unorddf2.o)
                0x0000000008000a7c                __unorddf2
                0x0000000008000a7c                __aeabi_dcmpun
 .text          0x0000000008000aa8       0xa0 d:/00_programowanie/stm32cubeide_1.4.0/stm32cubeide/plugins/com.st.stm32cube.ide.mcu.externaltools.gnu-tools-for-stm32.9-2020-q2-update.win32_2.0.0.202105311346/tools/bin/../lib/gcc/arm-none-eabi/9.3.1/thumb/v7e-m+fp/hard\libgcc.a(_arm_truncdfsf2.o)
                0x0000000008000aa8                __truncdfsf2
                0x0000000008000aa8                __aeabi_d2f
 *(.text*)
 .text.main     0x0000000008000b48       0xac ./Core/Src/REGmain.o
                0x0000000008000b48                main
 .text.srednia1
                0x0000000008000bf4       0x8c ./Core/Src/REGmain.o
 .text.mpu6050_test_init
                0x0000000008000c80       0x2e ./Core/Src/REGmain.o
                0x0000000008000c80                mpu6050_test_init
 *fill*         0x0000000008000cae        0x2 
 .text.mpu6050_test_loop
                0x0000000008000cb0       0x9c ./Core/Src/REGmain.o
                0x0000000008000cb0                mpu6050_test_loop
 .text.srednia2
                0x0000000008000d4c       0x80 ./Core/Src/REGmain.o
 .text.pomiar   0x0000000008000dcc       0x80 ./Core/Src/REGmain.o
                0x0000000008000dcc                pomiar
 .text.my_gesture
                0x0000000008000e4c       0x1e ./Core/Src/REGmain.o
                0x0000000008000e4c                my_gesture
 .text.NMI_Handler
                0x0000000008000e6a        0x6 ./Core/Src/stm32l4xx_it.o
                0x0000000008000e6a                NMI_Handler
 .text.HardFault_Handler
                0x0000000008000e70        0x6 ./Core/Src/stm32l4xx_it.o
                0x0000000008000e70                HardFault_Handler
 .text.MemManage_Handler
                0x0000000008000e76        0x6 ./Core/Src/stm32l4xx_it.o
                0x0000000008000e76                MemManage_Handler
 .text.BusFault_Handler
                0x0000000008000e7c        0x6 ./Core/Src/stm32l4xx_it.o
                0x0000000008000e7c                BusFault_Handler
 .text.UsageFault_Handler
                0x0000000008000e82        0x6 ./Core/Src/stm32l4xx_it.o
                0x0000000008000e82                UsageFault_Handler
 .text.SVC_Handler
                0x0000000008000e88        0xe ./Core/Src/stm32l4xx_it.o
                0x0000000008000e88                SVC_Handler
 .text.DebugMon_Handler
                0x0000000008000e96        0xe ./Core/Src/stm32l4xx_it.o
                0x0000000008000e96                DebugMon_Handler
 .text.PendSV_Handler
                0x0000000008000ea4        0xe ./Core/Src/stm32l4xx_it.o
                0x0000000008000ea4                PendSV_Handler
 *fill*         0x0000000008000eb2        0x2 
 .text.SystemInit
                0x0000000008000eb4       0x64 ./Core/Src/system_stm32l4xx.o
                0x0000000008000eb4                SystemInit
 .text.SystemCoreClockUpdate
                0x0000000008000f18      0x15c ./Core/Src/system_stm32l4xx.o
                0x0000000008000f18                SystemCoreClockUpdate
 .text.sw_i2c_write_buff
                0x0000000008001074       0xb8 ./Core/Src/libs/sw_i2c_simple_v2.o
 .text.sw_i2c_read_buff
                0x000000000800112c       0x7c ./Core/Src/libs/sw_i2c_simple_v2.o
 .text.sw_i2c_write_byte
                0x00000000080011a8      0x180 ./Core/Src/libs/sw_i2c_simple_v2.o
                0x00000000080011a8                sw_i2c_write_byte
 .text.sw_i2c_read_bulk
                0x0000000008001328      0x1dc ./Core/Src/libs/sw_i2c_simple_v2.o
                0x0000000008001328                sw_i2c_read_bulk
 .text.sw_i2c_write_bulk
                0x0000000008001504      0x2f8 ./Core/Src/libs/sw_i2c_simple_v2.o
                0x0000000008001504                sw_i2c_write_bulk
 .text.sw_i2c_write_reg
                0x00000000080017fc      0x220 ./Core/Src/libs/sw_i2c_simple_v2.o
                0x00000000080017fc                sw_i2c_write_reg
 .text.sw_i2c_read_reg
                0x0000000008001a1c      0x250 ./Core/Src/libs/sw_i2c_simple_v2.o
                0x0000000008001a1c                sw_i2c_read_reg
 .text.sw_i2c_simple_init
                0x0000000008001c6c       0xdc ./Core/Src/libs/sw_i2c_simple_v2.o
                0x0000000008001c6c                sw_i2c_simple_init
 .text.sw_i2c_IsDeviceReady
                0x0000000008001d48       0xa4 ./Core/Src/libs/sw_i2c_simple_v2.o
                0x0000000008001d48                sw_i2c_IsDeviceReady
 .text.MPU6050__fastRegister8
                0x0000000008001dec       0x2c ./Core/Src/libs/sw_mpu6050.o
 .text.MPU6050__readRegister8
                0x0000000008001e18       0x2c ./Core/Src/libs/sw_mpu6050.o
 .text.MPU6050__writeRegister8
                0x0000000008001e44       0x2a ./Core/Src/libs/sw_mpu6050.o
 .text.MPU6050__readRegister16
                0x0000000008001e6e       0x44 ./Core/Src/libs/sw_mpu6050.o
 .text.MPU6050__writeRegisterBit
                0x0000000008001eb2       0x66 ./Core/Src/libs/sw_mpu6050.o
 .text.MPU6050__setThreshold
                0x0000000008001f18       0xb4 ./Core/Src/libs/sw_mpu6050.o
                0x0000000008001f18                MPU6050__setThreshold
 .text.MPU6050__calibrateGyro
                0x0000000008001fcc      0x240 ./Core/Src/libs/sw_mpu6050.o
                0x0000000008001fcc                MPU6050__calibrateGyro
 .text.MPU6050__init
                0x000000000800220c       0x94 ./Core/Src/libs/sw_mpu6050.o
                0x000000000800220c                MPU6050__init
 .text.MPU6050__setScale
                0x00000000080022a0       0x94 ./Core/Src/libs/sw_mpu6050.o
                0x00000000080022a0                MPU6050__setScale
 .text.MPU6050__setRange
                0x0000000008002334       0x94 ./Core/Src/libs/sw_mpu6050.o
                0x0000000008002334                MPU6050__setRange
 .text.MPU6050__setClockSource
                0x00000000080023c8       0x36 ./Core/Src/libs/sw_mpu6050.o
                0x00000000080023c8                MPU6050__setClockSource
 .text.MPU6050__setSleepEnabled
                0x00000000080023fe       0x1e ./Core/Src/libs/sw_mpu6050.o
                0x00000000080023fe                MPU6050__setSleepEnabled
 .text.MPU6050__readRawGyro
                0x000000000800241c       0xbc ./Core/Src/libs/sw_mpu6050.o
                0x000000000800241c                MPU6050__readRawGyro
 .text.MPU6050__readNormalizeGyro
                0x00000000080024d8      0x1b0 ./Core/Src/libs/sw_mpu6050.o
                0x00000000080024d8                MPU6050__readNormalizeGyro
 .text.MPU6050__readTemperature
                0x0000000008002688       0x64 ./Core/Src/libs/sw_mpu6050.o
                0x0000000008002688                MPU6050__readTemperature
 .text.__NVIC_SetPriority
                0x00000000080026ec       0x54 ./Core/Src/libs/sw_rcc.o
 .text.SysTick_Config
                0x0000000008002740       0x44 ./Core/Src/libs/sw_rcc.o
 .text.SystemClock_Config
                0x0000000008002784      0x1ac ./Core/Src/libs/sw_rcc.o
                0x0000000008002784                SystemClock_Config
 .text.__NVIC_EnableIRQ
                0x0000000008002930       0x3c ./Core/Src/libs/sw_vcnl4010.o
 .text.sw_hardware_TWI_write_buf
                0x000000000800296c       0x2e ./Core/Src/libs/sw_vcnl4010.o
 .text.vcnl4010_write_reg
                0x000000000800299a       0x2a ./Core/Src/libs/sw_vcnl4010.o
 .text.vcnl4010_read_reg
                0x00000000080029c4       0x26 ./Core/Src/libs/sw_vcnl4010.o
 *fill*         0x00000000080029ea        0x2 
 .text.register_measure_callback
                0x00000000080029ec       0x20 ./Core/Src/libs/sw_vcnl4010.o
                0x00000000080029ec                register_measure_callback
 .text.vcnl4010_set_led_current
                0x0000000008002a0c       0x26 ./Core/Src/libs/sw_vcnl4010.o
                0x0000000008002a0c                vcnl4010_set_led_current
 .text.vcnl4010_set_frequency
                0x0000000008002a32       0x46 ./Core/Src/libs/sw_vcnl4010.o
                0x0000000008002a32                vcnl4010_set_frequency
 .text.vcnl_set_threshold
                0x0000000008002a78       0x4c ./Core/Src/libs/sw_vcnl4010.o
 .text.vcnl4010_init
                0x0000000008002ac4       0xa0 ./Core/Src/libs/sw_vcnl4010.o
                0x0000000008002ac4                vcnl4010_init
 .text.EXTI3_IRQHandler
                0x0000000008002b64       0x24 ./Core/Src/libs/sw_vcnl4010.o
                0x0000000008002b64                EXTI3_IRQHandler
 .text.__NVIC_EnableIRQ
                0x0000000008002b88       0x3c ./Core/Src/libs/MK_GESTURE_PAJ7620/mk_paj7620.o
 .text.paj7620_write_reg
                0x0000000008002bc4       0x2a ./Core/Src/libs/MK_GESTURE_PAJ7620/mk_paj7620.o
 .text.paj7620_read_reg
                0x0000000008002bee       0x2e ./Core/Src/libs/MK_GESTURE_PAJ7620/mk_paj7620.o
 .text.paj7620_bank_select
                0x0000000008002c1c       0x1a ./Core/Src/libs/MK_GESTURE_PAJ7620/mk_paj7620.o
 *fill*         0x0000000008002c36        0x2 
 .text.paj_int_config
                0x0000000008002c38       0x58 ./Core/Src/libs/MK_GESTURE_PAJ7620/mk_paj7620.o
 .text.paj7620_init
                0x0000000008002c90      0x10c ./Core/Src/libs/MK_GESTURE_PAJ7620/mk_paj7620.o
                0x0000000008002c90                paj7620_init
 .text.register_gesture_callback
                0x0000000008002d9c       0x2c ./Core/Src/libs/MK_GESTURE_PAJ7620/mk_paj7620.o
                0x0000000008002d9c                register_gesture_callback
 .text.gs_set_filter
                0x0000000008002dc8       0x20 ./Core/Src/libs/MK_GESTURE_PAJ7620/mk_paj7620.o
                0x0000000008002dc8                gs_set_filter
 .text.EXTI2_IRQHandler
                0x0000000008002de8       0x38 ./Core/Src/libs/MK_GESTURE_PAJ7620/mk_paj7620.o
                0x0000000008002de8                EXTI2_IRQHandler
 .text.gpio_pin_cfg
                0x0000000008002e20      0x122 ./Core/Src/libs/SW_BOARD/sw_gpio.o
                0x0000000008002e20                gpio_pin_cfg
 *fill*         0x0000000008002f42        0x2 
 .text.RCC_gpio_init
                0x0000000008002f44       0x2c ./Core/Src/libs/SW_BOARD/sw_gpio.o
                0x0000000008002f44                RCC_gpio_init
 .text.gpio_pin_HI
                0x0000000008002f70       0x1e ./Core/Src/libs/SW_BOARD/sw_gpio.o
                0x0000000008002f70                gpio_pin_HI
 .text.gpio_pin_XOR
                0x0000000008002f8e       0x24 ./Core/Src/libs/SW_BOARD/sw_gpio.o
                0x0000000008002f8e                gpio_pin_XOR
 *fill*         0x0000000008002fb2        0x2 
 .text.sw_led_off
                0x0000000008002fb4       0x18 ./Core/Src/libs/SW_BOARD/sw_led_blink_debug.o
                0x0000000008002fb4                sw_led_off
 .text.sw_led_xor
                0x0000000008002fcc       0x20 ./Core/Src/libs/SW_BOARD/sw_led_blink_debug.o
                0x0000000008002fcc                sw_led_xor
 .text.sw_led_blink
                0x0000000008002fec        0xc ./Core/Src/libs/SW_BOARD/sw_led_blink_debug.o
                0x0000000008002fec                sw_led_blink
 .text.sw_led_debug_init
                0x0000000008002ff8       0x38 ./Core/Src/libs/SW_BOARD/sw_led_blink_debug.o
                0x0000000008002ff8                sw_led_debug_init
 .text.sw_led_blinking
                0x0000000008003030       0x44 ./Core/Src/libs/SW_BOARD/sw_led_blink_debug.o
                0x0000000008003030                sw_led_blinking
 .text.__NVIC_EnableIRQ
                0x0000000008003074       0x3c ./Core/Src/libs/SW_GRAPHICS/SW_SSD1306/sw_ssd1306_v1.o
 .text.WriteCmd
                0x00000000080030b0       0x24 ./Core/Src/libs/SW_GRAPHICS/SW_SSD1306/sw_ssd1306_v1.o
 .text.WriteData
                0x00000000080030d4       0x24 ./Core/Src/libs/SW_GRAPHICS/SW_SSD1306/sw_ssd1306_v1.o
 .text.sw_display_cls
                0x00000000080030f8       0x38 ./Core/Src/libs/SW_GRAPHICS/SW_SSD1306/sw_ssd1306_v1.o
                0x00000000080030f8                sw_display_cls
 .text.sw_ssd1306_display
                0x0000000008003130       0x84 ./Core/Src/libs/SW_GRAPHICS/SW_SSD1306/sw_ssd1306_v1.o
                0x0000000008003130                sw_ssd1306_display
 .text.timer16_init
                0x00000000080031b4       0x68 ./Core/Src/libs/SW_GRAPHICS/SW_SSD1306/sw_ssd1306_v1.o
 .text.sw_ssd1306_init
                0x000000000800321c       0xf8 ./Core/Src/libs/SW_GRAPHICS/SW_SSD1306/sw_ssd1306_v1.o
                0x000000000800321c                sw_ssd1306_init
 .text.graphic_draw_H_line_RAM
                0x0000000008003314       0x52 ./Core/Src/libs/SW_GRAPHICS/displays.o
                0x0000000008003314                graphic_draw_H_line_RAM
 .text.graphic_fill_rectangle_RAM
                0x0000000008003366       0x5c ./Core/Src/libs/SW_GRAPHICS/displays.o
                0x0000000008003366                graphic_fill_rectangle_RAM
 *fill*         0x00000000080033c2        0x2 
 .text.polish_letters
                0x00000000080033c4       0x4c ./Core/Src/libs/SW_GRAPHICS/fonts_pl.o
                0x00000000080033c4                polish_letters
 .text.graphic_draw_char_RAM
                0x0000000008003410      0x27c ./Core/Src/libs/SW_GRAPHICS/text.o
                0x0000000008003410                graphic_draw_char_RAM
 .text.graphic_puts_RAM
                0x000000000800368c       0xee ./Core/Src/libs/SW_GRAPHICS/text.o
                0x000000000800368c                graphic_puts_RAM
 .text.graphic_char_to_wide
                0x000000000800377a       0x56 ./Core/Src/libs/SW_GRAPHICS/text.o
                0x000000000800377a                graphic_char_to_wide
 .text.graphic_puts_float_RAM
                0x00000000080037d0      0x18c ./Core/Src/libs/SW_GRAPHICS/text.o
 .text.TEXT_display_float
                0x000000000800395c       0x64 ./Core/Src/libs/SW_GRAPHICS/text.o
                0x000000000800395c                TEXT_display_float
 .text.sw_dma_memset_init
                0x00000000080039c0       0x6c ./Core/Src/libs/SW_STM_PERIPHS/sw_dma.o
                0x00000000080039c0                sw_dma_memset_init
 .text.DMA1_Channel3_IRQHandler
                0x0000000008003a2c       0x5c ./Core/Src/libs/SW_STM_PERIPHS/sw_spi.v2.o
                0x0000000008003a2c                DMA1_Channel3_IRQHandler
 .text.DWT_Delay_Init
                0x0000000008003a88       0x60 ./Core/Src/libs/SW_TIMERS/sw_soft_timers.o
                0x0000000008003a88                DWT_Delay_Init
 .text.sw_softTimers_init
                0x0000000008003ae8       0x1e ./Core/Src/libs/SW_TIMERS/sw_soft_timers.o
                0x0000000008003ae8                sw_softTimers_init
 *fill*         0x0000000008003b06        0x2 
 .text.SysTick_Handler
                0x0000000008003b08      0x118 ./Core/Src/libs/SW_TIMERS/sw_soft_timers.o
                0x0000000008003b08                SysTick_Handler
 .text.delay_ms
                0x0000000008003c20       0x30 ./Core/Src/libs/SW_TIMERS/sw_soft_timers.o
                0x0000000008003c20                delay_ms
 .text.delay_us
                0x0000000008003c50       0x58 ./Core/Src/libs/SW_TIMERS/sw_soft_timers.o
                0x0000000008003c50                delay_us
 .text.Reset_Handler
                0x0000000008003ca8       0x50 ./Core/Startup/startup_stm32l412kbux.o
                0x0000000008003ca8                Reset_Handler
 .text.Default_Handler
                0x0000000008003cf8        0x2 ./Core/Startup/startup_stm32l412kbux.o
                0x0000000008003cf8                RTC_Alarm_IRQHandler
                0x0000000008003cf8                TIM1_CC_IRQHandler
                0x0000000008003cf8                TSC_IRQHandler
                0x0000000008003cf8                TIM6_IRQHandler
                0x0000000008003cf8                TAMP_STAMP_IRQHandler
                0x0000000008003cf8                LPTIM2_IRQHandler
                0x0000000008003cf8                I2C3_ER_IRQHandler
                0x0000000008003cf8                EXTI0_IRQHandler
                0x0000000008003cf8                I2C2_EV_IRQHandler
                0x0000000008003cf8                FPU_IRQHandler
                0x0000000008003cf8                ADC1_2_IRQHandler
                0x0000000008003cf8                SPI1_IRQHandler
                0x0000000008003cf8                DMA2_Channel2_IRQHandler
                0x0000000008003cf8                DMA1_Channel4_IRQHandler
                0x0000000008003cf8                USART3_IRQHandler
                0x0000000008003cf8                DMA1_Channel7_IRQHandler
                0x0000000008003cf8                DMA2_Channel1_IRQHandler
                0x0000000008003cf8                QUADSPI_IRQHandler
                0x0000000008003cf8                I2C1_EV_IRQHandler
                0x0000000008003cf8                DMA1_Channel6_IRQHandler
                0x0000000008003cf8                DMA2_Channel4_IRQHandler
                0x0000000008003cf8                RCC_IRQHandler
                0x0000000008003cf8                TIM1_TRG_COM_IRQHandler
                0x0000000008003cf8                DMA1_Channel1_IRQHandler
                0x0000000008003cf8                Default_Handler
                0x0000000008003cf8                DMA2_Channel7_IRQHandler
                0x0000000008003cf8                EXTI15_10_IRQHandler
                0x0000000008003cf8                I2C3_EV_IRQHandler
                0x0000000008003cf8                USB_IRQHandler
                0x0000000008003cf8                EXTI9_5_IRQHandler
                0x0000000008003cf8                RTC_WKUP_IRQHandler
                0x0000000008003cf8                PVD_PVM_IRQHandler
                0x0000000008003cf8                SPI2_IRQHandler
                0x0000000008003cf8                DMA2_Channel5_IRQHandler
                0x0000000008003cf8                CRS_IRQHandler
                0x0000000008003cf8                DMA1_Channel5_IRQHandler
                0x0000000008003cf8                EXTI4_IRQHandler
                0x0000000008003cf8                RNG_IRQHandler
                0x0000000008003cf8                COMP_IRQHandler
                0x0000000008003cf8                WWDG_IRQHandler
                0x0000000008003cf8                LPUART1_IRQHandler
                0x0000000008003cf8                DMA2_Channel6_IRQHandler
                0x0000000008003cf8                TIM2_IRQHandler
                0x0000000008003cf8                EXTI1_IRQHandler
                0x0000000008003cf8                USART2_IRQHandler
                0x0000000008003cf8                I2C2_ER_IRQHandler
                0x0000000008003cf8                DMA1_Channel2_IRQHandler
                0x0000000008003cf8                FLASH_IRQHandler
                0x0000000008003cf8                USART1_IRQHandler
                0x0000000008003cf8                I2C1_ER_IRQHandler
                0x0000000008003cf8                LPTIM1_IRQHandler
                0x0000000008003cf8                DMA2_Channel3_IRQHandler
                0x0000000008003cf8                TIM1_BRK_TIM15_IRQHandler
 *fill*         0x0000000008003cfa        0x2 
 .text.__libc_init_array
                0x0000000008003cfc       0x48 d:/00_programowanie/stm32cubeide_1.4.0/stm32cubeide/plugins/com.st.stm32cube.ide.mcu.externaltools.gnu-tools-for-stm32.9-2020-q2-update.win32_2.0.0.202105311346/tools/bin/../lib/gcc/arm-none-eabi/9.3.1/../../../../arm-none-eabi/lib/thumb/v7e-m+fp/hard\libc_nano.a(lib_a-init.o)
                0x0000000008003cfc                __libc_init_array
 .text.__itoa   0x0000000008003d44       0x30 d:/00_programowanie/stm32cubeide_1.4.0/stm32cubeide/plugins/com.st.stm32cube.ide.mcu.externaltools.gnu-tools-for-stm32.9-2020-q2-update.win32_2.0.0.202105311346/tools/bin/../lib/gcc/arm-none-eabi/9.3.1/../../../../arm-none-eabi/lib/thumb/v7e-m+fp/hard\libc_nano.a(lib_a-itoa.o)
                0x0000000008003d44                __itoa
 .text.itoa     0x0000000008003d74        0x4 d:/00_programowanie/stm32cubeide_1.4.0/stm32cubeide/plugins/com.st.stm32cube.ide.mcu.externaltools.gnu-tools-for-stm32.9-2020-q2-update.win32_2.0.0.202105311346/tools/bin/../lib/gcc/arm-none-eabi/9.3.1/../../../../arm-none-eabi/lib/thumb/v7e-m+fp/hard\libc_nano.a(lib_a-itoa.o)
                0x0000000008003d74                itoa
 .text.__utoa   0x0000000008003d78       0x84 d:/00_programowanie/stm32cubeide_1.4.0/stm32cubeide/plugins/com.st.stm32cube.ide.mcu.externaltools.gnu-tools-for-stm32.9-2020-q2-update.win32_2.0.0.202105311346/tools/bin/../lib/gcc/arm-none-eabi/9.3.1/../../../../arm-none-eabi/lib/thumb/v7e-m+fp/hard\libc_nano.a(lib_a-utoa.o)
                0x0000000008003d78                __utoa
 .text.sqrt     0x0000000008003dfc       0x68 d:/00_programowanie/stm32cubeide_1.4.0/stm32cubeide/plugins/com.st.stm32cube.ide.mcu.externaltools.gnu-tools-for-stm32.9-2020-q2-update.win32_2.0.0.202105311346/tools/bin/../lib/gcc/arm-none-eabi/9.3.1/../../../../arm-none-eabi/lib/thumb/v7e-m+fp/hard\libm.a(lib_a-w_sqrt.o)
                0x0000000008003dfc                sqrt
 .text.powf     0x0000000008003e64      0x130 d:/00_programowanie/stm32cubeide_1.4.0/stm32cubeide/plugins/com.st.stm32cube.ide.mcu.externaltools.gnu-tools-for-stm32.9-2020-q2-update.win32_2.0.0.202105311346/tools/bin/../lib/gcc/arm-none-eabi/9.3.1/../../../../arm-none-eabi/lib/thumb/v7e-m+fp/hard\libm.a(lib_a-wf_pow.o)
                0x0000000008003e64                powf
 .text.__ieee754_sqrt
                0x0000000008003f94      0x168 d:/00_programowanie/stm32cubeide_1.4.0/stm32cubeide/plugins/com.st.stm32cube.ide.mcu.externaltools.gnu-tools-for-stm32.9-2020-q2-update.win32_2.0.0.202105311346/tools/bin/../lib/gcc/arm-none-eabi/9.3.1/../../../../arm-none-eabi/lib/thumb/v7e-m+fp/hard\libm.a(lib_a-e_sqrt.o)
                0x0000000008003f94                __ieee754_sqrt
 .text.__ieee754_powf
                0x00000000080040fc      0x580 d:/00_programowanie/stm32cubeide_1.4.0/stm32cubeide/plugins/com.st.stm32cube.ide.mcu.externaltools.gnu-tools-for-stm32.9-2020-q2-update.win32_2.0.0.202105311346/tools/bin/../lib/gcc/arm-none-eabi/9.3.1/../../../../arm-none-eabi/lib/thumb/v7e-m+fp/hard\libm.a(lib_a-ef_pow.o)
                0x00000000080040fc                __ieee754_powf
 .text.__ieee754_sqrtf
                0x000000000800467c        0x6 d:/00_programowanie/stm32cubeide_1.4.0/stm32cubeide/plugins/com.st.stm32cube.ide.mcu.externaltools.gnu-tools-for-stm32.9-2020-q2-update.win32_2.0.0.202105311346/tools/bin/../lib/gcc/arm-none-eabi/9.3.1/../../../../arm-none-eabi/lib/thumb/v7e-m+fp/hard\libm.a(lib_a-ef_sqrt.o)
                0x000000000800467c                __ieee754_sqrtf
 .text.fabsf    0x0000000008004682        0xe d:/00_programowanie/stm32cubeide_1.4.0/stm32cubeide/plugins/com.st.stm32cube.ide.mcu.externaltools.gnu-tools-for-stm32.9-2020-q2-update.win32_2.0.0.202105311346/tools/bin/../lib/gcc/arm-none-eabi/9.3.1/../../../../arm-none-eabi/lib/thumb/v7e-m+fp/hard\libm.a(lib_a-sf_fabs.o)
                0x0000000008004682                fabsf
 .text.finitef  0x0000000008004690       0x1a d:/00_programowanie/stm32cubeide_1.4.0/stm32cubeide/plugins/com.st.stm32cube.ide.mcu.externaltools.gnu-tools-for-stm32.9-2020-q2-update.win32_2.0.0.202105311346/tools/bin/../lib/gcc/arm-none-eabi/9.3.1/../../../../arm-none-eabi/lib/thumb/v7e-m+fp/hard\libm.a(lib_a-sf_finite.o)
                0x0000000008004690                finitef
 *fill*         0x00000000080046aa        0x2 
 .text.nanf     0x00000000080046ac        0xc d:/00_programowanie/stm32cubeide_1.4.0/stm32cubeide/plugins/com.st.stm32cube.ide.mcu.externaltools.gnu-tools-for-stm32.9-2020-q2-update.win32_2.0.0.202105311346/tools/bin/../lib/gcc/arm-none-eabi/9.3.1/../../../../arm-none-eabi/lib/thumb/v7e-m+fp/hard\libm.a(lib_a-sf_nan.o)
                0x00000000080046ac                nanf
 .text.rintf    0x00000000080046b8       0xb8 d:/00_programowanie/stm32cubeide_1.4.0/stm32cubeide/plugins/com.st.stm32cube.ide.mcu.externaltools.gnu-tools-for-stm32.9-2020-q2-update.win32_2.0.0.202105311346/tools/bin/../lib/gcc/arm-none-eabi/9.3.1/../../../../arm-none-eabi/lib/thumb/v7e-m+fp/hard\libm.a(lib_a-sf_rint.o)
                0x00000000080046b8                rintf
 .text.scalbnf  0x0000000008004770       0xe4 d:/00_programowanie/stm32cubeide_1.4.0/stm32cubeide/plugins/com.st.stm32cube.ide.mcu.externaltools.gnu-tools-for-stm32.9-2020-q2-update.win32_2.0.0.202105311346/tools/bin/../lib/gcc/arm-none-eabi/9.3.1/../../../../arm-none-eabi/lib/thumb/v7e-m+fp/hard\libm.a(lib_a-sf_scalbn.o)
                0x0000000008004770                scalbnf
 .text.__errno  0x0000000008004854        0xc d:/00_programowanie/stm32cubeide_1.4.0/stm32cubeide/plugins/com.st.stm32cube.ide.mcu.externaltools.gnu-tools-for-stm32.9-2020-q2-update.win32_2.0.0.202105311346/tools/bin/../lib/gcc/arm-none-eabi/9.3.1/../../../../arm-none-eabi/lib/thumb/v7e-m+fp/hard\libc_nano.a(lib_a-errno.o)
                0x0000000008004854                __errno
 *(.glue_7)
 .glue_7        0x0000000008004860        0x0 linker stubs
 *(.glue_7t)
 .glue_7t       0x0000000008004860        0x0 linker stubs
 *(.eh_frame)
 .eh_frame      0x0000000008004860        0x0 d:/00_programowanie/stm32cubeide_1.4.0/stm32cubeide/plugins/com.st.stm32cube.ide.mcu.externaltools.gnu-tools-for-stm32.9-2020-q2-update.win32_2.0.0.202105311346/tools/bin/../lib/gcc/arm-none-eabi/9.3.1/thumb/v7e-m+fp/hard/crtbegin.o
 *(.init)
 .init          0x0000000008004860        0x4 d:/00_programowanie/stm32cubeide_1.4.0/stm32cubeide/plugins/com.st.stm32cube.ide.mcu.externaltools.gnu-tools-for-stm32.9-2020-q2-update.win32_2.0.0.202105311346/tools/bin/../lib/gcc/arm-none-eabi/9.3.1/thumb/v7e-m+fp/hard/crti.o
                0x0000000008004860                _init
 .init          0x0000000008004864        0x8 d:/00_programowanie/stm32cubeide_1.4.0/stm32cubeide/plugins/com.st.stm32cube.ide.mcu.externaltools.gnu-tools-for-stm32.9-2020-q2-update.win32_2.0.0.202105311346/tools/bin/../lib/gcc/arm-none-eabi/9.3.1/thumb/v7e-m+fp/hard/crtn.o
 *(.fini)
 .fini          0x000000000800486c        0x4 d:/00_programowanie/stm32cubeide_1.4.0/stm32cubeide/plugins/com.st.stm32cube.ide.mcu.externaltools.gnu-tools-for-stm32.9-2020-q2-update.win32_2.0.0.202105311346/tools/bin/../lib/gcc/arm-none-eabi/9.3.1/thumb/v7e-m+fp/hard/crti.o
                0x000000000800486c                _fini
 .fini          0x0000000008004870        0x8 d:/00_programowanie/stm32cubeide_1.4.0/stm32cubeide/plugins/com.st.stm32cube.ide.mcu.externaltools.gnu-tools-for-stm32.9-2020-q2-update.win32_2.0.0.202105311346/tools/bin/../lib/gcc/arm-none-eabi/9.3.1/thumb/v7e-m+fp/hard/crtn.o
                0x0000000008004878                . = ALIGN (0x8)
                0x0000000008004878                _etext = .

.vfp11_veneer   0x0000000008004878        0x0
 .vfp11_veneer  0x0000000008004878        0x0 linker stubs

.v4_bx          0x0000000008004878        0x0
 .v4_bx         0x0000000008004878        0x0 linker stubs

.iplt           0x0000000008004878        0x0
 .iplt          0x0000000008004878        0x0 d:/00_programowanie/stm32cubeide_1.4.0/stm32cubeide/plugins/com.st.stm32cube.ide.mcu.externaltools.gnu-tools-for-stm32.9-2020-q2-update.win32_2.0.0.202105311346/tools/bin/../lib/gcc/arm-none-eabi/9.3.1/thumb/v7e-m+fp/hard/crtbegin.o

ccmram          0x0000000008004878      0x18c
 ccmram         0x0000000008004878      0x18c ./Core/Src/libs/SW_GRAPHICS/SW_SSD1306/sw_ssd1306_v1.o
                0x0000000008004878                graphic_set_pixel_RAM
                0x000000000800499c                TIM1_UP_TIM16_IRQHandler

.rodata         0x0000000008004a04      0x974
                0x0000000008004a08                . = ALIGN (0x8)
 *fill*         0x0000000008004a04        0x4 
 *(.rodata)
 *(.rodata*)
 .rodata.AHBPrescTable
                0x0000000008004a08       0x10 ./Core/Src/system_stm32l4xx.o
                0x0000000008004a08                AHBPrescTable
 .rodata.MSIRangeTable
                0x0000000008004a18       0x30 ./Core/Src/system_stm32l4xx.o
                0x0000000008004a18                MSIRangeTable
 .rodata.i2c1Alt1
                0x0000000008004a48       0x14 ./Core/Src/libs/sw_i2c_simple_v2.o
 .rodata.initRegisterArray
                0x0000000008004a5c       0xa4 ./Core/Src/libs/MK_GESTURE_PAJ7620/mk_paj7620.o
                0x0000000008004a5c                initRegisterArray
 .rodata.MicrosoftSansSerif8ptBitmaps_var
                0x0000000008004b00      0x5ca ./Core/Src/libs/SW_GRAPHICS/SW_FONTS/MicrosoftSansSerif8ptFont_pl.o
                0x0000000008004b00                MicrosoftSansSerif8ptBitmaps_var
 *fill*         0x00000000080050ca        0x2 
 .rodata.MicrosoftSansSerif8ptDescriptors_var
                0x00000000080050cc      0x1c0 ./Core/Src/libs/SW_GRAPHICS/SW_FONTS/MicrosoftSansSerif8ptFont_pl.o
                0x00000000080050cc                MicrosoftSansSerif8ptDescriptors_var
 .rodata.MicrosoftSansSerif8ptFontInfo_var
                0x000000000800528c       0x18 ./Core/Src/libs/SW_GRAPHICS/SW_FONTS/MicrosoftSansSerif8ptFont_pl.o
                0x000000000800528c                MicrosoftSansSerif8ptFontInfo_var
 .rodata.i2c1Alt1
                0x00000000080052a4       0x14 ./Core/Src/libs/SW_GRAPHICS/SW_SSD1306/sw_ssd1306_v1.o
 .rodata.uniCode
                0x00000000080052b8       0x48 ./Core/Src/libs/SW_GRAPHICS/fonts_pl.o
                0x00000000080052b8                uniCode
 .rodata.GammaRGB
                0x0000000008005300        0xc ./Core/Src/libs/SW_GRAPHICS/text.o
 .rodata.spi1   0x000000000800530c       0x20 ./Core/Src/libs/SW_STM_PERIPHS/sw_spi.v2.o
 .rodata.__utoa.str1.1
                0x000000000800532c       0x25 d:/00_programowanie/stm32cubeide_1.4.0/stm32cubeide/plugins/com.st.stm32cube.ide.mcu.externaltools.gnu-tools-for-stm32.9-2020-q2-update.win32_2.0.0.202105311346/tools/bin/../lib/gcc/arm-none-eabi/9.3.1/../../../../arm-none-eabi/lib/thumb/v7e-m+fp/hard\libc_nano.a(lib_a-utoa.o)
 .rodata.__ieee754_powf.str1.1
                0x0000000008005351       0x25 d:/00_programowanie/stm32cubeide_1.4.0/stm32cubeide/plugins/com.st.stm32cube.ide.mcu.externaltools.gnu-tools-for-stm32.9-2020-q2-update.win32_2.0.0.202105311346/tools/bin/../lib/gcc/arm-none-eabi/9.3.1/../../../../arm-none-eabi/lib/thumb/v7e-m+fp/hard\libm.a(lib_a-ef_pow.o)
                                          0x1 (size before relaxing)
 *fill*         0x0000000008005351        0x3 
 .rodata.bp     0x0000000008005354        0x8 d:/00_programowanie/stm32cubeide_1.4.0/stm32cubeide/plugins/com.st.stm32cube.ide.mcu.externaltools.gnu-tools-for-stm32.9-2020-q2-update.win32_2.0.0.202105311346/tools/bin/../lib/gcc/arm-none-eabi/9.3.1/../../../../arm-none-eabi/lib/thumb/v7e-m+fp/hard\libm.a(lib_a-ef_pow.o)
 .rodata.dp_h   0x000000000800535c        0x8 d:/00_programowanie/stm32cubeide_1.4.0/stm32cubeide/plugins/com.st.stm32cube.ide.mcu.externaltools.gnu-tools-for-stm32.9-2020-q2-update.win32_2.0.0.202105311346/tools/bin/../lib/gcc/arm-none-eabi/9.3.1/../../../../arm-none-eabi/lib/thumb/v7e-m+fp/hard\libm.a(lib_a-ef_pow.o)
 .rodata.dp_l   0x0000000008005364        0x8 d:/00_programowanie/stm32cubeide_1.4.0/stm32cubeide/plugins/com.st.stm32cube.ide.mcu.externaltools.gnu-tools-for-stm32.9-2020-q2-update.win32_2.0.0.202105311346/tools/bin/../lib/gcc/arm-none-eabi/9.3.1/../../../../arm-none-eabi/lib/thumb/v7e-m+fp/hard\libm.a(lib_a-ef_pow.o)
 .rodata.TWO23  0x000000000800536c        0x8 d:/00_programowanie/stm32cubeide_1.4.0/stm32cubeide/plugins/com.st.stm32cube.ide.mcu.externaltools.gnu-tools-for-stm32.9-2020-q2-update.win32_2.0.0.202105311346/tools/bin/../lib/gcc/arm-none-eabi/9.3.1/../../../../arm-none-eabi/lib/thumb/v7e-m+fp/hard\libm.a(lib_a-sf_rint.o)
                0x0000000008005378                . = ALIGN (0x8)
 *fill*         0x0000000008005374        0x4 

.rel.dyn        0x0000000008005378        0x0
 .rel.iplt      0x0000000008005378        0x0 d:/00_programowanie/stm32cubeide_1.4.0/stm32cubeide/plugins/com.st.stm32cube.ide.mcu.externaltools.gnu-tools-for-stm32.9-2020-q2-update.win32_2.0.0.202105311346/tools/bin/../lib/gcc/arm-none-eabi/9.3.1/thumb/v7e-m+fp/hard/crtbegin.o

.ARM.extab      0x0000000008005378        0x0
                0x0000000008005378                . = ALIGN (0x8)
 *(.ARM.extab* .gnu.linkonce.armextab.*)
                0x0000000008005378                . = ALIGN (0x8)

.ARM            0x0000000008005378        0x0
                0x0000000008005378                . = ALIGN (0x8)
                0x0000000008005378                __exidx_start = .
 *(.ARM.exidx*)
                0x0000000008005378                __exidx_end = .
                0x0000000008005378                . = ALIGN (0x8)

.preinit_array  0x0000000008005378        0x0
                0x0000000008005378                . = ALIGN (0x8)
                0x0000000008005378                PROVIDE (__preinit_array_start = .)
 *(.preinit_array*)
                0x0000000008005378                PROVIDE (__preinit_array_end = .)
                0x0000000008005378                . = ALIGN (0x8)

.init_array     0x0000000008005378        0x8
                0x0000000008005378                . = ALIGN (0x8)
                0x0000000008005378                PROVIDE (__init_array_start = .)
 *(SORT_BY_NAME(.init_array.*))
 *(.init_array*)
 .init_array    0x0000000008005378        0x4 d:/00_programowanie/stm32cubeide_1.4.0/stm32cubeide/plugins/com.st.stm32cube.ide.mcu.externaltools.gnu-tools-for-stm32.9-2020-q2-update.win32_2.0.0.202105311346/tools/bin/../lib/gcc/arm-none-eabi/9.3.1/thumb/v7e-m+fp/hard/crtbegin.o
                0x000000000800537c                PROVIDE (__init_array_end = .)
                0x0000000008005380                . = ALIGN (0x8)
 *fill*         0x000000000800537c        0x4 

.fini_array     0x0000000008005380        0x8
                0x0000000008005380                . = ALIGN (0x8)
                [!provide]                        PROVIDE (__fini_array_start = .)
 *(SORT_BY_NAME(.fini_array.*))
 *(.fini_array*)
 .fini_array    0x0000000008005380        0x4 d:/00_programowanie/stm32cubeide_1.4.0/stm32cubeide/plugins/com.st.stm32cube.ide.mcu.externaltools.gnu-tools-for-stm32.9-2020-q2-update.win32_2.0.0.202105311346/tools/bin/../lib/gcc/arm-none-eabi/9.3.1/thumb/v7e-m+fp/hard/crtbegin.o
                [!provide]                        PROVIDE (__fini_array_end = .)
                0x0000000008005388                . = ALIGN (0x8)
 *fill*         0x0000000008005384        0x4 
                0x0000000008005388                _sidata = LOADADDR (.data)

.data           0x0000000020000000       0x88 load address 0x0000000008005388
                0x0000000020000000                . = ALIGN (0x8)
                0x0000000020000000                _sdata = .
 *(.data)
 *(.data*)
 .data.SystemCoreClock
                0x0000000020000000        0x4 ./Core/Src/system_stm32l4xx.o
                0x0000000020000000                SystemCoreClock
 .data.hI2Cx    0x0000000020000004        0x4 ./Core/Src/libs/sw_i2c_simple_v2.o
 .data.TextBuffer
                0x0000000020000008        0x4 ./Core/Src/libs/SW_GRAPHICS/SW_SSD1306/framebuffer.o
                0x0000000020000008                TextBuffer
 .data.hI2Cx    0x000000002000000c        0x4 ./Core/Src/libs/SW_GRAPHICS/SW_SSD1306/sw_ssd1306_v1.o
 .data._width   0x0000000020000010        0x2 ./Core/Src/libs/SW_GRAPHICS/SW_SSD1306/sw_ssd1306_v1.o
 .data._height  0x0000000020000012        0x2 ./Core/Src/libs/SW_GRAPHICS/SW_SSD1306/sw_ssd1306_v1.o
 .data._width   0x0000000020000014        0x2 ./Core/Src/libs/SW_GRAPHICS/text.o
 .data._height  0x0000000020000016        0x2 ./Core/Src/libs/SW_GRAPHICS/text.o
 .data.spi      0x0000000020000018        0x4 ./Core/Src/libs/SW_STM_PERIPHS/sw_spi.v2.o
 .data._impure_ptr
                0x000000002000001c        0x4 d:/00_programowanie/stm32cubeide_1.4.0/stm32cubeide/plugins/com.st.stm32cube.ide.mcu.externaltools.gnu-tools-for-stm32.9-2020-q2-update.win32_2.0.0.202105311346/tools/bin/../lib/gcc/arm-none-eabi/9.3.1/../../../../arm-none-eabi/lib/thumb/v7e-m+fp/hard\libc_nano.a(lib_a-impure.o)
                0x000000002000001c                _impure_ptr
 .data.impure_data
                0x0000000020000020       0x60 d:/00_programowanie/stm32cubeide_1.4.0/stm32cubeide/plugins/com.st.stm32cube.ide.mcu.externaltools.gnu-tools-for-stm32.9-2020-q2-update.win32_2.0.0.202105311346/tools/bin/../lib/gcc/arm-none-eabi/9.3.1/../../../../arm-none-eabi/lib/thumb/v7e-m+fp/hard\libc_nano.a(lib_a-impure.o)
 .data.__fdlib_version
                0x0000000020000080        0x1 d:/00_programowanie/stm32cubeide_1.4.0/stm32cubeide/plugins/com.st.stm32cube.ide.mcu.externaltools.gnu-tools-for-stm32.9-2020-q2-update.win32_2.0.0.202105311346/tools/bin/../lib/gcc/arm-none-eabi/9.3.1/../../../../arm-none-eabi/lib/thumb/v7e-m+fp/hard\libm.a(lib_a-s_lib_ver.o)
                0x0000000020000080                __fdlib_version
                0x0000000020000088                . = ALIGN (0x8)
 *fill*         0x0000000020000081        0x7 
                0x0000000020000088                _edata = .

.igot.plt       0x0000000020000088        0x0 load address 0x0000000008005410
 .igot.plt      0x0000000020000088        0x0 d:/00_programowanie/stm32cubeide_1.4.0/stm32cubeide/plugins/com.st.stm32cube.ide.mcu.externaltools.gnu-tools-for-stm32.9-2020-q2-update.win32_2.0.0.202105311346/tools/bin/../lib/gcc/arm-none-eabi/9.3.1/thumb/v7e-m+fp/hard/crtbegin.o
                0x0000000020000088                . = ALIGN (0x4)

.bss            0x0000000020000088      0x55c load address 0x0000000008005410
                0x0000000020000088                _sbss = .
                0x0000000020000088                __bss_start__ = _sbss
 *(.bss)
 .bss           0x0000000020000088       0x1c d:/00_programowanie/stm32cubeide_1.4.0/stm32cubeide/plugins/com.st.stm32cube.ide.mcu.externaltools.gnu-tools-for-stm32.9-2020-q2-update.win32_2.0.0.202105311346/tools/bin/../lib/gcc/arm-none-eabi/9.3.1/thumb/v7e-m+fp/hard/crtbegin.o
 *(.bss*)
 .bss.kolejny_pomiar.9446
                0x00000000200000a4        0x2 ./Core/Src/REGmain.o
 *fill*         0x00000000200000a6        0x2 
 .bss.bufor1.9445
                0x00000000200000a8       0x14 ./Core/Src/REGmain.o
 .bss.kolejny_pomiar.9464
                0x00000000200000bc        0x1 ./Core/Src/REGmain.o
 *fill*         0x00000000200000bd        0x3 
 .bss.bufor2.9463
                0x00000000200000c0        0xa ./Core/Src/REGmain.o
 *fill*         0x00000000200000ca        0x2 
 .bss.rg        0x00000000200000cc        0xc ./Core/Src/libs/sw_mpu6050.o
 .bss.ng        0x00000000200000d8        0xc ./Core/Src/libs/sw_mpu6050.o
 .bss.tg        0x00000000200000e4        0xc ./Core/Src/libs/sw_mpu6050.o
 .bss.dg        0x00000000200000f0        0xc ./Core/Src/libs/sw_mpu6050.o
 .bss.th        0x00000000200000fc        0xc ./Core/Src/libs/sw_mpu6050.o
 .bss.dpsPerDigit
                0x0000000020000108        0x4 ./Core/Src/libs/sw_mpu6050.o
 .bss.rangePerDigit
                0x000000002000010c        0x4 ./Core/Src/libs/sw_mpu6050.o
 .bss.actualThreshold
                0x0000000020000110        0x4 ./Core/Src/libs/sw_mpu6050.o
 .bss.useCalibrate
                0x0000000020000114        0x1 ./Core/Src/libs/sw_mpu6050.o
 *fill*         0x0000000020000115        0x3 
 .bss.measure_callback
                0x0000000020000118        0x4 ./Core/Src/libs/sw_vcnl4010.o
 .bss.enable_cc
                0x000000002000011c        0x1 ./Core/Src/libs/MK_GESTURE_PAJ7620/mk_paj7620.o
 *fill*         0x000000002000011d        0x3 
 .bss.gesture_callback
                0x0000000020000120        0x4 ./Core/Src/libs/MK_GESTURE_PAJ7620/mk_paj7620.o
 .bss.paj_int_flag
                0x0000000020000124        0x1 ./Core/Src/libs/MK_GESTURE_PAJ7620/mk_paj7620.o
 *fill*         0x0000000020000125        0x1 
 .bss.gfilter   0x0000000020000126        0x2 ./Core/Src/libs/MK_GESTURE_PAJ7620/mk_paj7620.o
 .bss.gs_tmr    0x0000000020000128        0x4 ./Core/Src/libs/MK_GESTURE_PAJ7620/mk_paj7620.o
 .bss.blinkCounter
                0x000000002000012c        0x1 ./Core/Src/libs/SW_BOARD/sw_led_blink_debug.o
 .bss.blinkDelay
                0x000000002000012d        0x1 ./Core/Src/libs/SW_BOARD/sw_led_blink_debug.o
 *fill*         0x000000002000012e        0x2 
 .bss.DispBuffer2_1
                0x0000000020000130      0x400 ./Core/Src/libs/SW_GRAPHICS/SW_SSD1306/framebuffer.o
 .bss.refreshScreen
                0x0000000020000530        0x1 ./Core/Src/libs/SW_GRAPHICS/SW_SSD1306/framebuffer.o
                0x0000000020000530                refreshScreen
 *fill*         0x0000000020000531        0x3 
 .bss.ActualDMABuffer
                0x0000000020000534        0x4 ./Core/Src/libs/SW_GRAPHICS/SW_SSD1306/sw_ssd1306_v1.o
 .bss.spiDmaStatus
                0x0000000020000538        0x1 ./Core/Src/libs/SW_STM_PERIPHS/sw_spi.v2.o
 *fill*         0x0000000020000539        0x1 
 .bss.delayTimer
                0x000000002000053a        0x2 ./Core/Src/libs/SW_TIMERS/sw_soft_timers.o
 .bss.milis     0x000000002000053c        0x4 ./Core/Src/libs/SW_TIMERS/sw_soft_timers.o
 *(COMMON)
 COMMON         0x0000000020000540       0x7c ./Core/Src/REGmain.o
                0x0000000020000540                TextZ
                0x0000000020000558                CurrentFont
                0x0000000020000570                Temp
                0x0000000020000588                TextY
                0x00000000200005a0                ambilightAverage
                0x00000000200005a2                proximityAverage
                0x00000000200005a4                TextX
 COMMON         0x00000000200005bc       0x28 ./Core/Src/libs/SW_TIMERS/sw_soft_timers.o
                0x00000000200005bc                debounceTimer
                0x00000000200005be                repeatTimer
                0x00000000200005c0                whileTimer
                0x00000000200005c2                softTimer2
                0x00000000200005c4                fallAvgTimer
                0x00000000200005c8                pressTimer
                0x00000000200005cc                fallTimer
                0x00000000200005d0                peakTimer
                0x00000000200005d4                showMenuTimer
                0x00000000200005d6                softTimer3
                0x00000000200005d8                softTimer5
                0x00000000200005dc                riseTimer
                0x00000000200005e0                peakAvgTimer
                0x00000000200005e4                . = ALIGN (0x4)
                0x00000000200005e4                _ebss = .
                0x00000000200005e4                __bss_end__ = _ebss

._user_heap_stack
                0x00000000200005e4      0x604 load address 0x0000000008005410
                0x00000000200005e8                . = ALIGN (0x8)
 *fill*         0x00000000200005e4        0x4 
                [!provide]                        PROVIDE (end = .)
                [!provide]                        PROVIDE (_end = .)
                0x00000000200007e8                . = (. + _Min_Heap_Size)
 *fill*         0x00000000200005e8      0x200 
                0x0000000020000be8                . = (. + _Min_Stack_Size)
 *fill*         0x00000000200007e8      0x400 
                0x0000000020000be8                . = ALIGN (0x8)

/DISCARD/
 libc.a(*)
 libm.a(*)
 libgcc.a(*)

.ARM.attributes
                0x0000000000000000       0x30
 *(.ARM.attributes)
 .ARM.attributes
                0x0000000000000000       0x1e d:/00_programowanie/stm32cubeide_1.4.0/stm32cubeide/plugins/com.st.stm32cube.ide.mcu.externaltools.gnu-tools-for-stm32.9-2020-q2-update.win32_2.0.0.202105311346/tools/bin/../lib/gcc/arm-none-eabi/9.3.1/thumb/v7e-m+fp/hard/crti.o
 .ARM.attributes
                0x000000000000001e       0x34 d:/00_programowanie/stm32cubeide_1.4.0/stm32cubeide/plugins/com.st.stm32cube.ide.mcu.externaltools.gnu-tools-for-stm32.9-2020-q2-update.win32_2.0.0.202105311346/tools/bin/../lib/gcc/arm-none-eabi/9.3.1/thumb/v7e-m+fp/hard/crtbegin.o
 .ARM.attributes
                0x0000000000000052       0x34 ./Core/Src/REGmain.o
 .ARM.attributes
                0x0000000000000086       0x34 ./Core/Src/stm32l4xx_it.o
 .ARM.attributes
                0x00000000000000ba       0x34 ./Core/Src/system_stm32l4xx.o
 .ARM.attributes
                0x00000000000000ee       0x34 ./Core/Src/libs/sw_i2c_simple_v2.o
 .ARM.attributes
                0x0000000000000122       0x34 ./Core/Src/libs/sw_mpu6050.o
 .ARM.attributes
                0x0000000000000156       0x34 ./Core/Src/libs/sw_rcc.o
 .ARM.attributes
                0x000000000000018a       0x34 ./Core/Src/libs/sw_vcnl4010.o
 .ARM.attributes
                0x00000000000001be       0x34 ./Core/Src/libs/MK_GESTURE_PAJ7620/mk_paj7620.o
 .ARM.attributes
                0x00000000000001f2       0x34 ./Core/Src/libs/SW_BOARD/sw_gpio.o
 .ARM.attributes
                0x0000000000000226       0x34 ./Core/Src/libs/SW_BOARD/sw_led_blink_debug.o
 .ARM.attributes
                0x000000000000025a       0x39 ./Core/Src/libs/SW_GRAPHICS/SW_FONTS/MicrosoftSansSerif8ptFont_pl.o
 .ARM.attributes
                0x0000000000000293       0x34 ./Core/Src/libs/SW_GRAPHICS/SW_SSD1306/framebuffer.o
 .ARM.attributes
                0x00000000000002c7       0x34 ./Core/Src/libs/SW_GRAPHICS/SW_SSD1306/sw_ssd1306_v1.o
 .ARM.attributes
                0x00000000000002fb       0x34 ./Core/Src/libs/SW_GRAPHICS/displays.o
 .ARM.attributes
                0x000000000000032f       0x34 ./Core/Src/libs/SW_GRAPHICS/fonts_pl.o
 .ARM.attributes
                0x0000000000000363       0x34 ./Core/Src/libs/SW_GRAPHICS/text.o
 .ARM.attributes
                0x0000000000000397       0x34 ./Core/Src/libs/SW_STM_PERIPHS/sw_dma.o
 .ARM.attributes
                0x00000000000003cb       0x34 ./Core/Src/libs/SW_STM_PERIPHS/sw_spi.v2.o
 .ARM.attributes
                0x00000000000003ff       0x34 ./Core/Src/libs/SW_TIMERS/sw_soft_timers.o
 .ARM.attributes
                0x0000000000000433       0x21 ./Core/Startup/startup_stm32l412kbux.o
 .ARM.attributes
                0x0000000000000454       0x32 d:/00_programowanie/stm32cubeide_1.4.0/stm32cubeide/plugins/com.st.stm32cube.ide.mcu.externaltools.gnu-tools-for-stm32.9-2020-q2-update.win32_2.0.0.202105311346/tools/bin/../lib/gcc/arm-none-eabi/9.3.1/../../../../arm-none-eabi/lib/thumb/v7e-m+fp/hard\libc_nano.a(lib_a-impure.o)
 .ARM.attributes
                0x0000000000000486       0x34 d:/00_programowanie/stm32cubeide_1.4.0/stm32cubeide/plugins/com.st.stm32cube.ide.mcu.externaltools.gnu-tools-for-stm32.9-2020-q2-update.win32_2.0.0.202105311346/tools/bin/../lib/gcc/arm-none-eabi/9.3.1/../../../../arm-none-eabi/lib/thumb/v7e-m+fp/hard\libc_nano.a(lib_a-init.o)
 .ARM.attributes
                0x00000000000004ba       0x34 d:/00_programowanie/stm32cubeide_1.4.0/stm32cubeide/plugins/com.st.stm32cube.ide.mcu.externaltools.gnu-tools-for-stm32.9-2020-q2-update.win32_2.0.0.202105311346/tools/bin/../lib/gcc/arm-none-eabi/9.3.1/../../../../arm-none-eabi/lib/thumb/v7e-m+fp/hard\libc_nano.a(lib_a-itoa.o)
 .ARM.attributes
                0x00000000000004ee       0x34 d:/00_programowanie/stm32cubeide_1.4.0/stm32cubeide/plugins/com.st.stm32cube.ide.mcu.externaltools.gnu-tools-for-stm32.9-2020-q2-update.win32_2.0.0.202105311346/tools/bin/../lib/gcc/arm-none-eabi/9.3.1/../../../../arm-none-eabi/lib/thumb/v7e-m+fp/hard\libc_nano.a(lib_a-utoa.o)
 .ARM.attributes
                0x0000000000000522       0x34 d:/00_programowanie/stm32cubeide_1.4.0/stm32cubeide/plugins/com.st.stm32cube.ide.mcu.externaltools.gnu-tools-for-stm32.9-2020-q2-update.win32_2.0.0.202105311346/tools/bin/../lib/gcc/arm-none-eabi/9.3.1/../../../../arm-none-eabi/lib/thumb/v7e-m+fp/hard\libm.a(lib_a-w_sqrt.o)
 .ARM.attributes
                0x0000000000000556       0x34 d:/00_programowanie/stm32cubeide_1.4.0/stm32cubeide/plugins/com.st.stm32cube.ide.mcu.externaltools.gnu-tools-for-stm32.9-2020-q2-update.win32_2.0.0.202105311346/tools/bin/../lib/gcc/arm-none-eabi/9.3.1/../../../../arm-none-eabi/lib/thumb/v7e-m+fp/hard\libm.a(lib_a-wf_pow.o)
 .ARM.attributes
                0x000000000000058a       0x34 d:/00_programowanie/stm32cubeide_1.4.0/stm32cubeide/plugins/com.st.stm32cube.ide.mcu.externaltools.gnu-tools-for-stm32.9-2020-q2-update.win32_2.0.0.202105311346/tools/bin/../lib/gcc/arm-none-eabi/9.3.1/../../../../arm-none-eabi/lib/thumb/v7e-m+fp/hard\libm.a(lib_a-e_sqrt.o)
 .ARM.attributes
                0x00000000000005be       0x34 d:/00_programowanie/stm32cubeide_1.4.0/stm32cubeide/plugins/com.st.stm32cube.ide.mcu.externaltools.gnu-tools-for-stm32.9-2020-q2-update.win32_2.0.0.202105311346/tools/bin/../lib/gcc/arm-none-eabi/9.3.1/../../../../arm-none-eabi/lib/thumb/v7e-m+fp/hard\libm.a(lib_a-ef_pow.o)
 .ARM.attributes
                0x00000000000005f2       0x34 d:/00_programowanie/stm32cubeide_1.4.0/stm32cubeide/plugins/com.st.stm32cube.ide.mcu.externaltools.gnu-tools-for-stm32.9-2020-q2-update.win32_2.0.0.202105311346/tools/bin/../lib/gcc/arm-none-eabi/9.3.1/../../../../arm-none-eabi/lib/thumb/v7e-m+fp/hard\libm.a(lib_a-ef_sqrt.o)
 .ARM.attributes
                0x0000000000000626       0x32 d:/00_programowanie/stm32cubeide_1.4.0/stm32cubeide/plugins/com.st.stm32cube.ide.mcu.externaltools.gnu-tools-for-stm32.9-2020-q2-update.win32_2.0.0.202105311346/tools/bin/../lib/gcc/arm-none-eabi/9.3.1/../../../../arm-none-eabi/lib/thumb/v7e-m+fp/hard\libm.a(lib_a-s_lib_ver.o)
 .ARM.attributes
                0x0000000000000658       0x34 d:/00_programowanie/stm32cubeide_1.4.0/stm32cubeide/plugins/com.st.stm32cube.ide.mcu.externaltools.gnu-tools-for-stm32.9-2020-q2-update.win32_2.0.0.202105311346/tools/bin/../lib/gcc/arm-none-eabi/9.3.1/../../../../arm-none-eabi/lib/thumb/v7e-m+fp/hard\libm.a(lib_a-sf_fabs.o)
 .ARM.attributes
                0x000000000000068c       0x34 d:/00_programowanie/stm32cubeide_1.4.0/stm32cubeide/plugins/com.st.stm32cube.ide.mcu.externaltools.gnu-tools-for-stm32.9-2020-q2-update.win32_2.0.0.202105311346/tools/bin/../lib/gcc/arm-none-eabi/9.3.1/../../../../arm-none-eabi/lib/thumb/v7e-m+fp/hard\libm.a(lib_a-sf_finite.o)
 .ARM.attributes
                0x00000000000006c0       0x34 d:/00_programowanie/stm32cubeide_1.4.0/stm32cubeide/plugins/com.st.stm32cube.ide.mcu.externaltools.gnu-tools-for-stm32.9-2020-q2-update.win32_2.0.0.202105311346/tools/bin/../lib/gcc/arm-none-eabi/9.3.1/../../../../arm-none-eabi/lib/thumb/v7e-m+fp/hard\libm.a(lib_a-sf_nan.o)
 .ARM.attributes
                0x00000000000006f4       0x34 d:/00_programowanie/stm32cubeide_1.4.0/stm32cubeide/plugins/com.st.stm32cube.ide.mcu.externaltools.gnu-tools-for-stm32.9-2020-q2-update.win32_2.0.0.202105311346/tools/bin/../lib/gcc/arm-none-eabi/9.3.1/../../../../arm-none-eabi/lib/thumb/v7e-m+fp/hard\libm.a(lib_a-sf_rint.o)
 .ARM.attributes
                0x0000000000000728       0x34 d:/00_programowanie/stm32cubeide_1.4.0/stm32cubeide/plugins/com.st.stm32cube.ide.mcu.externaltools.gnu-tools-for-stm32.9-2020-q2-update.win32_2.0.0.202105311346/tools/bin/../lib/gcc/arm-none-eabi/9.3.1/../../../../arm-none-eabi/lib/thumb/v7e-m+fp/hard\libm.a(lib_a-sf_scalbn.o)
 .ARM.attributes
                0x000000000000075c       0x34 d:/00_programowanie/stm32cubeide_1.4.0/stm32cubeide/plugins/com.st.stm32cube.ide.mcu.externaltools.gnu-tools-for-stm32.9-2020-q2-update.win32_2.0.0.202105311346/tools/bin/../lib/gcc/arm-none-eabi/9.3.1/../../../../arm-none-eabi/lib/thumb/v7e-m+fp/hard\libc_nano.a(lib_a-errno.o)
 .ARM.attributes
                0x0000000000000790       0x1e d:/00_programowanie/stm32cubeide_1.4.0/stm32cubeide/plugins/com.st.stm32cube.ide.mcu.externaltools.gnu-tools-for-stm32.9-2020-q2-update.win32_2.0.0.202105311346/tools/bin/../lib/gcc/arm-none-eabi/9.3.1/thumb/v7e-m+fp/hard\libgcc.a(_arm_addsubdf3.o)
 .ARM.attributes
                0x00000000000007ae       0x1e d:/00_programowanie/stm32cubeide_1.4.0/stm32cubeide/plugins/com.st.stm32cube.ide.mcu.externaltools.gnu-tools-for-stm32.9-2020-q2-update.win32_2.0.0.202105311346/tools/bin/../lib/gcc/arm-none-eabi/9.3.1/thumb/v7e-m+fp/hard\libgcc.a(_arm_muldivdf3.o)
 .ARM.attributes
                0x00000000000007cc       0x1e d:/00_programowanie/stm32cubeide_1.4.0/stm32cubeide/plugins/com.st.stm32cube.ide.mcu.externaltools.gnu-tools-for-stm32.9-2020-q2-update.win32_2.0.0.202105311346/tools/bin/../lib/gcc/arm-none-eabi/9.3.1/thumb/v7e-m+fp/hard\libgcc.a(_arm_cmpdf2.o)
 .ARM.attributes
                0x00000000000007ea       0x1e d:/00_programowanie/stm32cubeide_1.4.0/stm32cubeide/plugins/com.st.stm32cube.ide.mcu.externaltools.gnu-tools-for-stm32.9-2020-q2-update.win32_2.0.0.202105311346/tools/bin/../lib/gcc/arm-none-eabi/9.3.1/thumb/v7e-m+fp/hard\libgcc.a(_arm_unorddf2.o)
 .ARM.attributes
                0x0000000000000808       0x1e d:/00_programowanie/stm32cubeide_1.4.0/stm32cubeide/plugins/com.st.stm32cube.ide.mcu.externaltools.gnu-tools-for-stm32.9-2020-q2-update.win32_2.0.0.202105311346/tools/bin/../lib/gcc/arm-none-eabi/9.3.1/thumb/v7e-m+fp/hard\libgcc.a(_arm_truncdfsf2.o)
 .ARM.attributes
                0x0000000000000826       0x1e d:/00_programowanie/stm32cubeide_1.4.0/stm32cubeide/plugins/com.st.stm32cube.ide.mcu.externaltools.gnu-tools-for-stm32.9-2020-q2-update.win32_2.0.0.202105311346/tools/bin/../lib/gcc/arm-none-eabi/9.3.1/thumb/v7e-m+fp/hard/crtn.o
OUTPUT(STM32L412KBx_CID_REG_SSD1306_test.elf elf32-littlearm)
LOAD linker stubs
LOAD d:/00_programowanie/stm32cubeide_1.4.0/stm32cubeide/plugins/com.st.stm32cube.ide.mcu.externaltools.gnu-tools-for-stm32.9-2020-q2-update.win32_2.0.0.202105311346/tools/bin/../lib/gcc/arm-none-eabi/9.3.1/../../../../arm-none-eabi/lib/thumb/v7e-m+fp/hard\libc.a
LOAD d:/00_programowanie/stm32cubeide_1.4.0/stm32cubeide/plugins/com.st.stm32cube.ide.mcu.externaltools.gnu-tools-for-stm32.9-2020-q2-update.win32_2.0.0.202105311346/tools/bin/../lib/gcc/arm-none-eabi/9.3.1/../../../../arm-none-eabi/lib/thumb/v7e-m+fp/hard\libm.a
LOAD d:/00_programowanie/stm32cubeide_1.4.0/stm32cubeide/plugins/com.st.stm32cube.ide.mcu.externaltools.gnu-tools-for-stm32.9-2020-q2-update.win32_2.0.0.202105311346/tools/bin/../lib/gcc/arm-none-eabi/9.3.1/thumb/v7e-m+fp/hard\libgcc.a

.debug_info     0x0000000000000000    0x16b46
 .debug_info    0x0000000000000000     0x2288 ./Core/Src/REGmain.o
 .debug_info    0x0000000000002288       0xba ./Core/Src/stm32l4xx_it.o
 .debug_info    0x0000000000002342      0x5fe ./Core/Src/system_stm32l4xx.o
 .debug_info    0x0000000000002940     0x2035 ./Core/Src/libs/sw_i2c_simple_v2.o
 .debug_info    0x0000000000004975     0x294d ./Core/Src/libs/sw_mpu6050.o
 .debug_info    0x00000000000072c2      0xce0 ./Core/Src/libs/sw_rcc.o
 .debug_info    0x0000000000007fa2     0x1cb0 ./Core/Src/libs/sw_vcnl4010.o
 .debug_info    0x0000000000009c52     0x27b8 ./Core/Src/libs/MK_GESTURE_PAJ7620/mk_paj7620.o
 .debug_info    0x000000000000c40a     0x1303 ./Core/Src/libs/SW_BOARD/sw_gpio.o
 .debug_info    0x000000000000d70d     0x1176 ./Core/Src/libs/SW_BOARD/sw_led_blink_debug.o
 .debug_info    0x000000000000e883      0xb6a ./Core/Src/libs/SW_GRAPHICS/SW_FONTS/MicrosoftSansSerif8ptFont_pl.o
 .debug_info    0x000000000000f3ed      0x221 ./Core/Src/libs/SW_GRAPHICS/SW_SSD1306/framebuffer.o
 .debug_info    0x000000000000f60e     0x2530 ./Core/Src/libs/SW_GRAPHICS/SW_SSD1306/sw_ssd1306_v1.o
 .debug_info    0x0000000000011b3e      0xff9 ./Core/Src/libs/SW_GRAPHICS/displays.o
 .debug_info    0x0000000000012b37      0x172 ./Core/Src/libs/SW_GRAPHICS/fonts_pl.o
 .debug_info    0x0000000000012ca9     0x18c8 ./Core/Src/libs/SW_GRAPHICS/text.o
 .debug_info    0x0000000000014571      0x4ca ./Core/Src/libs/SW_STM_PERIPHS/sw_dma.o
 .debug_info    0x0000000000014a3b     0x1b4c ./Core/Src/libs/SW_STM_PERIPHS/sw_spi.v2.o
 .debug_info    0x0000000000016587      0x59d ./Core/Src/libs/SW_TIMERS/sw_soft_timers.o
 .debug_info    0x0000000000016b24       0x22 ./Core/Startup/startup_stm32l412kbux.o

.debug_abbrev   0x0000000000000000     0x2817
 .debug_abbrev  0x0000000000000000      0x2be ./Core/Src/REGmain.o
 .debug_abbrev  0x00000000000002be       0x31 ./Core/Src/stm32l4xx_it.o
 .debug_abbrev  0x00000000000002ef      0x129 ./Core/Src/system_stm32l4xx.o
 .debug_abbrev  0x0000000000000418      0x320 ./Core/Src/libs/sw_i2c_simple_v2.o
 .debug_abbrev  0x0000000000000738      0x374 ./Core/Src/libs/sw_mpu6050.o
 .debug_abbrev  0x0000000000000aac      0x21a ./Core/Src/libs/sw_rcc.o
 .debug_abbrev  0x0000000000000cc6      0x2cf ./Core/Src/libs/sw_vcnl4010.o
 .debug_abbrev  0x0000000000000f95      0x386 ./Core/Src/libs/MK_GESTURE_PAJ7620/mk_paj7620.o
 .debug_abbrev  0x000000000000131b      0x17e ./Core/Src/libs/SW_BOARD/sw_gpio.o
 .debug_abbrev  0x0000000000001499      0x1a9 ./Core/Src/libs/SW_BOARD/sw_led_blink_debug.o
 .debug_abbrev  0x0000000000001642      0x1b4 ./Core/Src/libs/SW_GRAPHICS/SW_FONTS/MicrosoftSansSerif8ptFont_pl.o
 .debug_abbrev  0x00000000000017f6       0xe1 ./Core/Src/libs/SW_GRAPHICS/SW_SSD1306/framebuffer.o
 .debug_abbrev  0x00000000000018d7      0x381 ./Core/Src/libs/SW_GRAPHICS/SW_SSD1306/sw_ssd1306_v1.o
 .debug_abbrev  0x0000000000001c58      0x263 ./Core/Src/libs/SW_GRAPHICS/displays.o
 .debug_abbrev  0x0000000000001ebb       0xc4 ./Core/Src/libs/SW_GRAPHICS/fonts_pl.o
 .debug_abbrev  0x0000000000001f7f      0x300 ./Core/Src/libs/SW_GRAPHICS/text.o
 .debug_abbrev  0x000000000000227f      0x112 ./Core/Src/libs/SW_STM_PERIPHS/sw_dma.o
 .debug_abbrev  0x0000000000002391      0x311 ./Core/Src/libs/SW_STM_PERIPHS/sw_spi.v2.o
 .debug_abbrev  0x00000000000026a2      0x163 ./Core/Src/libs/SW_TIMERS/sw_soft_timers.o
 .debug_abbrev  0x0000000000002805       0x12 ./Core/Startup/startup_stm32l412kbux.o

.debug_aranges  0x0000000000000000      0x828
 .debug_aranges
                0x0000000000000000       0x50 ./Core/Src/REGmain.o
 .debug_aranges
                0x0000000000000050       0x58 ./Core/Src/stm32l4xx_it.o
 .debug_aranges
                0x00000000000000a8       0x28 ./Core/Src/system_stm32l4xx.o
 .debug_aranges
                0x00000000000000d0       0x70 ./Core/Src/libs/sw_i2c_simple_v2.o
 .debug_aranges
                0x0000000000000140      0x220 ./Core/Src/libs/sw_mpu6050.o
 .debug_aranges
                0x0000000000000360       0x30 ./Core/Src/libs/sw_rcc.o
 .debug_aranges
                0x0000000000000390       0x90 ./Core/Src/libs/sw_vcnl4010.o
 .debug_aranges
                0x0000000000000420       0x88 ./Core/Src/libs/MK_GESTURE_PAJ7620/mk_paj7620.o
 .debug_aranges
                0x00000000000004a8       0x40 ./Core/Src/libs/SW_BOARD/sw_gpio.o
 .debug_aranges
                0x00000000000004e8       0x58 ./Core/Src/libs/SW_BOARD/sw_led_blink_debug.o
 .debug_aranges
                0x0000000000000540       0x18 ./Core/Src/libs/SW_GRAPHICS/SW_FONTS/MicrosoftSansSerif8ptFont_pl.o
 .debug_aranges
                0x0000000000000558       0x28 ./Core/Src/libs/SW_GRAPHICS/SW_SSD1306/framebuffer.o
 .debug_aranges
                0x0000000000000580       0x70 ./Core/Src/libs/SW_GRAPHICS/SW_SSD1306/sw_ssd1306_v1.o
 .debug_aranges
                0x00000000000005f0       0x58 ./Core/Src/libs/SW_GRAPHICS/displays.o
 .debug_aranges
                0x0000000000000648       0x20 ./Core/Src/libs/SW_GRAPHICS/fonts_pl.o
 .debug_aranges
                0x0000000000000668       0xa8 ./Core/Src/libs/SW_GRAPHICS/text.o
 .debug_aranges
                0x0000000000000710       0x30 ./Core/Src/libs/SW_STM_PERIPHS/sw_dma.o
 .debug_aranges
                0x0000000000000740       0x78 ./Core/Src/libs/SW_STM_PERIPHS/sw_spi.v2.o
 .debug_aranges
                0x00000000000007b8       0x48 ./Core/Src/libs/SW_TIMERS/sw_soft_timers.o
 .debug_aranges
                0x0000000000000800       0x28 ./Core/Startup/startup_stm32l412kbux.o

.debug_ranges   0x0000000000000000      0x6e8
 .debug_ranges  0x0000000000000000       0x40 ./Core/Src/REGmain.o
 .debug_ranges  0x0000000000000040       0x48 ./Core/Src/stm32l4xx_it.o
 .debug_ranges  0x0000000000000088       0x18 ./Core/Src/system_stm32l4xx.o
 .debug_ranges  0x00000000000000a0       0x60 ./Core/Src/libs/sw_i2c_simple_v2.o
 .debug_ranges  0x0000000000000100      0x210 ./Core/Src/libs/sw_mpu6050.o
 .debug_ranges  0x0000000000000310       0x20 ./Core/Src/libs/sw_rcc.o
 .debug_ranges  0x0000000000000330       0x80 ./Core/Src/libs/sw_vcnl4010.o
 .debug_ranges  0x00000000000003b0       0x78 ./Core/Src/libs/MK_GESTURE_PAJ7620/mk_paj7620.o
 .debug_ranges  0x0000000000000428       0x30 ./Core/Src/libs/SW_BOARD/sw_gpio.o
 .debug_ranges  0x0000000000000458       0x48 ./Core/Src/libs/SW_BOARD/sw_led_blink_debug.o
 .debug_ranges  0x00000000000004a0       0x18 ./Core/Src/libs/SW_GRAPHICS/SW_SSD1306/framebuffer.o
 .debug_ranges  0x00000000000004b8       0x60 ./Core/Src/libs/SW_GRAPHICS/SW_SSD1306/sw_ssd1306_v1.o
 .debug_ranges  0x0000000000000518       0x48 ./Core/Src/libs/SW_GRAPHICS/displays.o
 .debug_ranges  0x0000000000000560       0x10 ./Core/Src/libs/SW_GRAPHICS/fonts_pl.o
 .debug_ranges  0x0000000000000570       0x98 ./Core/Src/libs/SW_GRAPHICS/text.o
 .debug_ranges  0x0000000000000608       0x20 ./Core/Src/libs/SW_STM_PERIPHS/sw_dma.o
 .debug_ranges  0x0000000000000628       0x68 ./Core/Src/libs/SW_STM_PERIPHS/sw_spi.v2.o
 .debug_ranges  0x0000000000000690       0x38 ./Core/Src/libs/SW_TIMERS/sw_soft_timers.o
 .debug_ranges  0x00000000000006c8       0x20 ./Core/Startup/startup_stm32l412kbux.o

.debug_macro    0x0000000000000000    0x13898
 .debug_macro   0x0000000000000000      0x2a8 ./Core/Src/REGmain.o
 .debug_macro   0x00000000000002a8      0xac0 ./Core/Src/REGmain.o
 .debug_macro   0x0000000000000d68       0x10 ./Core/Src/REGmain.o
 .debug_macro   0x0000000000000d78       0x28 ./Core/Src/REGmain.o
 .debug_macro   0x0000000000000da0       0x28 ./Core/Src/REGmain.o
 .debug_macro   0x0000000000000dc8       0x22 ./Core/Src/REGmain.o
 .debug_macro   0x0000000000000dea       0x8e ./Core/Src/REGmain.o
 .debug_macro   0x0000000000000e78       0x51 ./Core/Src/REGmain.o
 .debug_macro   0x0000000000000ec9      0x103 ./Core/Src/REGmain.o
 .debug_macro   0x0000000000000fcc       0x6a ./Core/Src/REGmain.o
 .debug_macro   0x0000000000001036      0x1df ./Core/Src/REGmain.o
 .debug_macro   0x0000000000001215       0x1c ./Core/Src/REGmain.o
 .debug_macro   0x0000000000001231       0x22 ./Core/Src/REGmain.o
 .debug_macro   0x0000000000001253      0x101 ./Core/Src/REGmain.o
 .debug_macro   0x0000000000001354     0x1011 ./Core/Src/REGmain.o
 .debug_macro   0x0000000000002365      0x11f ./Core/Src/REGmain.o
 .debug_macro   0x0000000000002484     0xe4aa ./Core/Src/REGmain.o
 .debug_macro   0x000000000001092e       0x43 ./Core/Src/REGmain.o
 .debug_macro   0x0000000000010971       0x1c ./Core/Src/REGmain.o
 .debug_macro   0x000000000001098d       0x22 ./Core/Src/REGmain.o
 .debug_macro   0x00000000000109af       0x34 ./Core/Src/REGmain.o
 .debug_macro   0x00000000000109e3       0x2e ./Core/Src/REGmain.o
 .debug_macro   0x0000000000010a11       0x28 ./Core/Src/REGmain.o
 .debug_macro   0x0000000000010a39       0x28 ./Core/Src/REGmain.o
 .debug_macro   0x0000000000010a61       0x94 ./Core/Src/REGmain.o
 .debug_macro   0x0000000000010af5       0x10 ./Core/Src/REGmain.o
 .debug_macro   0x0000000000010b05       0x28 ./Core/Src/REGmain.o
 .debug_macro   0x0000000000010b2d       0x52 ./Core/Src/REGmain.o
 .debug_macro   0x0000000000010b7f       0x18 ./Core/Src/REGmain.o
 .debug_macro   0x0000000000010b97       0x3c ./Core/Src/REGmain.o
 .debug_macro   0x0000000000010bd3       0x34 ./Core/Src/REGmain.o
 .debug_macro   0x0000000000010c07      0x174 ./Core/Src/REGmain.o
 .debug_macro   0x0000000000010d7b       0x16 ./Core/Src/REGmain.o
 .debug_macro   0x0000000000010d91       0x43 ./Core/Src/REGmain.o
 .debug_macro   0x0000000000010dd4       0x34 ./Core/Src/REGmain.o
 .debug_macro   0x0000000000010e08       0x10 ./Core/Src/REGmain.o
 .debug_macro   0x0000000000010e18       0x58 ./Core/Src/REGmain.o
 .debug_macro   0x0000000000010e70       0x71 ./Core/Src/REGmain.o
 .debug_macro   0x0000000000010ee1       0x1c ./Core/Src/REGmain.o
 .debug_macro   0x0000000000010efd      0x12a ./Core/Src/REGmain.o
 .debug_macro   0x0000000000011027      0x333 ./Core/Src/REGmain.o
 .debug_macro   0x000000000001135a      0x1a9 ./Core/Src/REGmain.o
 .debug_macro   0x0000000000011503      0x130 ./Core/Src/REGmain.o
 .debug_macro   0x0000000000011633       0x16 ./Core/Src/REGmain.o
 .debug_macro   0x0000000000011649       0x35 ./Core/Src/REGmain.o
 .debug_macro   0x000000000001167e       0x16 ./Core/Src/REGmain.o
 .debug_macro   0x0000000000011694       0x29 ./Core/Src/REGmain.o
 .debug_macro   0x00000000000116bd       0x22 ./Core/Src/REGmain.o
 .debug_macro   0x00000000000116df       0x16 ./Core/Src/REGmain.o
 .debug_macro   0x00000000000116f5       0x2e ./Core/Src/REGmain.o
 .debug_macro   0x0000000000011723      0x124 ./Core/Src/REGmain.o
 .debug_macro   0x0000000000011847      0x167 ./Core/Src/REGmain.o
 .debug_macro   0x00000000000119ae      0x112 ./Core/Src/REGmain.o
 .debug_macro   0x0000000000011ac0       0x2e ./Core/Src/REGmain.o
 .debug_macro   0x0000000000011aee       0x9a ./Core/Src/REGmain.o
 .debug_macro   0x0000000000011b88       0x1b ./Core/Src/stm32l4xx_it.o
 .debug_macro   0x0000000000011ba3       0xd3 ./Core/Src/system_stm32l4xx.o
 .debug_macro   0x0000000000011c76      0x121 ./Core/Src/libs/sw_i2c_simple_v2.o
 .debug_macro   0x0000000000011d97      0x20a ./Core/Src/libs/sw_mpu6050.o
 .debug_macro   0x0000000000011fa1       0xe4 ./Core/Src/libs/sw_rcc.o
 .debug_macro   0x0000000000012085      0x120 ./Core/Src/libs/sw_vcnl4010.o
 .debug_macro   0x00000000000121a5      0x2a2 ./Core/Src/libs/MK_GESTURE_PAJ7620/mk_paj7620.o
 .debug_macro   0x0000000000012447       0x16 ./Core/Src/libs/MK_GESTURE_PAJ7620/mk_paj7620.o
 .debug_macro   0x000000000001245d       0x97 ./Core/Src/libs/MK_GESTURE_PAJ7620/mk_paj7620.o
 .debug_macro   0x00000000000124f4       0xfd ./Core/Src/libs/MK_GESTURE_PAJ7620/mk_paj7620.o
 .debug_macro   0x00000000000125f1       0x10 ./Core/Src/libs/MK_GESTURE_PAJ7620/mk_paj7620.o
 .debug_macro   0x0000000000012601       0x10 ./Core/Src/libs/MK_GESTURE_PAJ7620/mk_paj7620.o
 .debug_macro   0x0000000000012611       0x1c ./Core/Src/libs/MK_GESTURE_PAJ7620/mk_paj7620.o
 .debug_macro   0x000000000001262d       0x52 ./Core/Src/libs/MK_GESTURE_PAJ7620/mk_paj7620.o
 .debug_macro   0x000000000001267f       0x22 ./Core/Src/libs/MK_GESTURE_PAJ7620/mk_paj7620.o
 .debug_macro   0x00000000000126a1       0x10 ./Core/Src/libs/MK_GESTURE_PAJ7620/mk_paj7620.o
 .debug_macro   0x00000000000126b1       0x40 ./Core/Src/libs/MK_GESTURE_PAJ7620/mk_paj7620.o
 .debug_macro   0x00000000000126f1       0xd5 ./Core/Src/libs/MK_GESTURE_PAJ7620/mk_paj7620.o
 .debug_macro   0x00000000000127c6       0x1c ./Core/Src/libs/MK_GESTURE_PAJ7620/mk_paj7620.o
 .debug_macro   0x00000000000127e2       0x3d ./Core/Src/libs/MK_GESTURE_PAJ7620/mk_paj7620.o
 .debug_macro   0x000000000001281f       0x16 ./Core/Src/libs/MK_GESTURE_PAJ7620/mk_paj7620.o
 .debug_macro   0x0000000000012835      0x145 ./Core/Src/libs/MK_GESTURE_PAJ7620/mk_paj7620.o
 .debug_macro   0x000000000001297a      0x105 ./Core/Src/libs/SW_BOARD/sw_gpio.o
 .debug_macro   0x0000000000012a7f      0x118 ./Core/Src/libs/SW_BOARD/sw_led_blink_debug.o
 .debug_macro   0x0000000000012b97      0x13d ./Core/Src/libs/SW_GRAPHICS/SW_FONTS/MicrosoftSansSerif8ptFont_pl.o
 .debug_macro   0x0000000000012cd4       0x84 ./Core/Src/libs/SW_GRAPHICS/SW_SSD1306/framebuffer.o
 .debug_macro   0x0000000000012d58       0x46 ./Core/Src/libs/SW_GRAPHICS/SW_SSD1306/framebuffer.o
 .debug_macro   0x0000000000012d9e      0x219 ./Core/Src/libs/SW_GRAPHICS/SW_SSD1306/sw_ssd1306_v1.o
 .debug_macro   0x0000000000012fb7      0x1dd ./Core/Src/libs/SW_GRAPHICS/displays.o
 .debug_macro   0x0000000000013194       0x7b ./Core/Src/libs/SW_GRAPHICS/fonts_pl.o
 .debug_macro   0x000000000001320f      0x2b3 ./Core/Src/libs/SW_GRAPHICS/text.o
 .debug_macro   0x00000000000134c2       0x10 ./Core/Src/libs/SW_GRAPHICS/text.o
 .debug_macro   0x00000000000134d2       0xe4 ./Core/Src/libs/SW_STM_PERIPHS/sw_dma.o
 .debug_macro   0x00000000000135b6      0x120 ./Core/Src/libs/SW_STM_PERIPHS/sw_spi.v2.o
 .debug_macro   0x00000000000136d6       0x40 ./Core/Src/libs/SW_STM_PERIPHS/sw_spi.v2.o
 .debug_macro   0x0000000000013716       0x6a ./Core/Src/libs/SW_STM_PERIPHS/sw_spi.v2.o
 .debug_macro   0x0000000000013780      0x118 ./Core/Src/libs/SW_TIMERS/sw_soft_timers.o

.debug_line     0x0000000000000000     0xb86d
 .debug_line    0x0000000000000000      0xbe2 ./Core/Src/REGmain.o
 .debug_line    0x0000000000000be2      0x172 ./Core/Src/stm32l4xx_it.o
 .debug_line    0x0000000000000d54      0x64e ./Core/Src/system_stm32l4xx.o
 .debug_line    0x00000000000013a2     0x12cc ./Core/Src/libs/sw_i2c_simple_v2.o
 .debug_line    0x000000000000266e     0x1298 ./Core/Src/libs/sw_mpu6050.o
 .debug_line    0x0000000000003906      0x750 ./Core/Src/libs/sw_rcc.o
 .debug_line    0x0000000000004056      0x95d ./Core/Src/libs/sw_vcnl4010.o
 .debug_line    0x00000000000049b3      0xe7d ./Core/Src/libs/MK_GESTURE_PAJ7620/mk_paj7620.o
 .debug_line    0x0000000000005830      0x731 ./Core/Src/libs/SW_BOARD/sw_gpio.o
 .debug_line    0x0000000000005f61      0x7be ./Core/Src/libs/SW_BOARD/sw_led_blink_debug.o
 .debug_line    0x000000000000671f      0x677 ./Core/Src/libs/SW_GRAPHICS/SW_FONTS/MicrosoftSansSerif8ptFont_pl.o
 .debug_line    0x0000000000006d96      0x4a1 ./Core/Src/libs/SW_GRAPHICS/SW_SSD1306/framebuffer.o
 .debug_line    0x0000000000007237      0xc36 ./Core/Src/libs/SW_GRAPHICS/SW_SSD1306/sw_ssd1306_v1.o
 .debug_line    0x0000000000007e6d      0xb6e ./Core/Src/libs/SW_GRAPHICS/displays.o
 .debug_line    0x00000000000089db      0x479 ./Core/Src/libs/SW_GRAPHICS/fonts_pl.o
 .debug_line    0x0000000000008e54      0xf3d ./Core/Src/libs/SW_GRAPHICS/text.o
 .debug_line    0x0000000000009d91      0x6eb ./Core/Src/libs/SW_STM_PERIPHS/sw_dma.o
 .debug_line    0x000000000000a47c      0xb69 ./Core/Src/libs/SW_STM_PERIPHS/sw_spi.v2.o
 .debug_line    0x000000000000afe5      0x801 ./Core/Src/libs/SW_TIMERS/sw_soft_timers.o
 .debug_line    0x000000000000b7e6       0x87 ./Core/Startup/startup_stm32l412kbux.o

.debug_str      0x0000000000000000    0x69486
 .debug_str     0x0000000000000000    0x657d3 ./Core/Src/REGmain.o
                                      0x65b4f (size before relaxing)
 .debug_str     0x00000000000657d3       0xad ./Core/Src/stm32l4xx_it.o
                                       0x2ec6 (size before relaxing)
 .debug_str     0x0000000000065880      0x20b ./Core/Src/system_stm32l4xx.o
                                      0x5cf3b (size before relaxing)
 .debug_str     0x0000000000065a8b      0x267 ./Core/Src/libs/sw_i2c_simple_v2.o
                                      0x5fe6d (size before relaxing)
 .debug_str     0x0000000000065cf2      0xa8d ./Core/Src/libs/sw_mpu6050.o
                                      0x649b4 (size before relaxing)
 .debug_str     0x000000000006677f      0x54a ./Core/Src/libs/sw_rcc.o
                                      0x5d5b8 (size before relaxing)
 .debug_str     0x0000000000066cc9      0x28c ./Core/Src/libs/sw_vcnl4010.o
                                      0x605d0 (size before relaxing)
 .debug_str     0x0000000000066f55     0x12b9 ./Core/Src/libs/MK_GESTURE_PAJ7620/mk_paj7620.o
                                      0x64e36 (size before relaxing)
 .debug_str     0x000000000006820e       0x7f ./Core/Src/libs/SW_BOARD/sw_gpio.o
                                      0x5f794 (size before relaxing)
 .debug_str     0x000000000006828d       0xe6 ./Core/Src/libs/SW_BOARD/sw_led_blink_debug.o
                                      0x5f7f1 (size before relaxing)
 .debug_str     0x0000000000068373       0x8b ./Core/Src/libs/SW_GRAPHICS/SW_FONTS/MicrosoftSansSerif8ptFont_pl.o
                                       0x768c (size before relaxing)
 .debug_str     0x00000000000683fe      0x222 ./Core/Src/libs/SW_GRAPHICS/SW_SSD1306/framebuffer.o
                                       0x40eb (size before relaxing)
 .debug_str     0x0000000000068620      0x17e ./Core/Src/libs/SW_GRAPHICS/SW_SSD1306/sw_ssd1306_v1.o
                                      0x64cef (size before relaxing)
 .debug_str     0x000000000006879e      0x145 ./Core/Src/libs/SW_GRAPHICS/displays.o
                                      0x61985 (size before relaxing)
 .debug_str     0x00000000000688e3       0x49 ./Core/Src/libs/SW_GRAPHICS/fonts_pl.o
                                       0x411e (size before relaxing)
 .debug_str     0x000000000006892c      0x32f ./Core/Src/libs/SW_GRAPHICS/text.o
                                      0x62411 (size before relaxing)
 .debug_str     0x0000000000068c5b       0xa7 ./Core/Src/libs/SW_STM_PERIPHS/sw_dma.o
                                      0x5d02f (size before relaxing)
 .debug_str     0x0000000000068d02      0x5ef ./Core/Src/libs/SW_STM_PERIPHS/sw_spi.v2.o
                                      0x602a9 (size before relaxing)
 .debug_str     0x00000000000692f1      0x15f ./Core/Src/libs/SW_TIMERS/sw_soft_timers.o
                                      0x5d4ad (size before relaxing)
 .debug_str     0x0000000000069450       0x36 ./Core/Startup/startup_stm32l412kbux.o
                                         0xa2 (size before relaxing)

.comment        0x0000000000000000       0x53
 .comment       0x0000000000000000       0x53 ./Core/Src/REGmain.o
                                         0x54 (size before relaxing)
 .comment       0x0000000000000053       0x54 ./Core/Src/stm32l4xx_it.o
 .comment       0x0000000000000053       0x54 ./Core/Src/system_stm32l4xx.o
 .comment       0x0000000000000053       0x54 ./Core/Src/libs/sw_i2c_simple_v2.o
 .comment       0x0000000000000053       0x54 ./Core/Src/libs/sw_mpu6050.o
 .comment       0x0000000000000053       0x54 ./Core/Src/libs/sw_rcc.o
 .comment       0x0000000000000053       0x54 ./Core/Src/libs/sw_vcnl4010.o
 .comment       0x0000000000000053       0x54 ./Core/Src/libs/MK_GESTURE_PAJ7620/mk_paj7620.o
 .comment       0x0000000000000053       0x54 ./Core/Src/libs/SW_BOARD/sw_gpio.o
 .comment       0x0000000000000053       0x54 ./Core/Src/libs/SW_BOARD/sw_led_blink_debug.o
 .comment       0x0000000000000053       0x54 ./Core/Src/libs/SW_GRAPHICS/SW_FONTS/MicrosoftSansSerif8ptFont_pl.o
 .comment       0x0000000000000053       0x54 ./Core/Src/libs/SW_GRAPHICS/SW_SSD1306/framebuffer.o
 .comment       0x0000000000000053       0x54 ./Core/Src/libs/SW_GRAPHICS/SW_SSD1306/sw_ssd1306_v1.o
 .comment       0x0000000000000053       0x54 ./Core/Src/libs/SW_GRAPHICS/displays.o
 .comment       0x0000000000000053       0x54 ./Core/Src/libs/SW_GRAPHICS/fonts_pl.o
 .comment       0x0000000000000053       0x54 ./Core/Src/libs/SW_GRAPHICS/text.o
 .comment       0x0000000000000053       0x54 ./Core/Src/libs/SW_STM_PERIPHS/sw_dma.o
 .comment       0x0000000000000053       0x54 ./Core/Src/libs/SW_STM_PERIPHS/sw_spi.v2.o
 .comment       0x0000000000000053       0x54 ./Core/Src/libs/SW_TIMERS/sw_soft_timers.o

.debug_frame    0x0000000000000000     0x2158
 .debug_frame   0x0000000000000000      0x108 ./Core/Src/REGmain.o
 .debug_frame   0x0000000000000108       0xe8 ./Core/Src/stm32l4xx_it.o
 .debug_frame   0x00000000000001f0       0x58 ./Core/Src/system_stm32l4xx.o
 .debug_frame   0x0000000000000248      0x1b4 ./Core/Src/libs/sw_i2c_simple_v2.o
 .debug_frame   0x00000000000003fc      0x8a4 ./Core/Src/libs/sw_mpu6050.o
 .debug_frame   0x0000000000000ca0       0x80 ./Core/Src/libs/sw_rcc.o
 .debug_frame   0x0000000000000d20      0x228 ./Core/Src/libs/sw_vcnl4010.o
 .debug_frame   0x0000000000000f48      0x21c ./Core/Src/libs/MK_GESTURE_PAJ7620/mk_paj7620.o
 .debug_frame   0x0000000000001164       0xd0 ./Core/Src/libs/SW_BOARD/sw_gpio.o
 .debug_frame   0x0000000000001234      0x108 ./Core/Src/libs/SW_BOARD/sw_led_blink_debug.o
 .debug_frame   0x000000000000133c       0x54 ./Core/Src/libs/SW_GRAPHICS/SW_SSD1306/framebuffer.o
 .debug_frame   0x0000000000001390      0x1b8 ./Core/Src/libs/SW_GRAPHICS/SW_SSD1306/sw_ssd1306_v1.o
 .debug_frame   0x0000000000001548      0x144 ./Core/Src/libs/SW_GRAPHICS/displays.o
 .debug_frame   0x000000000000168c       0x38 ./Core/Src/libs/SW_GRAPHICS/fonts_pl.o
 .debug_frame   0x00000000000016c4      0x2c8 ./Core/Src/libs/SW_GRAPHICS/text.o
 .debug_frame   0x000000000000198c       0x88 ./Core/Src/libs/SW_STM_PERIPHS/sw_dma.o
 .debug_frame   0x0000000000001a14      0x1a4 ./Core/Src/libs/SW_STM_PERIPHS/sw_spi.v2.o
 .debug_frame   0x0000000000001bb8       0xe0 ./Core/Src/libs/SW_TIMERS/sw_soft_timers.o
 .debug_frame   0x0000000000001c98       0x2c d:/00_programowanie/stm32cubeide_1.4.0/stm32cubeide/plugins/com.st.stm32cube.ide.mcu.externaltools.gnu-tools-for-stm32.9-2020-q2-update.win32_2.0.0.202105311346/tools/bin/../lib/gcc/arm-none-eabi/9.3.1/../../../../arm-none-eabi/lib/thumb/v7e-m+fp/hard\libc_nano.a(lib_a-init.o)
 .debug_frame   0x0000000000001cc4       0x38 d:/00_programowanie/stm32cubeide_1.4.0/stm32cubeide/plugins/com.st.stm32cube.ide.mcu.externaltools.gnu-tools-for-stm32.9-2020-q2-update.win32_2.0.0.202105311346/tools/bin/../lib/gcc/arm-none-eabi/9.3.1/../../../../arm-none-eabi/lib/thumb/v7e-m+fp/hard\libc_nano.a(lib_a-itoa.o)
 .debug_frame   0x0000000000001cfc       0x48 d:/00_programowanie/stm32cubeide_1.4.0/stm32cubeide/plugins/com.st.stm32cube.ide.mcu.externaltools.gnu-tools-for-stm32.9-2020-q2-update.win32_2.0.0.202105311346/tools/bin/../lib/gcc/arm-none-eabi/9.3.1/../../../../arm-none-eabi/lib/thumb/v7e-m+fp/hard\libc_nano.a(lib_a-utoa.o)
 .debug_frame   0x0000000000001d44       0x3c d:/00_programowanie/stm32cubeide_1.4.0/stm32cubeide/plugins/com.st.stm32cube.ide.mcu.externaltools.gnu-tools-for-stm32.9-2020-q2-update.win32_2.0.0.202105311346/tools/bin/../lib/gcc/arm-none-eabi/9.3.1/../../../../arm-none-eabi/lib/thumb/v7e-m+fp/hard\libm.a(lib_a-w_sqrt.o)
 .debug_frame   0x0000000000001d80       0x44 d:/00_programowanie/stm32cubeide_1.4.0/stm32cubeide/plugins/com.st.stm32cube.ide.mcu.externaltools.gnu-tools-for-stm32.9-2020-q2-update.win32_2.0.0.202105311346/tools/bin/../lib/gcc/arm-none-eabi/9.3.1/../../../../arm-none-eabi/lib/thumb/v7e-m+fp/hard\libm.a(lib_a-wf_pow.o)
 .debug_frame   0x0000000000001dc4       0x30 d:/00_programowanie/stm32cubeide_1.4.0/stm32cubeide/plugins/com.st.stm32cube.ide.mcu.externaltools.gnu-tools-for-stm32.9-2020-q2-update.win32_2.0.0.202105311346/tools/bin/../lib/gcc/arm-none-eabi/9.3.1/../../../../arm-none-eabi/lib/thumb/v7e-m+fp/hard\libm.a(lib_a-e_sqrt.o)
 .debug_frame   0x0000000000001df4       0x68 d:/00_programowanie/stm32cubeide_1.4.0/stm32cubeide/plugins/com.st.stm32cube.ide.mcu.externaltools.gnu-tools-for-stm32.9-2020-q2-update.win32_2.0.0.202105311346/tools/bin/../lib/gcc/arm-none-eabi/9.3.1/../../../../arm-none-eabi/lib/thumb/v7e-m+fp/hard\libm.a(lib_a-ef_pow.o)
 .debug_frame   0x0000000000001e5c       0x20 d:/00_programowanie/stm32cubeide_1.4.0/stm32cubeide/plugins/com.st.stm32cube.ide.mcu.externaltools.gnu-tools-for-stm32.9-2020-q2-update.win32_2.0.0.202105311346/tools/bin/../lib/gcc/arm-none-eabi/9.3.1/../../../../arm-none-eabi/lib/thumb/v7e-m+fp/hard\libm.a(lib_a-ef_sqrt.o)
 .debug_frame   0x0000000000001e7c       0x20 d:/00_programowanie/stm32cubeide_1.4.0/stm32cubeide/plugins/com.st.stm32cube.ide.mcu.externaltools.gnu-tools-for-stm32.9-2020-q2-update.win32_2.0.0.202105311346/tools/bin/../lib/gcc/arm-none-eabi/9.3.1/../../../../arm-none-eabi/lib/thumb/v7e-m+fp/hard\libm.a(lib_a-sf_fabs.o)
 .debug_frame   0x0000000000001e9c       0x28 d:/00_programowanie/stm32cubeide_1.4.0/stm32cubeide/plugins/com.st.stm32cube.ide.mcu.externaltools.gnu-tools-for-stm32.9-2020-q2-update.win32_2.0.0.202105311346/tools/bin/../lib/gcc/arm-none-eabi/9.3.1/../../../../arm-none-eabi/lib/thumb/v7e-m+fp/hard\libm.a(lib_a-sf_finite.o)
 .debug_frame   0x0000000000001ec4       0x20 d:/00_programowanie/stm32cubeide_1.4.0/stm32cubeide/plugins/com.st.stm32cube.ide.mcu.externaltools.gnu-tools-for-stm32.9-2020-q2-update.win32_2.0.0.202105311346/tools/bin/../lib/gcc/arm-none-eabi/9.3.1/../../../../arm-none-eabi/lib/thumb/v7e-m+fp/hard\libm.a(lib_a-sf_nan.o)
 .debug_frame   0x0000000000001ee4       0x30 d:/00_programowanie/stm32cubeide_1.4.0/stm32cubeide/plugins/com.st.stm32cube.ide.mcu.externaltools.gnu-tools-for-stm32.9-2020-q2-update.win32_2.0.0.202105311346/tools/bin/../lib/gcc/arm-none-eabi/9.3.1/../../../../arm-none-eabi/lib/thumb/v7e-m+fp/hard\libm.a(lib_a-sf_rint.o)
 .debug_frame   0x0000000000001f14       0x20 d:/00_programowanie/stm32cubeide_1.4.0/stm32cubeide/plugins/com.st.stm32cube.ide.mcu.externaltools.gnu-tools-for-stm32.9-2020-q2-update.win32_2.0.0.202105311346/tools/bin/../lib/gcc/arm-none-eabi/9.3.1/../../../../arm-none-eabi/lib/thumb/v7e-m+fp/hard\libm.a(lib_a-sf_scalbn.o)
 .debug_frame   0x0000000000001f34       0x20 d:/00_programowanie/stm32cubeide_1.4.0/stm32cubeide/plugins/com.st.stm32cube.ide.mcu.externaltools.gnu-tools-for-stm32.9-2020-q2-update.win32_2.0.0.202105311346/tools/bin/../lib/gcc/arm-none-eabi/9.3.1/../../../../arm-none-eabi/lib/thumb/v7e-m+fp/hard\libc_nano.a(lib_a-errno.o)
 .debug_frame   0x0000000000001f54       0xac d:/00_programowanie/stm32cubeide_1.4.0/stm32cubeide/plugins/com.st.stm32cube.ide.mcu.externaltools.gnu-tools-for-stm32.9-2020-q2-update.win32_2.0.0.202105311346/tools/bin/../lib/gcc/arm-none-eabi/9.3.1/thumb/v7e-m+fp/hard\libgcc.a(_arm_addsubdf3.o)
 .debug_frame   0x0000000000002000       0x50 d:/00_programowanie/stm32cubeide_1.4.0/stm32cubeide/plugins/com.st.stm32cube.ide.mcu.externaltools.gnu-tools-for-stm32.9-2020-q2-update.win32_2.0.0.202105311346/tools/bin/../lib/gcc/arm-none-eabi/9.3.1/thumb/v7e-m+fp/hard\libgcc.a(_arm_muldivdf3.o)
 .debug_frame   0x0000000000002050       0xc4 d:/00_programowanie/stm32cubeide_1.4.0/stm32cubeide/plugins/com.st.stm32cube.ide.mcu.externaltools.gnu-tools-for-stm32.9-2020-q2-update.win32_2.0.0.202105311346/tools/bin/../lib/gcc/arm-none-eabi/9.3.1/thumb/v7e-m+fp/hard\libgcc.a(_arm_cmpdf2.o)
 .debug_frame   0x0000000000002114       0x20 d:/00_programowanie/stm32cubeide_1.4.0/stm32cubeide/plugins/com.st.stm32cube.ide.mcu.externaltools.gnu-tools-for-stm32.9-2020-q2-update.win32_2.0.0.202105311346/tools/bin/../lib/gcc/arm-none-eabi/9.3.1/thumb/v7e-m+fp/hard\libgcc.a(_arm_unorddf2.o)